<?xml version="1.0" encoding="utf-8"?>
<TestRun id="4160b2a5-b6c5-46ca-9e52-82a82c524ca9" name="@sam-tools01 2024-06-14 14:53:56" xmlns="http://microsoft.com/schemas/VisualStudio/TeamTest/2010">
  <Times creation="2024-06-14T14:53:56.1363993+05:30" queuing="2024-06-14T14:53:56.1363994+05:30" start="2024-06-14T14:53:54.0263134+05:30" finish="2024-06-14T14:53:56.3226716+05:30" />
  <TestSettings name="default" id="42ceaf21-b01a-4920-a9e7-216dd26e4287">
    <Deployment runDeploymentRoot="_sam-tools01_2024-06-14_14_53_56" />
  </TestSettings>
  <Results>
    <UnitTestResult executionId="58ca2e39-3259-446e-8ca4-4bc37379943e" testId="69fd4db5-601b-4649-841e-372b44871bea" testName="TestCompareIntersightObjectNtpPolicyNegative" computerName="sam-tools01" duration="00:00:00.0008663" startTime="2024-06-14T14:53:55.6163375+05:30" endTime="2024-06-14T14:53:55.6175281+05:30" testType="13cdc9d9-ddb5-4fa4-a97d-d965ccfc6d4b" outcome="Passed" testListId="8c84fa94-04c1-424b-9868-57a2d4851a1d" relativeResultsDirectory="58ca2e39-3259-446e-8ca4-4bc37379943e" />
    <UnitTestResult executionId="9066a5aa-d70e-4cdb-8649-09186c4c0d17" testId="f801495d-2c41-4d63-bf1e-99ff1d3eacf8" testName="TestCompareListMorefNegative" computerName="sam-tools01" duration="00:00:00.0006644" startTime="2024-06-14T14:53:56.0159868+05:30" endTime="2024-06-14T14:53:56.0167940+05:30" testType="13cdc9d9-ddb5-4fa4-a97d-d965ccfc6d4b" outcome="Passed" testListId="8c84fa94-04c1-424b-9868-57a2d4851a1d" relativeResultsDirectory="9066a5aa-d70e-4cdb-8649-09186c4c0d17" />
    <UnitTestResult executionId="80115a5a-9433-4900-9055-fa80f1e583f7" testId="be4dc8d6-be62-4376-9d3f-9ade54de5101" testName="TestCompareListForBootDeviceNegative" computerName="sam-tools01" duration="00:00:00.0021965" startTime="2024-06-14T14:53:56.0206656+05:30" endTime="2024-06-14T14:53:56.0230213+05:30" testType="13cdc9d9-ddb5-4fa4-a97d-d965ccfc6d4b" outcome="Passed" testListId="8c84fa94-04c1-424b-9868-57a2d4851a1d" relativeResultsDirectory="80115a5a-9433-4900-9055-fa80f1e583f7" />
    <UnitTestResult executionId="e04fe36f-292e-4543-afa3-899cc184ed46" testId="e99c5e89-d46e-48e5-afcb-980b2f13d071" testName="TestCompareListIntNegative" computerName="sam-tools01" duration="00:00:00.0003927" startTime="2024-06-14T14:53:55.9346651+05:30" endTime="2024-06-14T14:53:55.9352193+05:30" testType="13cdc9d9-ddb5-4fa4-a97d-d965ccfc6d4b" outcome="Passed" testListId="8c84fa94-04c1-424b-9868-57a2d4851a1d" relativeResultsDirectory="e04fe36f-292e-4543-afa3-899cc184ed46" />
    <UnitTestResult executionId="ef73457e-bbd7-4067-ba07-758e932905ea" testId="86055b08-7720-40ae-9e2a-16e8bff975df" testName="TestCompareListMoref" computerName="sam-tools01" duration="00:00:00.0029458" startTime="2024-06-14T14:53:56.0128570+05:30" endTime="2024-06-14T14:53:56.0159384+05:30" testType="13cdc9d9-ddb5-4fa4-a97d-d965ccfc6d4b" outcome="Passed" testListId="8c84fa94-04c1-424b-9868-57a2d4851a1d" relativeResultsDirectory="ef73457e-bbd7-4067-ba07-758e932905ea" />
    <UnitTestResult executionId="1fff33a0-46e9-43ff-9416-e391b2115048" testId="b203d3b6-8d55-43c9-baf8-758f127a1e4c" testName="TestCompareDictionaryNegative" computerName="sam-tools01" duration="00:00:00.0003834" startTime="2024-06-14T14:53:56.0323725+05:30" endTime="2024-06-14T14:53:56.0329051+05:30" testType="13cdc9d9-ddb5-4fa4-a97d-d965ccfc6d4b" outcome="Passed" testListId="8c84fa94-04c1-424b-9868-57a2d4851a1d" relativeResultsDirectory="1fff33a0-46e9-43ff-9416-e391b2115048" />
    <UnitTestResult executionId="c1fe0209-e3ab-4cd2-96bc-ae842abd10c3" testId="0b49a1d0-8939-4875-9585-d4afea3e39c7" testName="TestCompareListBool" computerName="sam-tools01" duration="00:00:00.0042557" startTime="2024-06-14T14:53:55.9352725+05:30" endTime="2024-06-14T14:53:55.9396749+05:30" testType="13cdc9d9-ddb5-4fa4-a97d-d965ccfc6d4b" outcome="Passed" testListId="8c84fa94-04c1-424b-9868-57a2d4851a1d" relativeResultsDirectory="c1fe0209-e3ab-4cd2-96bc-ae842abd10c3" />
    <UnitTestResult executionId="1a70efad-3348-4855-8b88-e8b14b0af427" testId="8e3fdd1e-df48-45cd-9dc9-14b15e4e7195" testName="TestCompareListInt" computerName="sam-tools01" duration="00:00:00.0067046" startTime="2024-06-14T14:53:55.9277306+05:30" endTime="2024-06-14T14:53:55.9346130+05:30" testType="13cdc9d9-ddb5-4fa4-a97d-d965ccfc6d4b" outcome="Passed" testListId="8c84fa94-04c1-424b-9868-57a2d4851a1d" relativeResultsDirectory="1a70efad-3348-4855-8b88-e8b14b0af427" />
    <UnitTestResult executionId="78384f77-f65a-4c66-aad4-cad1a556291c" testId="570784af-e93a-4abd-b9b0-71ecf5e09e31" testName="TestCompareIntersightObjectOrganizationNegative" computerName="sam-tools01" duration="00:00:00.0003933" startTime="2024-06-14T14:53:55.6528199+05:30" endTime="2024-06-14T14:53:55.6533870+05:30" testType="13cdc9d9-ddb5-4fa4-a97d-d965ccfc6d4b" outcome="Passed" testListId="8c84fa94-04c1-424b-9868-57a2d4851a1d" relativeResultsDirectory="78384f77-f65a-4c66-aad4-cad1a556291c" />
    <UnitTestResult executionId="5a4b73a7-d5ca-4b8c-9efc-40cddae1196a" testId="c851bff2-87b1-4be1-b520-1099a3d095f1" testName="TestCompareListMoTagNegative" computerName="sam-tools01" duration="00:00:00.0005054" startTime="2024-06-14T14:53:56.0257951+05:30" endTime="2024-06-14T14:53:56.0264364+05:30" testType="13cdc9d9-ddb5-4fa4-a97d-d965ccfc6d4b" outcome="Passed" testListId="8c84fa94-04c1-424b-9868-57a2d4851a1d" relativeResultsDirectory="5a4b73a7-d5ca-4b8c-9efc-40cddae1196a" />
    <UnitTestResult executionId="09a56576-717c-4ae4-bfa3-79a16671a84f" testId="b5e7e057-20c3-4941-8ef9-97dc9492552b" testName="TestCompareIntersightObjectNtpPolicy" computerName="sam-tools01" duration="00:00:00.4046515" startTime="2024-06-14T14:53:55.1641777+05:30" endTime="2024-06-14T14:53:55.5999591+05:30" testType="13cdc9d9-ddb5-4fa4-a97d-d965ccfc6d4b" outcome="Passed" testListId="8c84fa94-04c1-424b-9868-57a2d4851a1d" relativeResultsDirectory="09a56576-717c-4ae4-bfa3-79a16671a84f" />
    <UnitTestResult executionId="b63dab4a-8b5c-4749-9165-769f24f1a00d" testId="83f81451-2b7c-426f-9cf1-167573f814ed" testName="TestCompareListMoTag" computerName="sam-tools01" duration="00:00:00.0014413" startTime="2024-06-14T14:53:56.0241403+05:30" endTime="2024-06-14T14:53:56.0257296+05:30" testType="13cdc9d9-ddb5-4fa4-a97d-d965ccfc6d4b" outcome="Passed" testListId="8c84fa94-04c1-424b-9868-57a2d4851a1d" relativeResultsDirectory="b63dab4a-8b5c-4749-9165-769f24f1a00d" />
    <UnitTestResult executionId="39692844-375f-4b38-8e80-0228eeef061c" testId="bcee9159-2105-4002-92f3-12b58f5a9a9c" testName="TestCompareListStringNegative" computerName="sam-tools01" duration="00:00:00.0003618" startTime="2024-06-14T14:53:56.0122847+05:30" endTime="2024-06-14T14:53:56.0127942+05:30" testType="13cdc9d9-ddb5-4fa4-a97d-d965ccfc6d4b" outcome="Passed" testListId="8c84fa94-04c1-424b-9868-57a2d4851a1d" relativeResultsDirectory="39692844-375f-4b38-8e80-0228eeef061c" />
    <UnitTestResult executionId="fd5800b4-1f6b-4c50-8d51-1d1b8b9a4523" testId="da80dec4-9a3a-4311-bcff-f109c964e0f9" testName="TestCompareIntersightObjectBootPrecisionPolicy" computerName="sam-tools01" duration="00:00:00.2474150" startTime="2024-06-14T14:53:55.6534413+05:30" endTime="2024-06-14T14:53:55.9010764+05:30" testType="13cdc9d9-ddb5-4fa4-a97d-d965ccfc6d4b" outcome="Passed" testListId="8c84fa94-04c1-424b-9868-57a2d4851a1d" relativeResultsDirectory="fd5800b4-1f6b-4c50-8d51-1d1b8b9a4523" />
    <UnitTestResult executionId="d7bf2f4e-e309-457d-80d7-8e04016374eb" testId="61c389e2-4e81-498a-8d01-cf99f3a0a867" testName="TestCompareListForBootDevice" computerName="sam-tools01" duration="00:00:00.0036327" startTime="2024-06-14T14:53:56.0168413+05:30" endTime="2024-06-14T14:53:56.0206122+05:30" testType="13cdc9d9-ddb5-4fa4-a97d-d965ccfc6d4b" outcome="Passed" testListId="8c84fa94-04c1-424b-9868-57a2d4851a1d" relativeResultsDirectory="d7bf2f4e-e309-457d-80d7-8e04016374eb" />
    <UnitTestResult executionId="1cebeadb-d417-4bf6-8423-0378d28f8706" testId="78b741ae-ebd4-49fa-a19a-b8b9491aeb74" testName="TestCompareDictionaryComplexObject" computerName="sam-tools01" duration="00:00:00.1682032" startTime="2024-06-14T14:53:56.0329530+05:30" endTime="2024-06-14T14:53:56.2016716+05:30" testType="13cdc9d9-ddb5-4fa4-a97d-d965ccfc6d4b" outcome="Passed" testListId="8c84fa94-04c1-424b-9868-57a2d4851a1d" relativeResultsDirectory="1cebeadb-d417-4bf6-8423-0378d28f8706" />
    <UnitTestResult executionId="dcd3311e-f478-4ac3-b055-49364156f373" testId="1c1305a4-110a-48c0-8e4a-d92a8066082f" testName="TestCompareDictionary" computerName="sam-tools01" duration="00:00:00.0019305" startTime="2024-06-14T14:53:56.0302369+05:30" endTime="2024-06-14T14:53:56.0323176+05:30" testType="13cdc9d9-ddb5-4fa4-a97d-d965ccfc6d4b" outcome="Passed" testListId="8c84fa94-04c1-424b-9868-57a2d4851a1d" relativeResultsDirectory="dcd3311e-f478-4ac3-b055-49364156f373" />
    <UnitTestResult executionId="ebca5bd0-4ca3-455a-9cce-6af73c7fd8f7" testId="41caee9a-8cf1-4f62-8ed0-f8e33a62c9d8" testName="TestCompareListForBootDeviceNegative2" computerName="sam-tools01" duration="00:00:00.0008298" startTime="2024-06-14T14:53:56.0230793+05:30" endTime="2024-06-14T14:53:56.0240921+05:30" testType="13cdc9d9-ddb5-4fa4-a97d-d965ccfc6d4b" outcome="Passed" testListId="8c84fa94-04c1-424b-9868-57a2d4851a1d" relativeResultsDirectory="ebca5bd0-4ca3-455a-9cce-6af73c7fd8f7" />
    <UnitTestResult executionId="210b762d-2cef-4ea1-ae1c-f11e969982d4" testId="ae0c9731-aa4e-4e24-92e5-8d5ecf4e0abb" testName="TestCompareIntersightObjectOrganization" computerName="sam-tools01" duration="00:00:00.0349603" startTime="2024-06-14T14:53:55.6176208+05:30" endTime="2024-06-14T14:53:55.6527402+05:30" testType="13cdc9d9-ddb5-4fa4-a97d-d965ccfc6d4b" outcome="Passed" testListId="8c84fa94-04c1-424b-9868-57a2d4851a1d" relativeResultsDirectory="210b762d-2cef-4ea1-ae1c-f11e969982d4" />
    <UnitTestResult executionId="c70dbded-9daa-4f56-84c8-66618ea37032" testId="b8deeff3-35b4-4bed-bd7c-dfbe7628d962" testName="TestCompareIntersightObjectBootPrecisionPolicyNegative" computerName="sam-tools01" duration="00:00:00.0261293" startTime="2024-06-14T14:53:55.9012442+05:30" endTime="2024-06-14T14:53:55.9276602+05:30" testType="13cdc9d9-ddb5-4fa4-a97d-d965ccfc6d4b" outcome="Passed" testListId="8c84fa94-04c1-424b-9868-57a2d4851a1d" relativeResultsDirectory="c70dbded-9daa-4f56-84c8-66618ea37032" />
    <UnitTestResult executionId="ab52759a-86aa-4d0d-89a8-a11dbcb3dcb5" testId="9be32662-5052-4d71-a366-12802a30d085" testName="TestCompareListString" computerName="sam-tools01" duration="00:00:00.0016222" startTime="2024-06-14T14:53:56.0104347+05:30" endTime="2024-06-14T14:53:56.0122280+05:30" testType="13cdc9d9-ddb5-4fa4-a97d-d965ccfc6d4b" outcome="Passed" testListId="8c84fa94-04c1-424b-9868-57a2d4851a1d" relativeResultsDirectory="ab52759a-86aa-4d0d-89a8-a11dbcb3dcb5" />
  </Results>
  <TestDefinitions>
    <UnitTest name="TestCompareListIntNegative" storage="/home/jenkins/workspace/release-is-powershell-module/src/github.com/cisco-intersight/powershell-generator-intersight/generated/intersight.powershell_1.0.11.17227/src/intersight.powershelltest/bin/debug/net6.0/intersight.powershelltest.dll" id="e99c5e89-d46e-48e5-afcb-980b2f13d071">
      <Execution id="e04fe36f-292e-4543-afa3-899cc184ed46" />
      <TestMethod codeBase="/home/jenkins/workspace/Release-IS-Powershell-Module/src/github.com/cisco-intersight/powershell-generator-intersight/generated/Intersight.PowerShell_1.0.11.17227/src/Intersight.PowerShellTest/bin/Debug/net6.0/Intersight.PowerShellTest.dll" adapterTypeName="executor://mstestadapter/v2" className="Intersight.PowerShellTest.PSUtilsTest" name="TestCompareListIntNegative" />
    </UnitTest>
    <UnitTest name="TestCompareListInt" storage="/home/jenkins/workspace/release-is-powershell-module/src/github.com/cisco-intersight/powershell-generator-intersight/generated/intersight.powershell_1.0.11.17227/src/intersight.powershelltest/bin/debug/net6.0/intersight.powershelltest.dll" id="8e3fdd1e-df48-45cd-9dc9-14b15e4e7195">
      <Execution id="1a70efad-3348-4855-8b88-e8b14b0af427" />
      <TestMethod codeBase="/home/jenkins/workspace/Release-IS-Powershell-Module/src/github.com/cisco-intersight/powershell-generator-intersight/generated/Intersight.PowerShell_1.0.11.17227/src/Intersight.PowerShellTest/bin/Debug/net6.0/Intersight.PowerShellTest.dll" adapterTypeName="executor://mstestadapter/v2" className="Intersight.PowerShellTest.PSUtilsTest" name="TestCompareListInt" />
    </UnitTest>
    <UnitTest name="TestCompareIntersightObjectBootPrecisionPolicyNegative" storage="/home/jenkins/workspace/release-is-powershell-module/src/github.com/cisco-intersight/powershell-generator-intersight/generated/intersight.powershell_1.0.11.17227/src/intersight.powershelltest/bin/debug/net6.0/intersight.powershelltest.dll" id="b8deeff3-35b4-4bed-bd7c-dfbe7628d962">
      <Execution id="c70dbded-9daa-4f56-84c8-66618ea37032" />
      <TestMethod codeBase="/home/jenkins/workspace/Release-IS-Powershell-Module/src/github.com/cisco-intersight/powershell-generator-intersight/generated/Intersight.PowerShell_1.0.11.17227/src/Intersight.PowerShellTest/bin/Debug/net6.0/Intersight.PowerShellTest.dll" adapterTypeName="executor://mstestadapter/v2" className="Intersight.PowerShellTest.PSUtilsTest" name="TestCompareIntersightObjectBootPrecisionPolicyNegative" />
    </UnitTest>
    <UnitTest name="TestCompareDictionaryNegative" storage="/home/jenkins/workspace/release-is-powershell-module/src/github.com/cisco-intersight/powershell-generator-intersight/generated/intersight.powershell_1.0.11.17227/src/intersight.powershelltest/bin/debug/net6.0/intersight.powershelltest.dll" id="b203d3b6-8d55-43c9-baf8-758f127a1e4c">
      <Execution id="1fff33a0-46e9-43ff-9416-e391b2115048" />
      <TestMethod codeBase="/home/jenkins/workspace/Release-IS-Powershell-Module/src/github.com/cisco-intersight/powershell-generator-intersight/generated/Intersight.PowerShell_1.0.11.17227/src/Intersight.PowerShellTest/bin/Debug/net6.0/Intersight.PowerShellTest.dll" adapterTypeName="executor://mstestadapter/v2" className="Intersight.PowerShellTest.PSUtilsTest" name="TestCompareDictionaryNegative" />
    </UnitTest>
    <UnitTest name="TestCompareListForBootDevice" storage="/home/jenkins/workspace/release-is-powershell-module/src/github.com/cisco-intersight/powershell-generator-intersight/generated/intersight.powershell_1.0.11.17227/src/intersight.powershelltest/bin/debug/net6.0/intersight.powershelltest.dll" id="61c389e2-4e81-498a-8d01-cf99f3a0a867">
      <Execution id="d7bf2f4e-e309-457d-80d7-8e04016374eb" />
      <TestMethod codeBase="/home/jenkins/workspace/Release-IS-Powershell-Module/src/github.com/cisco-intersight/powershell-generator-intersight/generated/Intersight.PowerShell_1.0.11.17227/src/Intersight.PowerShellTest/bin/Debug/net6.0/Intersight.PowerShellTest.dll" adapterTypeName="executor://mstestadapter/v2" className="Intersight.PowerShellTest.PSUtilsTest" name="TestCompareListForBootDevice" />
    </UnitTest>
    <UnitTest name="TestCompareIntersightObjectOrganization" storage="/home/jenkins/workspace/release-is-powershell-module/src/github.com/cisco-intersight/powershell-generator-intersight/generated/intersight.powershell_1.0.11.17227/src/intersight.powershelltest/bin/debug/net6.0/intersight.powershelltest.dll" id="ae0c9731-aa4e-4e24-92e5-8d5ecf4e0abb">
      <Execution id="210b762d-2cef-4ea1-ae1c-f11e969982d4" />
      <TestMethod codeBase="/home/jenkins/workspace/Release-IS-Powershell-Module/src/github.com/cisco-intersight/powershell-generator-intersight/generated/Intersight.PowerShell_1.0.11.17227/src/Intersight.PowerShellTest/bin/Debug/net6.0/Intersight.PowerShellTest.dll" adapterTypeName="executor://mstestadapter/v2" className="Intersight.PowerShellTest.PSUtilsTest" name="TestCompareIntersightObjectOrganization" />
    </UnitTest>
    <UnitTest name="TestCompareListMoTag" storage="/home/jenkins/workspace/release-is-powershell-module/src/github.com/cisco-intersight/powershell-generator-intersight/generated/intersight.powershell_1.0.11.17227/src/intersight.powershelltest/bin/debug/net6.0/intersight.powershelltest.dll" id="83f81451-2b7c-426f-9cf1-167573f814ed">
      <Execution id="b63dab4a-8b5c-4749-9165-769f24f1a00d" />
      <TestMethod codeBase="/home/jenkins/workspace/Release-IS-Powershell-Module/src/github.com/cisco-intersight/powershell-generator-intersight/generated/Intersight.PowerShell_1.0.11.17227/src/Intersight.PowerShellTest/bin/Debug/net6.0/Intersight.PowerShellTest.dll" adapterTypeName="executor://mstestadapter/v2" className="Intersight.PowerShellTest.PSUtilsTest" name="TestCompareListMoTag" />
    </UnitTest>
    <UnitTest name="TestCompareIntersightObjectNtpPolicyNegative" storage="/home/jenkins/workspace/release-is-powershell-module/src/github.com/cisco-intersight/powershell-generator-intersight/generated/intersight.powershell_1.0.11.17227/src/intersight.powershelltest/bin/debug/net6.0/intersight.powershelltest.dll" id="69fd4db5-601b-4649-841e-372b44871bea">
      <Execution id="58ca2e39-3259-446e-8ca4-4bc37379943e" />
      <TestMethod codeBase="/home/jenkins/workspace/Release-IS-Powershell-Module/src/github.com/cisco-intersight/powershell-generator-intersight/generated/Intersight.PowerShell_1.0.11.17227/src/Intersight.PowerShellTest/bin/Debug/net6.0/Intersight.PowerShellTest.dll" adapterTypeName="executor://mstestadapter/v2" className="Intersight.PowerShellTest.PSUtilsTest" name="TestCompareIntersightObjectNtpPolicyNegative" />
    </UnitTest>
    <UnitTest name="TestCompareListStringNegative" storage="/home/jenkins/workspace/release-is-powershell-module/src/github.com/cisco-intersight/powershell-generator-intersight/generated/intersight.powershell_1.0.11.17227/src/intersight.powershelltest/bin/debug/net6.0/intersight.powershelltest.dll" id="bcee9159-2105-4002-92f3-12b58f5a9a9c">
      <Execution id="39692844-375f-4b38-8e80-0228eeef061c" />
      <TestMethod codeBase="/home/jenkins/workspace/Release-IS-Powershell-Module/src/github.com/cisco-intersight/powershell-generator-intersight/generated/Intersight.PowerShell_1.0.11.17227/src/Intersight.PowerShellTest/bin/Debug/net6.0/Intersight.PowerShellTest.dll" adapterTypeName="executor://mstestadapter/v2" className="Intersight.PowerShellTest.PSUtilsTest" name="TestCompareListStringNegative" />
    </UnitTest>
    <UnitTest name="TestCompareListMoref" storage="/home/jenkins/workspace/release-is-powershell-module/src/github.com/cisco-intersight/powershell-generator-intersight/generated/intersight.powershell_1.0.11.17227/src/intersight.powershelltest/bin/debug/net6.0/intersight.powershelltest.dll" id="86055b08-7720-40ae-9e2a-16e8bff975df">
      <Execution id="ef73457e-bbd7-4067-ba07-758e932905ea" />
      <TestMethod codeBase="/home/jenkins/workspace/Release-IS-Powershell-Module/src/github.com/cisco-intersight/powershell-generator-intersight/generated/Intersight.PowerShell_1.0.11.17227/src/Intersight.PowerShellTest/bin/Debug/net6.0/Intersight.PowerShellTest.dll" adapterTypeName="executor://mstestadapter/v2" className="Intersight.PowerShellTest.PSUtilsTest" name="TestCompareListMoref" />
    </UnitTest>
    <UnitTest name="TestCompareListForBootDeviceNegative" storage="/home/jenkins/workspace/release-is-powershell-module/src/github.com/cisco-intersight/powershell-generator-intersight/generated/intersight.powershell_1.0.11.17227/src/intersight.powershelltest/bin/debug/net6.0/intersight.powershelltest.dll" id="be4dc8d6-be62-4376-9d3f-9ade54de5101">
      <Execution id="80115a5a-9433-4900-9055-fa80f1e583f7" />
      <TestMethod codeBase="/home/jenkins/workspace/Release-IS-Powershell-Module/src/github.com/cisco-intersight/powershell-generator-intersight/generated/Intersight.PowerShell_1.0.11.17227/src/Intersight.PowerShellTest/bin/Debug/net6.0/Intersight.PowerShellTest.dll" adapterTypeName="executor://mstestadapter/v2" className="Intersight.PowerShellTest.PSUtilsTest" name="TestCompareListForBootDeviceNegative" />
    </UnitTest>
    <UnitTest name="TestCompareIntersightObjectBootPrecisionPolicy" storage="/home/jenkins/workspace/release-is-powershell-module/src/github.com/cisco-intersight/powershell-generator-intersight/generated/intersight.powershell_1.0.11.17227/src/intersight.powershelltest/bin/debug/net6.0/intersight.powershelltest.dll" id="da80dec4-9a3a-4311-bcff-f109c964e0f9">
      <Execution id="fd5800b4-1f6b-4c50-8d51-1d1b8b9a4523" />
      <TestMethod codeBase="/home/jenkins/workspace/Release-IS-Powershell-Module/src/github.com/cisco-intersight/powershell-generator-intersight/generated/Intersight.PowerShell_1.0.11.17227/src/Intersight.PowerShellTest/bin/Debug/net6.0/Intersight.PowerShellTest.dll" adapterTypeName="executor://mstestadapter/v2" className="Intersight.PowerShellTest.PSUtilsTest" name="TestCompareIntersightObjectBootPrecisionPolicy" />
    </UnitTest>
    <UnitTest name="TestCompareListString" storage="/home/jenkins/workspace/release-is-powershell-module/src/github.com/cisco-intersight/powershell-generator-intersight/generated/intersight.powershell_1.0.11.17227/src/intersight.powershelltest/bin/debug/net6.0/intersight.powershelltest.dll" id="9be32662-5052-4d71-a366-12802a30d085">
      <Execution id="ab52759a-86aa-4d0d-89a8-a11dbcb3dcb5" />
      <TestMethod codeBase="/home/jenkins/workspace/Release-IS-Powershell-Module/src/github.com/cisco-intersight/powershell-generator-intersight/generated/Intersight.PowerShell_1.0.11.17227/src/Intersight.PowerShellTest/bin/Debug/net6.0/Intersight.PowerShellTest.dll" adapterTypeName="executor://mstestadapter/v2" className="Intersight.PowerShellTest.PSUtilsTest" name="TestCompareListString" />
    </UnitTest>
    <UnitTest name="TestCompareListBool" storage="/home/jenkins/workspace/release-is-powershell-module/src/github.com/cisco-intersight/powershell-generator-intersight/generated/intersight.powershell_1.0.11.17227/src/intersight.powershelltest/bin/debug/net6.0/intersight.powershelltest.dll" id="0b49a1d0-8939-4875-9585-d4afea3e39c7">
      <Execution id="c1fe0209-e3ab-4cd2-96bc-ae842abd10c3" />
      <TestMethod codeBase="/home/jenkins/workspace/Release-IS-Powershell-Module/src/github.com/cisco-intersight/powershell-generator-intersight/generated/Intersight.PowerShell_1.0.11.17227/src/Intersight.PowerShellTest/bin/Debug/net6.0/Intersight.PowerShellTest.dll" adapterTypeName="executor://mstestadapter/v2" className="Intersight.PowerShellTest.PSUtilsTest" name="TestCompareListBool" />
    </UnitTest>
    <UnitTest name="TestCompareIntersightObjectNtpPolicy" storage="/home/jenkins/workspace/release-is-powershell-module/src/github.com/cisco-intersight/powershell-generator-intersight/generated/intersight.powershell_1.0.11.17227/src/intersight.powershelltest/bin/debug/net6.0/intersight.powershelltest.dll" id="b5e7e057-20c3-4941-8ef9-97dc9492552b">
      <Execution id="09a56576-717c-4ae4-bfa3-79a16671a84f" />
      <TestMethod codeBase="/home/jenkins/workspace/Release-IS-Powershell-Module/src/github.com/cisco-intersight/powershell-generator-intersight/generated/Intersight.PowerShell_1.0.11.17227/src/Intersight.PowerShellTest/bin/Debug/net6.0/Intersight.PowerShellTest.dll" adapterTypeName="executor://mstestadapter/v2" className="Intersight.PowerShellTest.PSUtilsTest" name="TestCompareIntersightObjectNtpPolicy" />
    </UnitTest>
    <UnitTest name="TestCompareDictionaryComplexObject" storage="/home/jenkins/workspace/release-is-powershell-module/src/github.com/cisco-intersight/powershell-generator-intersight/generated/intersight.powershell_1.0.11.17227/src/intersight.powershelltest/bin/debug/net6.0/intersight.powershelltest.dll" id="78b741ae-ebd4-49fa-a19a-b8b9491aeb74">
      <Execution id="1cebeadb-d417-4bf6-8423-0378d28f8706" />
      <TestMethod codeBase="/home/jenkins/workspace/Release-IS-Powershell-Module/src/github.com/cisco-intersight/powershell-generator-intersight/generated/Intersight.PowerShell_1.0.11.17227/src/Intersight.PowerShellTest/bin/Debug/net6.0/Intersight.PowerShellTest.dll" adapterTypeName="executor://mstestadapter/v2" className="Intersight.PowerShellTest.PSUtilsTest" name="TestCompareDictionaryComplexObject" />
    </UnitTest>
    <UnitTest name="TestCompareListMoTagNegative" storage="/home/jenkins/workspace/release-is-powershell-module/src/github.com/cisco-intersight/powershell-generator-intersight/generated/intersight.powershell_1.0.11.17227/src/intersight.powershelltest/bin/debug/net6.0/intersight.powershelltest.dll" id="c851bff2-87b1-4be1-b520-1099a3d095f1">
      <Execution id="5a4b73a7-d5ca-4b8c-9efc-40cddae1196a" />
      <TestMethod codeBase="/home/jenkins/workspace/Release-IS-Powershell-Module/src/github.com/cisco-intersight/powershell-generator-intersight/generated/Intersight.PowerShell_1.0.11.17227/src/Intersight.PowerShellTest/bin/Debug/net6.0/Intersight.PowerShellTest.dll" adapterTypeName="executor://mstestadapter/v2" className="Intersight.PowerShellTest.PSUtilsTest" name="TestCompareListMoTagNegative" />
    </UnitTest>
    <UnitTest name="TestCompareIntersightObjectOrganizationNegative" storage="/home/jenkins/workspace/release-is-powershell-module/src/github.com/cisco-intersight/powershell-generator-intersight/generated/intersight.powershell_1.0.11.17227/src/intersight.powershelltest/bin/debug/net6.0/intersight.powershelltest.dll" id="570784af-e93a-4abd-b9b0-71ecf5e09e31">
      <Execution id="78384f77-f65a-4c66-aad4-cad1a556291c" />
      <TestMethod codeBase="/home/jenkins/workspace/Release-IS-Powershell-Module/src/github.com/cisco-intersight/powershell-generator-intersight/generated/Intersight.PowerShell_1.0.11.17227/src/Intersight.PowerShellTest/bin/Debug/net6.0/Intersight.PowerShellTest.dll" adapterTypeName="executor://mstestadapter/v2" className="Intersight.PowerShellTest.PSUtilsTest" name="TestCompareIntersightObjectOrganizationNegative" />
    </UnitTest>
    <UnitTest name="TestCompareDictionary" storage="/home/jenkins/workspace/release-is-powershell-module/src/github.com/cisco-intersight/powershell-generator-intersight/generated/intersight.powershell_1.0.11.17227/src/intersight.powershelltest/bin/debug/net6.0/intersight.powershelltest.dll" id="1c1305a4-110a-48c0-8e4a-d92a8066082f">
      <Execution id="dcd3311e-f478-4ac3-b055-49364156f373" />
      <TestMethod codeBase="/home/jenkins/workspace/Release-IS-Powershell-Module/src/github.com/cisco-intersight/powershell-generator-intersight/generated/Intersight.PowerShell_1.0.11.17227/src/Intersight.PowerShellTest/bin/Debug/net6.0/Intersight.PowerShellTest.dll" adapterTypeName="executor://mstestadapter/v2" className="Intersight.PowerShellTest.PSUtilsTest" name="TestCompareDictionary" />
    </UnitTest>
    <UnitTest name="TestCompareListForBootDeviceNegative2" storage="/home/jenkins/workspace/release-is-powershell-module/src/github.com/cisco-intersight/powershell-generator-intersight/generated/intersight.powershell_1.0.11.17227/src/intersight.powershelltest/bin/debug/net6.0/intersight.powershelltest.dll" id="41caee9a-8cf1-4f62-8ed0-f8e33a62c9d8">
      <Execution id="ebca5bd0-4ca3-455a-9cce-6af73c7fd8f7" />
      <TestMethod codeBase="/home/jenkins/workspace/Release-IS-Powershell-Module/src/github.com/cisco-intersight/powershell-generator-intersight/generated/Intersight.PowerShell_1.0.11.17227/src/Intersight.PowerShellTest/bin/Debug/net6.0/Intersight.PowerShellTest.dll" adapterTypeName="executor://mstestadapter/v2" className="Intersight.PowerShellTest.PSUtilsTest" name="TestCompareListForBootDeviceNegative2" />
    </UnitTest>
    <UnitTest name="TestCompareListMorefNegative" storage="/home/jenkins/workspace/release-is-powershell-module/src/github.com/cisco-intersight/powershell-generator-intersight/generated/intersight.powershell_1.0.11.17227/src/intersight.powershelltest/bin/debug/net6.0/intersight.powershelltest.dll" id="f801495d-2c41-4d63-bf1e-99ff1d3eacf8">
      <Execution id="9066a5aa-d70e-4cdb-8649-09186c4c0d17" />
      <TestMethod codeBase="/home/jenkins/workspace/Release-IS-Powershell-Module/src/github.com/cisco-intersight/powershell-generator-intersight/generated/Intersight.PowerShell_1.0.11.17227/src/Intersight.PowerShellTest/bin/Debug/net6.0/Intersight.PowerShellTest.dll" adapterTypeName="executor://mstestadapter/v2" className="Intersight.PowerShellTest.PSUtilsTest" name="TestCompareListMorefNegative" />
    </UnitTest>
  </TestDefinitions>
  <TestEntries>
    <TestEntry testId="69fd4db5-601b-4649-841e-372b44871bea" executionId="58ca2e39-3259-446e-8ca4-4bc37379943e" testListId="8c84fa94-04c1-424b-9868-57a2d4851a1d" />
    <TestEntry testId="f801495d-2c41-4d63-bf1e-99ff1d3eacf8" executionId="9066a5aa-d70e-4cdb-8649-09186c4c0d17" testListId="8c84fa94-04c1-424b-9868-57a2d4851a1d" />
    <TestEntry testId="be4dc8d6-be62-4376-9d3f-9ade54de5101" executionId="80115a5a-9433-4900-9055-fa80f1e583f7" testListId="8c84fa94-04c1-424b-9868-57a2d4851a1d" />
    <TestEntry testId="e99c5e89-d46e-48e5-afcb-980b2f13d071" executionId="e04fe36f-292e-4543-afa3-899cc184ed46" testListId="8c84fa94-04c1-424b-9868-57a2d4851a1d" />
    <TestEntry testId="86055b08-7720-40ae-9e2a-16e8bff975df" executionId="ef73457e-bbd7-4067-ba07-758e932905ea" testListId="8c84fa94-04c1-424b-9868-57a2d4851a1d" />
    <TestEntry testId="b203d3b6-8d55-43c9-baf8-758f127a1e4c" executionId="1fff33a0-46e9-43ff-9416-e391b2115048" testListId="8c84fa94-04c1-424b-9868-57a2d4851a1d" />
    <TestEntry testId="0b49a1d0-8939-4875-9585-d4afea3e39c7" executionId="c1fe0209-e3ab-4cd2-96bc-ae842abd10c3" testListId="8c84fa94-04c1-424b-9868-57a2d4851a1d" />
    <TestEntry testId="8e3fdd1e-df48-45cd-9dc9-14b15e4e7195" executionId="1a70efad-3348-4855-8b88-e8b14b0af427" testListId="8c84fa94-04c1-424b-9868-57a2d4851a1d" />
    <TestEntry testId="570784af-e93a-4abd-b9b0-71ecf5e09e31" executionId="78384f77-f65a-4c66-aad4-cad1a556291c" testListId="8c84fa94-04c1-424b-9868-57a2d4851a1d" />
    <TestEntry testId="c851bff2-87b1-4be1-b520-1099a3d095f1" executionId="5a4b73a7-d5ca-4b8c-9efc-40cddae1196a" testListId="8c84fa94-04c1-424b-9868-57a2d4851a1d" />
    <TestEntry testId="b5e7e057-20c3-4941-8ef9-97dc9492552b" executionId="09a56576-717c-4ae4-bfa3-79a16671a84f" testListId="8c84fa94-04c1-424b-9868-57a2d4851a1d" />
    <TestEntry testId="83f81451-2b7c-426f-9cf1-167573f814ed" executionId="b63dab4a-8b5c-4749-9165-769f24f1a00d" testListId="8c84fa94-04c1-424b-9868-57a2d4851a1d" />
    <TestEntry testId="bcee9159-2105-4002-92f3-12b58f5a9a9c" executionId="39692844-375f-4b38-8e80-0228eeef061c" testListId="8c84fa94-04c1-424b-9868-57a2d4851a1d" />
    <TestEntry testId="da80dec4-9a3a-4311-bcff-f109c964e0f9" executionId="fd5800b4-1f6b-4c50-8d51-1d1b8b9a4523" testListId="8c84fa94-04c1-424b-9868-57a2d4851a1d" />
    <TestEntry testId="61c389e2-4e81-498a-8d01-cf99f3a0a867" executionId="d7bf2f4e-e309-457d-80d7-8e04016374eb" testListId="8c84fa94-04c1-424b-9868-57a2d4851a1d" />
    <TestEntry testId="78b741ae-ebd4-49fa-a19a-b8b9491aeb74" executionId="1cebeadb-d417-4bf6-8423-0378d28f8706" testListId="8c84fa94-04c1-424b-9868-57a2d4851a1d" />
    <TestEntry testId="1c1305a4-110a-48c0-8e4a-d92a8066082f" executionId="dcd3311e-f478-4ac3-b055-49364156f373" testListId="8c84fa94-04c1-424b-9868-57a2d4851a1d" />
    <TestEntry testId="41caee9a-8cf1-4f62-8ed0-f8e33a62c9d8" executionId="ebca5bd0-4ca3-455a-9cce-6af73c7fd8f7" testListId="8c84fa94-04c1-424b-9868-57a2d4851a1d" />
    <TestEntry testId="ae0c9731-aa4e-4e24-92e5-8d5ecf4e0abb" executionId="210b762d-2cef-4ea1-ae1c-f11e969982d4" testListId="8c84fa94-04c1-424b-9868-57a2d4851a1d" />
    <TestEntry testId="b8deeff3-35b4-4bed-bd7c-dfbe7628d962" executionId="c70dbded-9daa-4f56-84c8-66618ea37032" testListId="8c84fa94-04c1-424b-9868-57a2d4851a1d" />
    <TestEntry testId="9be32662-5052-4d71-a366-12802a30d085" executionId="ab52759a-86aa-4d0d-89a8-a11dbcb3dcb5" testListId="8c84fa94-04c1-424b-9868-57a2d4851a1d" />
  </TestEntries>
  <TestLists>
    <TestList name="Results Not in a List" id="8c84fa94-04c1-424b-9868-57a2d4851a1d" />
    <TestList name="All Loaded Results" id="19431567-8539-422a-85d7-44ee4e166bda" />
  </TestLists>
  <ResultSummary outcome="Completed">
    <Counters total="21" executed="21" passed="21" failed="0" error="0" timeout="0" aborted="0" inconclusive="0" passedButRunAborted="0" notRunnable="0" notExecuted="0" disconnected="0" warning="0" completed="0" inProgress="0" pending="0" />
  </ResultSummary>
</TestRun>