<?xml version="1.0" encoding="utf-8"?>
<TestRun id="c8788d2a-b19c-4357-af4c-82a6f0cc86fc" name="@sam-tools01 2024-09-20 12:00:54" xmlns="http://microsoft.com/schemas/VisualStudio/TeamTest/2010">
  <Times creation="2024-09-20T12:00:54.2571493+05:30" queuing="2024-09-20T12:00:54.2571495+05:30" start="2024-09-20T12:00:51.6325571+05:30" finish="2024-09-20T12:00:54.3770578+05:30" />
  <TestSettings name="default" id="9c97fe2a-1bb2-432a-84f3-f0193cd9f037">
    <Deployment runDeploymentRoot="_sam-tools01_2024-09-20_12_00_54" />
  </TestSettings>
  <Results>
    <UnitTestResult executionId="5309cff8-51ec-432e-8314-4c4215fc1ae2" testId="e93d0435-b5d2-4ded-89c5-9e4c86a735f1" testName="TestCompareListMoTagNegative" computerName="sam-tools01" duration="00:00:00.0005791" startTime="2024-09-20T12:00:54.0484636+05:30" endTime="2024-09-20T12:00:54.0491725+05:30" testType="13cdc9d9-ddb5-4fa4-a97d-d965ccfc6d4b" outcome="Passed" testListId="8c84fa94-04c1-424b-9868-57a2d4851a1d" relativeResultsDirectory="5309cff8-51ec-432e-8314-4c4215fc1ae2" />
    <UnitTestResult executionId="77c9b838-999e-46d7-9884-8bdec0de382f" testId="7b74acc4-d8b3-4547-99d5-33e9091733ac" testName="TestCompareListForBootDevice" computerName="sam-tools01" duration="00:00:00.0037251" startTime="2024-09-20T12:00:54.0354596+05:30" endTime="2024-09-20T12:00:54.0393244+05:30" testType="13cdc9d9-ddb5-4fa4-a97d-d965ccfc6d4b" outcome="Passed" testListId="8c84fa94-04c1-424b-9868-57a2d4851a1d" relativeResultsDirectory="77c9b838-999e-46d7-9884-8bdec0de382f" />
    <UnitTestResult executionId="9d96eaca-7732-459d-b972-16ead3227ff9" testId="fff1fd78-5f41-4cd9-8a1e-f282f50f6c2f" testName="TestCompareListStringNegative" computerName="sam-tools01" duration="00:00:00.0003417" startTime="2024-09-20T12:00:54.0308423+05:30" endTime="2024-09-20T12:00:54.0313222+05:30" testType="13cdc9d9-ddb5-4fa4-a97d-d965ccfc6d4b" outcome="Passed" testListId="8c84fa94-04c1-424b-9868-57a2d4851a1d" relativeResultsDirectory="9d96eaca-7732-459d-b972-16ead3227ff9" />
    <UnitTestResult executionId="ce3c3d85-268f-4121-9f8c-d0d25b22bcf7" testId="855dc515-4261-4968-9e85-6bf6f1f941f9" testName="TestCompareIntersightObjectOrganization" computerName="sam-tools01" duration="00:00:00.0351432" startTime="2024-09-20T12:00:53.6292545+05:30" endTime="2024-09-20T12:00:53.6645589+05:30" testType="13cdc9d9-ddb5-4fa4-a97d-d965ccfc6d4b" outcome="Passed" testListId="8c84fa94-04c1-424b-9868-57a2d4851a1d" relativeResultsDirectory="ce3c3d85-268f-4121-9f8c-d0d25b22bcf7" />
    <UnitTestResult executionId="6041c8a8-a9a8-4070-be26-fbd0f8cf84c7" testId="30befaf4-bda7-4e99-910f-fcd3f73d0aff" testName="TestCompareListBool" computerName="sam-tools01" duration="00:00:00.0043164" startTime="2024-09-20T12:00:54.0244276+05:30" endTime="2024-09-20T12:00:54.0288913+05:30" testType="13cdc9d9-ddb5-4fa4-a97d-d965ccfc6d4b" outcome="Passed" testListId="8c84fa94-04c1-424b-9868-57a2d4851a1d" relativeResultsDirectory="6041c8a8-a9a8-4070-be26-fbd0f8cf84c7" />
    <UnitTestResult executionId="8778b60f-62b5-48df-9220-996d8c9d2090" testId="850542fb-d33c-4a88-a259-45970bd502d7" testName="TestCompareListIntNegative" computerName="sam-tools01" duration="00:00:00.0003657" startTime="2024-09-20T12:00:54.0238510+05:30" endTime="2024-09-20T12:00:54.0243652+05:30" testType="13cdc9d9-ddb5-4fa4-a97d-d965ccfc6d4b" outcome="Passed" testListId="8c84fa94-04c1-424b-9868-57a2d4851a1d" relativeResultsDirectory="8778b60f-62b5-48df-9220-996d8c9d2090" />
    <UnitTestResult executionId="b25df667-99ec-461d-ab37-e2de3026338e" testId="4da2bab9-ff02-4442-8881-16aa7ae7a7b5" testName="TestCompareListInt" computerName="sam-tools01" duration="00:00:00.0062625" startTime="2024-09-20T12:00:54.0173400+05:30" endTime="2024-09-20T12:00:54.0237946+05:30" testType="13cdc9d9-ddb5-4fa4-a97d-d965ccfc6d4b" outcome="Passed" testListId="8c84fa94-04c1-424b-9868-57a2d4851a1d" relativeResultsDirectory="b25df667-99ec-461d-ab37-e2de3026338e" />
    <UnitTestResult executionId="071503aa-28af-4baf-a0af-1d407d46a9a7" testId="63910f5e-79b2-4a2a-9c76-34fd205410be" testName="TestCompareListString" computerName="sam-tools01" duration="00:00:00.0016760" startTime="2024-09-20T12:00:54.0289399+05:30" endTime="2024-09-20T12:00:54.0307879+05:30" testType="13cdc9d9-ddb5-4fa4-a97d-d965ccfc6d4b" outcome="Passed" testListId="8c84fa94-04c1-424b-9868-57a2d4851a1d" relativeResultsDirectory="071503aa-28af-4baf-a0af-1d407d46a9a7" />
    <UnitTestResult executionId="35465a45-5639-4660-b537-e551ffd0ddc3" testId="4073884d-f153-4b73-b719-94c768d4ad0a" testName="TestCompareIntersightObjectBootPrecisionPolicyNegative" computerName="sam-tools01" duration="00:00:00.0245984" startTime="2024-09-20T12:00:53.9216772+05:30" endTime="2024-09-20T12:00:53.9465434+05:30" testType="13cdc9d9-ddb5-4fa4-a97d-d965ccfc6d4b" outcome="Passed" testListId="8c84fa94-04c1-424b-9868-57a2d4851a1d" relativeResultsDirectory="35465a45-5639-4660-b537-e551ffd0ddc3" />
    <UnitTestResult executionId="6fa61b6c-f611-4fed-b825-295d04c4303e" testId="a357282b-58d0-42a4-95f2-9552527e2fbe" testName="TestCompareIntersightObjectNtpPolicy" computerName="sam-tools01" duration="00:00:00.4383859" startTime="2024-09-20T12:00:53.1275026+05:30" endTime="2024-09-20T12:00:53.6113056+05:30" testType="13cdc9d9-ddb5-4fa4-a97d-d965ccfc6d4b" outcome="Passed" testListId="8c84fa94-04c1-424b-9868-57a2d4851a1d" relativeResultsDirectory="6fa61b6c-f611-4fed-b825-295d04c4303e" />
    <UnitTestResult executionId="bf87778c-1004-469b-8b2a-da4c56ceafd3" testId="426cad72-aea6-494d-b076-fe6f7758a76d" testName="TestCompareListMoTag" computerName="sam-tools01" duration="00:00:00.0014662" startTime="2024-09-20T12:00:54.0468044+05:30" endTime="2024-09-20T12:00:54.0484014+05:30" testType="13cdc9d9-ddb5-4fa4-a97d-d965ccfc6d4b" outcome="Passed" testListId="8c84fa94-04c1-424b-9868-57a2d4851a1d" relativeResultsDirectory="bf87778c-1004-469b-8b2a-da4c56ceafd3" />
    <UnitTestResult executionId="ea4e0938-f746-4baf-a3c0-63adf4d83188" testId="19a45e48-7f88-41f7-b30d-01fdc2c9ad8b" testName="TestCompareIntersightObjectNtpPolicyNegative" computerName="sam-tools01" duration="00:00:00.0008940" startTime="2024-09-20T12:00:53.6279129+05:30" endTime="2024-09-20T12:00:53.6291677+05:30" testType="13cdc9d9-ddb5-4fa4-a97d-d965ccfc6d4b" outcome="Passed" testListId="8c84fa94-04c1-424b-9868-57a2d4851a1d" relativeResultsDirectory="ea4e0938-f746-4baf-a3c0-63adf4d83188" />
    <UnitTestResult executionId="2d15ad5d-a6e3-458a-90c7-5109af9c15f5" testId="b53d5066-4e69-48cd-8c52-40e31271b43e" testName="TestCompareDictionaryComplexObject" computerName="sam-tools01" duration="00:00:00.1745984" startTime="2024-09-20T12:00:54.0518671+05:30" endTime="2024-09-20T12:00:54.2270184+05:30" testType="13cdc9d9-ddb5-4fa4-a97d-d965ccfc6d4b" outcome="Passed" testListId="8c84fa94-04c1-424b-9868-57a2d4851a1d" relativeResultsDirectory="2d15ad5d-a6e3-458a-90c7-5109af9c15f5" />
    <UnitTestResult executionId="7c912d1a-d325-41bb-b513-1c2d6fd34960" testId="a6ee218a-cafb-412a-adec-246cd0945c1a" testName="TestCompareListMoref" computerName="sam-tools01" duration="00:00:00.0030413" startTime="2024-09-20T12:00:54.0313674+05:30" endTime="2024-09-20T12:00:54.0345476+05:30" testType="13cdc9d9-ddb5-4fa4-a97d-d965ccfc6d4b" outcome="Passed" testListId="8c84fa94-04c1-424b-9868-57a2d4851a1d" relativeResultsDirectory="7c912d1a-d325-41bb-b513-1c2d6fd34960" />
    <UnitTestResult executionId="c9d1aed7-619a-4bc6-b262-7c1842a93119" testId="30a689c9-6693-4052-85a6-9118578a478c" testName="TestCompareIntersightObjectBootPrecisionPolicy" computerName="sam-tools01" duration="00:00:00.2560341" startTime="2024-09-20T12:00:53.6652497+05:30" endTime="2024-09-20T12:00:53.9214916+05:30" testType="13cdc9d9-ddb5-4fa4-a97d-d965ccfc6d4b" outcome="Passed" testListId="8c84fa94-04c1-424b-9868-57a2d4851a1d" relativeResultsDirectory="c9d1aed7-619a-4bc6-b262-7c1842a93119" />
    <UnitTestResult executionId="785eb975-faed-48ca-8404-b63370921bdf" testId="b5bec151-d046-49f5-89eb-ee6c3a858dde" testName="TestCompareDictionaryNegative" computerName="sam-tools01" duration="00:00:00.0003836" startTime="2024-09-20T12:00:54.0513105+05:30" endTime="2024-09-20T12:00:54.0518222+05:30" testType="13cdc9d9-ddb5-4fa4-a97d-d965ccfc6d4b" outcome="Passed" testListId="8c84fa94-04c1-424b-9868-57a2d4851a1d" relativeResultsDirectory="785eb975-faed-48ca-8404-b63370921bdf" />
    <UnitTestResult executionId="bf2e31cc-2a11-4f7d-a0a1-1834cb1f2fe1" testId="c1ef297d-38d0-40b8-9868-7256209e98a7" testName="TestCompareIntersightObjectOrganizationNegative" computerName="sam-tools01" duration="00:00:00.0003846" startTime="2024-09-20T12:00:53.6646313+05:30" endTime="2024-09-20T12:00:53.6651941+05:30" testType="13cdc9d9-ddb5-4fa4-a97d-d965ccfc6d4b" outcome="Passed" testListId="8c84fa94-04c1-424b-9868-57a2d4851a1d" relativeResultsDirectory="bf2e31cc-2a11-4f7d-a0a1-1834cb1f2fe1" />
    <UnitTestResult executionId="eeedbd2c-db08-4495-b4de-24f45620a97b" testId="b2214dfe-cdd2-4a14-ae85-c87ea89329fb" testName="TestCompareListForBootDeviceNegative2" computerName="sam-tools01" duration="00:00:00.0008142" startTime="2024-09-20T12:00:54.0457217+05:30" endTime="2024-09-20T12:00:54.0467390+05:30" testType="13cdc9d9-ddb5-4fa4-a97d-d965ccfc6d4b" outcome="Passed" testListId="8c84fa94-04c1-424b-9868-57a2d4851a1d" relativeResultsDirectory="eeedbd2c-db08-4495-b4de-24f45620a97b" />
    <UnitTestResult executionId="9ab44ad7-3ac5-48b1-b8e1-b8a37bb11597" testId="2e0f152b-4419-41ef-b071-17e0195ac37d" testName="TestCompareListForBootDeviceNegative" computerName="sam-tools01" duration="00:00:00.0022204" startTime="2024-09-20T12:00:54.0393729+05:30" endTime="2024-09-20T12:00:54.0417379+05:30" testType="13cdc9d9-ddb5-4fa4-a97d-d965ccfc6d4b" outcome="Passed" testListId="8c84fa94-04c1-424b-9868-57a2d4851a1d" relativeResultsDirectory="9ab44ad7-3ac5-48b1-b8e1-b8a37bb11597" />
    <UnitTestResult executionId="3ef5c0fc-d44c-4892-b4ad-0839c10482f5" testId="ec422b9f-7e1b-46c0-bd6f-a997c8733a5a" testName="TestCompareDictionary" computerName="sam-tools01" duration="00:00:00.0018908" startTime="2024-09-20T12:00:54.0492169+05:30" endTime="2024-09-20T12:00:54.0512438+05:30" testType="13cdc9d9-ddb5-4fa4-a97d-d965ccfc6d4b" outcome="Passed" testListId="8c84fa94-04c1-424b-9868-57a2d4851a1d" relativeResultsDirectory="3ef5c0fc-d44c-4892-b4ad-0839c10482f5" />
    <UnitTestResult executionId="82cf0b5d-567e-4d6e-8cc8-2f98ddc0fc41" testId="9f67554a-0f84-437c-86d5-69657b057643" testName="TestCompareListMorefNegative" computerName="sam-tools01" duration="00:00:00.0006653" startTime="2024-09-20T12:00:54.0345941+05:30" endTime="2024-09-20T12:00:54.0353985+05:30" testType="13cdc9d9-ddb5-4fa4-a97d-d965ccfc6d4b" outcome="Passed" testListId="8c84fa94-04c1-424b-9868-57a2d4851a1d" relativeResultsDirectory="82cf0b5d-567e-4d6e-8cc8-2f98ddc0fc41" />
  </Results>
  <TestDefinitions>
    <UnitTest name="TestCompareIntersightObjectBootPrecisionPolicy" storage="/home/jenkins/workspace/release-is-powershell-module/src/github.com/cisco-intersight/powershell-generator-intersight/generated/intersight.powershell_1.0.11.18534/src/intersight.powershelltest/bin/debug/net6.0/intersight.powershelltest.dll" id="30a689c9-6693-4052-85a6-9118578a478c">
      <Execution id="c9d1aed7-619a-4bc6-b262-7c1842a93119" />
      <TestMethod codeBase="/home/jenkins/workspace/Release-IS-Powershell-Module/src/github.com/cisco-intersight/powershell-generator-intersight/generated/Intersight.PowerShell_1.0.11.18534/src/Intersight.PowerShellTest/bin/Debug/net6.0/Intersight.PowerShellTest.dll" adapterTypeName="executor://mstestadapter/v2" className="Intersight.PowerShellTest.PSUtilsTest" name="TestCompareIntersightObjectBootPrecisionPolicy" />
    </UnitTest>
    <UnitTest name="TestCompareIntersightObjectNtpPolicyNegative" storage="/home/jenkins/workspace/release-is-powershell-module/src/github.com/cisco-intersight/powershell-generator-intersight/generated/intersight.powershell_1.0.11.18534/src/intersight.powershelltest/bin/debug/net6.0/intersight.powershelltest.dll" id="19a45e48-7f88-41f7-b30d-01fdc2c9ad8b">
      <Execution id="ea4e0938-f746-4baf-a3c0-63adf4d83188" />
      <TestMethod codeBase="/home/jenkins/workspace/Release-IS-Powershell-Module/src/github.com/cisco-intersight/powershell-generator-intersight/generated/Intersight.PowerShell_1.0.11.18534/src/Intersight.PowerShellTest/bin/Debug/net6.0/Intersight.PowerShellTest.dll" adapterTypeName="executor://mstestadapter/v2" className="Intersight.PowerShellTest.PSUtilsTest" name="TestCompareIntersightObjectNtpPolicyNegative" />
    </UnitTest>
    <UnitTest name="TestCompareIntersightObjectOrganization" storage="/home/jenkins/workspace/release-is-powershell-module/src/github.com/cisco-intersight/powershell-generator-intersight/generated/intersight.powershell_1.0.11.18534/src/intersight.powershelltest/bin/debug/net6.0/intersight.powershelltest.dll" id="855dc515-4261-4968-9e85-6bf6f1f941f9">
      <Execution id="ce3c3d85-268f-4121-9f8c-d0d25b22bcf7" />
      <TestMethod codeBase="/home/jenkins/workspace/Release-IS-Powershell-Module/src/github.com/cisco-intersight/powershell-generator-intersight/generated/Intersight.PowerShell_1.0.11.18534/src/Intersight.PowerShellTest/bin/Debug/net6.0/Intersight.PowerShellTest.dll" adapterTypeName="executor://mstestadapter/v2" className="Intersight.PowerShellTest.PSUtilsTest" name="TestCompareIntersightObjectOrganization" />
    </UnitTest>
    <UnitTest name="TestCompareDictionaryNegative" storage="/home/jenkins/workspace/release-is-powershell-module/src/github.com/cisco-intersight/powershell-generator-intersight/generated/intersight.powershell_1.0.11.18534/src/intersight.powershelltest/bin/debug/net6.0/intersight.powershelltest.dll" id="b5bec151-d046-49f5-89eb-ee6c3a858dde">
      <Execution id="785eb975-faed-48ca-8404-b63370921bdf" />
      <TestMethod codeBase="/home/jenkins/workspace/Release-IS-Powershell-Module/src/github.com/cisco-intersight/powershell-generator-intersight/generated/Intersight.PowerShell_1.0.11.18534/src/Intersight.PowerShellTest/bin/Debug/net6.0/Intersight.PowerShellTest.dll" adapterTypeName="executor://mstestadapter/v2" className="Intersight.PowerShellTest.PSUtilsTest" name="TestCompareDictionaryNegative" />
    </UnitTest>
    <UnitTest name="TestCompareListIntNegative" storage="/home/jenkins/workspace/release-is-powershell-module/src/github.com/cisco-intersight/powershell-generator-intersight/generated/intersight.powershell_1.0.11.18534/src/intersight.powershelltest/bin/debug/net6.0/intersight.powershelltest.dll" id="850542fb-d33c-4a88-a259-45970bd502d7">
      <Execution id="8778b60f-62b5-48df-9220-996d8c9d2090" />
      <TestMethod codeBase="/home/jenkins/workspace/Release-IS-Powershell-Module/src/github.com/cisco-intersight/powershell-generator-intersight/generated/Intersight.PowerShell_1.0.11.18534/src/Intersight.PowerShellTest/bin/Debug/net6.0/Intersight.PowerShellTest.dll" adapterTypeName="executor://mstestadapter/v2" className="Intersight.PowerShellTest.PSUtilsTest" name="TestCompareListIntNegative" />
    </UnitTest>
    <UnitTest name="TestCompareListStringNegative" storage="/home/jenkins/workspace/release-is-powershell-module/src/github.com/cisco-intersight/powershell-generator-intersight/generated/intersight.powershell_1.0.11.18534/src/intersight.powershelltest/bin/debug/net6.0/intersight.powershelltest.dll" id="fff1fd78-5f41-4cd9-8a1e-f282f50f6c2f">
      <Execution id="9d96eaca-7732-459d-b972-16ead3227ff9" />
      <TestMethod codeBase="/home/jenkins/workspace/Release-IS-Powershell-Module/src/github.com/cisco-intersight/powershell-generator-intersight/generated/Intersight.PowerShell_1.0.11.18534/src/Intersight.PowerShellTest/bin/Debug/net6.0/Intersight.PowerShellTest.dll" adapterTypeName="executor://mstestadapter/v2" className="Intersight.PowerShellTest.PSUtilsTest" name="TestCompareListStringNegative" />
    </UnitTest>
    <UnitTest name="TestCompareListMoTag" storage="/home/jenkins/workspace/release-is-powershell-module/src/github.com/cisco-intersight/powershell-generator-intersight/generated/intersight.powershell_1.0.11.18534/src/intersight.powershelltest/bin/debug/net6.0/intersight.powershelltest.dll" id="426cad72-aea6-494d-b076-fe6f7758a76d">
      <Execution id="bf87778c-1004-469b-8b2a-da4c56ceafd3" />
      <TestMethod codeBase="/home/jenkins/workspace/Release-IS-Powershell-Module/src/github.com/cisco-intersight/powershell-generator-intersight/generated/Intersight.PowerShell_1.0.11.18534/src/Intersight.PowerShellTest/bin/Debug/net6.0/Intersight.PowerShellTest.dll" adapterTypeName="executor://mstestadapter/v2" className="Intersight.PowerShellTest.PSUtilsTest" name="TestCompareListMoTag" />
    </UnitTest>
    <UnitTest name="TestCompareListForBootDeviceNegative2" storage="/home/jenkins/workspace/release-is-powershell-module/src/github.com/cisco-intersight/powershell-generator-intersight/generated/intersight.powershell_1.0.11.18534/src/intersight.powershelltest/bin/debug/net6.0/intersight.powershelltest.dll" id="b2214dfe-cdd2-4a14-ae85-c87ea89329fb">
      <Execution id="eeedbd2c-db08-4495-b4de-24f45620a97b" />
      <TestMethod codeBase="/home/jenkins/workspace/Release-IS-Powershell-Module/src/github.com/cisco-intersight/powershell-generator-intersight/generated/Intersight.PowerShell_1.0.11.18534/src/Intersight.PowerShellTest/bin/Debug/net6.0/Intersight.PowerShellTest.dll" adapterTypeName="executor://mstestadapter/v2" className="Intersight.PowerShellTest.PSUtilsTest" name="TestCompareListForBootDeviceNegative2" />
    </UnitTest>
    <UnitTest name="TestCompareListMoTagNegative" storage="/home/jenkins/workspace/release-is-powershell-module/src/github.com/cisco-intersight/powershell-generator-intersight/generated/intersight.powershell_1.0.11.18534/src/intersight.powershelltest/bin/debug/net6.0/intersight.powershelltest.dll" id="e93d0435-b5d2-4ded-89c5-9e4c86a735f1">
      <Execution id="5309cff8-51ec-432e-8314-4c4215fc1ae2" />
      <TestMethod codeBase="/home/jenkins/workspace/Release-IS-Powershell-Module/src/github.com/cisco-intersight/powershell-generator-intersight/generated/Intersight.PowerShell_1.0.11.18534/src/Intersight.PowerShellTest/bin/Debug/net6.0/Intersight.PowerShellTest.dll" adapterTypeName="executor://mstestadapter/v2" className="Intersight.PowerShellTest.PSUtilsTest" name="TestCompareListMoTagNegative" />
    </UnitTest>
    <UnitTest name="TestCompareListString" storage="/home/jenkins/workspace/release-is-powershell-module/src/github.com/cisco-intersight/powershell-generator-intersight/generated/intersight.powershell_1.0.11.18534/src/intersight.powershelltest/bin/debug/net6.0/intersight.powershelltest.dll" id="63910f5e-79b2-4a2a-9c76-34fd205410be">
      <Execution id="071503aa-28af-4baf-a0af-1d407d46a9a7" />
      <TestMethod codeBase="/home/jenkins/workspace/Release-IS-Powershell-Module/src/github.com/cisco-intersight/powershell-generator-intersight/generated/Intersight.PowerShell_1.0.11.18534/src/Intersight.PowerShellTest/bin/Debug/net6.0/Intersight.PowerShellTest.dll" adapterTypeName="executor://mstestadapter/v2" className="Intersight.PowerShellTest.PSUtilsTest" name="TestCompareListString" />
    </UnitTest>
    <UnitTest name="TestCompareIntersightObjectNtpPolicy" storage="/home/jenkins/workspace/release-is-powershell-module/src/github.com/cisco-intersight/powershell-generator-intersight/generated/intersight.powershell_1.0.11.18534/src/intersight.powershelltest/bin/debug/net6.0/intersight.powershelltest.dll" id="a357282b-58d0-42a4-95f2-9552527e2fbe">
      <Execution id="6fa61b6c-f611-4fed-b825-295d04c4303e" />
      <TestMethod codeBase="/home/jenkins/workspace/Release-IS-Powershell-Module/src/github.com/cisco-intersight/powershell-generator-intersight/generated/Intersight.PowerShell_1.0.11.18534/src/Intersight.PowerShellTest/bin/Debug/net6.0/Intersight.PowerShellTest.dll" adapterTypeName="executor://mstestadapter/v2" className="Intersight.PowerShellTest.PSUtilsTest" name="TestCompareIntersightObjectNtpPolicy" />
    </UnitTest>
    <UnitTest name="TestCompareListForBootDevice" storage="/home/jenkins/workspace/release-is-powershell-module/src/github.com/cisco-intersight/powershell-generator-intersight/generated/intersight.powershell_1.0.11.18534/src/intersight.powershelltest/bin/debug/net6.0/intersight.powershelltest.dll" id="7b74acc4-d8b3-4547-99d5-33e9091733ac">
      <Execution id="77c9b838-999e-46d7-9884-8bdec0de382f" />
      <TestMethod codeBase="/home/jenkins/workspace/Release-IS-Powershell-Module/src/github.com/cisco-intersight/powershell-generator-intersight/generated/Intersight.PowerShell_1.0.11.18534/src/Intersight.PowerShellTest/bin/Debug/net6.0/Intersight.PowerShellTest.dll" adapterTypeName="executor://mstestadapter/v2" className="Intersight.PowerShellTest.PSUtilsTest" name="TestCompareListForBootDevice" />
    </UnitTest>
    <UnitTest name="TestCompareIntersightObjectOrganizationNegative" storage="/home/jenkins/workspace/release-is-powershell-module/src/github.com/cisco-intersight/powershell-generator-intersight/generated/intersight.powershell_1.0.11.18534/src/intersight.powershelltest/bin/debug/net6.0/intersight.powershelltest.dll" id="c1ef297d-38d0-40b8-9868-7256209e98a7">
      <Execution id="bf2e31cc-2a11-4f7d-a0a1-1834cb1f2fe1" />
      <TestMethod codeBase="/home/jenkins/workspace/Release-IS-Powershell-Module/src/github.com/cisco-intersight/powershell-generator-intersight/generated/Intersight.PowerShell_1.0.11.18534/src/Intersight.PowerShellTest/bin/Debug/net6.0/Intersight.PowerShellTest.dll" adapterTypeName="executor://mstestadapter/v2" className="Intersight.PowerShellTest.PSUtilsTest" name="TestCompareIntersightObjectOrganizationNegative" />
    </UnitTest>
    <UnitTest name="TestCompareDictionaryComplexObject" storage="/home/jenkins/workspace/release-is-powershell-module/src/github.com/cisco-intersight/powershell-generator-intersight/generated/intersight.powershell_1.0.11.18534/src/intersight.powershelltest/bin/debug/net6.0/intersight.powershelltest.dll" id="b53d5066-4e69-48cd-8c52-40e31271b43e">
      <Execution id="2d15ad5d-a6e3-458a-90c7-5109af9c15f5" />
      <TestMethod codeBase="/home/jenkins/workspace/Release-IS-Powershell-Module/src/github.com/cisco-intersight/powershell-generator-intersight/generated/Intersight.PowerShell_1.0.11.18534/src/Intersight.PowerShellTest/bin/Debug/net6.0/Intersight.PowerShellTest.dll" adapterTypeName="executor://mstestadapter/v2" className="Intersight.PowerShellTest.PSUtilsTest" name="TestCompareDictionaryComplexObject" />
    </UnitTest>
    <UnitTest name="TestCompareListMorefNegative" storage="/home/jenkins/workspace/release-is-powershell-module/src/github.com/cisco-intersight/powershell-generator-intersight/generated/intersight.powershell_1.0.11.18534/src/intersight.powershelltest/bin/debug/net6.0/intersight.powershelltest.dll" id="9f67554a-0f84-437c-86d5-69657b057643">
      <Execution id="82cf0b5d-567e-4d6e-8cc8-2f98ddc0fc41" />
      <TestMethod codeBase="/home/jenkins/workspace/Release-IS-Powershell-Module/src/github.com/cisco-intersight/powershell-generator-intersight/generated/Intersight.PowerShell_1.0.11.18534/src/Intersight.PowerShellTest/bin/Debug/net6.0/Intersight.PowerShellTest.dll" adapterTypeName="executor://mstestadapter/v2" className="Intersight.PowerShellTest.PSUtilsTest" name="TestCompareListMorefNegative" />
    </UnitTest>
    <UnitTest name="TestCompareDictionary" storage="/home/jenkins/workspace/release-is-powershell-module/src/github.com/cisco-intersight/powershell-generator-intersight/generated/intersight.powershell_1.0.11.18534/src/intersight.powershelltest/bin/debug/net6.0/intersight.powershelltest.dll" id="ec422b9f-7e1b-46c0-bd6f-a997c8733a5a">
      <Execution id="3ef5c0fc-d44c-4892-b4ad-0839c10482f5" />
      <TestMethod codeBase="/home/jenkins/workspace/Release-IS-Powershell-Module/src/github.com/cisco-intersight/powershell-generator-intersight/generated/Intersight.PowerShell_1.0.11.18534/src/Intersight.PowerShellTest/bin/Debug/net6.0/Intersight.PowerShellTest.dll" adapterTypeName="executor://mstestadapter/v2" className="Intersight.PowerShellTest.PSUtilsTest" name="TestCompareDictionary" />
    </UnitTest>
    <UnitTest name="TestCompareListForBootDeviceNegative" storage="/home/jenkins/workspace/release-is-powershell-module/src/github.com/cisco-intersight/powershell-generator-intersight/generated/intersight.powershell_1.0.11.18534/src/intersight.powershelltest/bin/debug/net6.0/intersight.powershelltest.dll" id="2e0f152b-4419-41ef-b071-17e0195ac37d">
      <Execution id="9ab44ad7-3ac5-48b1-b8e1-b8a37bb11597" />
      <TestMethod codeBase="/home/jenkins/workspace/Release-IS-Powershell-Module/src/github.com/cisco-intersight/powershell-generator-intersight/generated/Intersight.PowerShell_1.0.11.18534/src/Intersight.PowerShellTest/bin/Debug/net6.0/Intersight.PowerShellTest.dll" adapterTypeName="executor://mstestadapter/v2" className="Intersight.PowerShellTest.PSUtilsTest" name="TestCompareListForBootDeviceNegative" />
    </UnitTest>
    <UnitTest name="TestCompareListMoref" storage="/home/jenkins/workspace/release-is-powershell-module/src/github.com/cisco-intersight/powershell-generator-intersight/generated/intersight.powershell_1.0.11.18534/src/intersight.powershelltest/bin/debug/net6.0/intersight.powershelltest.dll" id="a6ee218a-cafb-412a-adec-246cd0945c1a">
      <Execution id="7c912d1a-d325-41bb-b513-1c2d6fd34960" />
      <TestMethod codeBase="/home/jenkins/workspace/Release-IS-Powershell-Module/src/github.com/cisco-intersight/powershell-generator-intersight/generated/Intersight.PowerShell_1.0.11.18534/src/Intersight.PowerShellTest/bin/Debug/net6.0/Intersight.PowerShellTest.dll" adapterTypeName="executor://mstestadapter/v2" className="Intersight.PowerShellTest.PSUtilsTest" name="TestCompareListMoref" />
    </UnitTest>
    <UnitTest name="TestCompareListInt" storage="/home/jenkins/workspace/release-is-powershell-module/src/github.com/cisco-intersight/powershell-generator-intersight/generated/intersight.powershell_1.0.11.18534/src/intersight.powershelltest/bin/debug/net6.0/intersight.powershelltest.dll" id="4da2bab9-ff02-4442-8881-16aa7ae7a7b5">
      <Execution id="b25df667-99ec-461d-ab37-e2de3026338e" />
      <TestMethod codeBase="/home/jenkins/workspace/Release-IS-Powershell-Module/src/github.com/cisco-intersight/powershell-generator-intersight/generated/Intersight.PowerShell_1.0.11.18534/src/Intersight.PowerShellTest/bin/Debug/net6.0/Intersight.PowerShellTest.dll" adapterTypeName="executor://mstestadapter/v2" className="Intersight.PowerShellTest.PSUtilsTest" name="TestCompareListInt" />
    </UnitTest>
    <UnitTest name="TestCompareIntersightObjectBootPrecisionPolicyNegative" storage="/home/jenkins/workspace/release-is-powershell-module/src/github.com/cisco-intersight/powershell-generator-intersight/generated/intersight.powershell_1.0.11.18534/src/intersight.powershelltest/bin/debug/net6.0/intersight.powershelltest.dll" id="4073884d-f153-4b73-b719-94c768d4ad0a">
      <Execution id="35465a45-5639-4660-b537-e551ffd0ddc3" />
      <TestMethod codeBase="/home/jenkins/workspace/Release-IS-Powershell-Module/src/github.com/cisco-intersight/powershell-generator-intersight/generated/Intersight.PowerShell_1.0.11.18534/src/Intersight.PowerShellTest/bin/Debug/net6.0/Intersight.PowerShellTest.dll" adapterTypeName="executor://mstestadapter/v2" className="Intersight.PowerShellTest.PSUtilsTest" name="TestCompareIntersightObjectBootPrecisionPolicyNegative" />
    </UnitTest>
    <UnitTest name="TestCompareListBool" storage="/home/jenkins/workspace/release-is-powershell-module/src/github.com/cisco-intersight/powershell-generator-intersight/generated/intersight.powershell_1.0.11.18534/src/intersight.powershelltest/bin/debug/net6.0/intersight.powershelltest.dll" id="30befaf4-bda7-4e99-910f-fcd3f73d0aff">
      <Execution id="6041c8a8-a9a8-4070-be26-fbd0f8cf84c7" />
      <TestMethod codeBase="/home/jenkins/workspace/Release-IS-Powershell-Module/src/github.com/cisco-intersight/powershell-generator-intersight/generated/Intersight.PowerShell_1.0.11.18534/src/Intersight.PowerShellTest/bin/Debug/net6.0/Intersight.PowerShellTest.dll" adapterTypeName="executor://mstestadapter/v2" className="Intersight.PowerShellTest.PSUtilsTest" name="TestCompareListBool" />
    </UnitTest>
  </TestDefinitions>
  <TestEntries>
    <TestEntry testId="e93d0435-b5d2-4ded-89c5-9e4c86a735f1" executionId="5309cff8-51ec-432e-8314-4c4215fc1ae2" testListId="8c84fa94-04c1-424b-9868-57a2d4851a1d" />
    <TestEntry testId="7b74acc4-d8b3-4547-99d5-33e9091733ac" executionId="77c9b838-999e-46d7-9884-8bdec0de382f" testListId="8c84fa94-04c1-424b-9868-57a2d4851a1d" />
    <TestEntry testId="fff1fd78-5f41-4cd9-8a1e-f282f50f6c2f" executionId="9d96eaca-7732-459d-b972-16ead3227ff9" testListId="8c84fa94-04c1-424b-9868-57a2d4851a1d" />
    <TestEntry testId="855dc515-4261-4968-9e85-6bf6f1f941f9" executionId="ce3c3d85-268f-4121-9f8c-d0d25b22bcf7" testListId="8c84fa94-04c1-424b-9868-57a2d4851a1d" />
    <TestEntry testId="30befaf4-bda7-4e99-910f-fcd3f73d0aff" executionId="6041c8a8-a9a8-4070-be26-fbd0f8cf84c7" testListId="8c84fa94-04c1-424b-9868-57a2d4851a1d" />
    <TestEntry testId="850542fb-d33c-4a88-a259-45970bd502d7" executionId="8778b60f-62b5-48df-9220-996d8c9d2090" testListId="8c84fa94-04c1-424b-9868-57a2d4851a1d" />
    <TestEntry testId="4da2bab9-ff02-4442-8881-16aa7ae7a7b5" executionId="b25df667-99ec-461d-ab37-e2de3026338e" testListId="8c84fa94-04c1-424b-9868-57a2d4851a1d" />
    <TestEntry testId="63910f5e-79b2-4a2a-9c76-34fd205410be" executionId="071503aa-28af-4baf-a0af-1d407d46a9a7" testListId="8c84fa94-04c1-424b-9868-57a2d4851a1d" />
    <TestEntry testId="4073884d-f153-4b73-b719-94c768d4ad0a" executionId="35465a45-5639-4660-b537-e551ffd0ddc3" testListId="8c84fa94-04c1-424b-9868-57a2d4851a1d" />
    <TestEntry testId="a357282b-58d0-42a4-95f2-9552527e2fbe" executionId="6fa61b6c-f611-4fed-b825-295d04c4303e" testListId="8c84fa94-04c1-424b-9868-57a2d4851a1d" />
    <TestEntry testId="426cad72-aea6-494d-b076-fe6f7758a76d" executionId="bf87778c-1004-469b-8b2a-da4c56ceafd3" testListId="8c84fa94-04c1-424b-9868-57a2d4851a1d" />
    <TestEntry testId="19a45e48-7f88-41f7-b30d-01fdc2c9ad8b" executionId="ea4e0938-f746-4baf-a3c0-63adf4d83188" testListId="8c84fa94-04c1-424b-9868-57a2d4851a1d" />
    <TestEntry testId="b53d5066-4e69-48cd-8c52-40e31271b43e" executionId="2d15ad5d-a6e3-458a-90c7-5109af9c15f5" testListId="8c84fa94-04c1-424b-9868-57a2d4851a1d" />
    <TestEntry testId="a6ee218a-cafb-412a-adec-246cd0945c1a" executionId="7c912d1a-d325-41bb-b513-1c2d6fd34960" testListId="8c84fa94-04c1-424b-9868-57a2d4851a1d" />
    <TestEntry testId="30a689c9-6693-4052-85a6-9118578a478c" executionId="c9d1aed7-619a-4bc6-b262-7c1842a93119" testListId="8c84fa94-04c1-424b-9868-57a2d4851a1d" />
    <TestEntry testId="b5bec151-d046-49f5-89eb-ee6c3a858dde" executionId="785eb975-faed-48ca-8404-b63370921bdf" testListId="8c84fa94-04c1-424b-9868-57a2d4851a1d" />
    <TestEntry testId="c1ef297d-38d0-40b8-9868-7256209e98a7" executionId="bf2e31cc-2a11-4f7d-a0a1-1834cb1f2fe1" testListId="8c84fa94-04c1-424b-9868-57a2d4851a1d" />
    <TestEntry testId="b2214dfe-cdd2-4a14-ae85-c87ea89329fb" executionId="eeedbd2c-db08-4495-b4de-24f45620a97b" testListId="8c84fa94-04c1-424b-9868-57a2d4851a1d" />
    <TestEntry testId="2e0f152b-4419-41ef-b071-17e0195ac37d" executionId="9ab44ad7-3ac5-48b1-b8e1-b8a37bb11597" testListId="8c84fa94-04c1-424b-9868-57a2d4851a1d" />
    <TestEntry testId="ec422b9f-7e1b-46c0-bd6f-a997c8733a5a" executionId="3ef5c0fc-d44c-4892-b4ad-0839c10482f5" testListId="8c84fa94-04c1-424b-9868-57a2d4851a1d" />
    <TestEntry testId="9f67554a-0f84-437c-86d5-69657b057643" executionId="82cf0b5d-567e-4d6e-8cc8-2f98ddc0fc41" testListId="8c84fa94-04c1-424b-9868-57a2d4851a1d" />
  </TestEntries>
  <TestLists>
    <TestList name="Results Not in a List" id="8c84fa94-04c1-424b-9868-57a2d4851a1d" />
    <TestList name="All Loaded Results" id="19431567-8539-422a-85d7-44ee4e166bda" />
  </TestLists>
  <ResultSummary outcome="Completed">
    <Counters total="21" executed="21" passed="21" failed="0" error="0" timeout="0" aborted="0" inconclusive="0" passedButRunAborted="0" notRunnable="0" notExecuted="0" disconnected="0" warning="0" completed="0" inProgress="0" pending="0" />
  </ResultSummary>
</TestRun>