<?xml version="1.0" encoding="utf-8"?>
<TestRun id="3aa1e6ee-9d40-4432-992c-7d22afb14fad" name="@sam-tools01 2024-08-23 13:29:17" xmlns="http://microsoft.com/schemas/VisualStudio/TeamTest/2010">
  <Times creation="2024-08-23T13:29:17.5665339+05:30" queuing="2024-08-23T13:29:17.5665340+05:30" start="2024-08-23T13:29:15.3355708+05:30" finish="2024-08-23T13:29:17.7731421+05:30" />
  <TestSettings name="default" id="b466317d-1c1b-4bb4-b0c6-81ede0fdb310">
    <Deployment runDeploymentRoot="_sam-tools01_2024-08-23_13_29_17" />
  </TestSettings>
  <Results>
    <UnitTestResult executionId="9aaef16c-8c48-45e1-9390-ce65b6552b3b" testId="90dbaaff-4429-4ba4-9664-94e1274cea90" testName="TestCompareIntersightObjectNtpPolicy" computerName="sam-tools01" duration="00:00:00.4389437" startTime="2024-08-23T13:29:16.5174637+05:30" endTime="2024-08-23T13:29:16.9876697+05:30" testType="13cdc9d9-ddb5-4fa4-a97d-d965ccfc6d4b" outcome="Passed" testListId="8c84fa94-04c1-424b-9868-57a2d4851a1d" relativeResultsDirectory="9aaef16c-8c48-45e1-9390-ce65b6552b3b" />
    <UnitTestResult executionId="3095dc1f-63ec-4301-8d2d-3d9abcf00438" testId="9ac0ca8d-616f-4378-8b99-f238e3d106d0" testName="TestCompareDictionaryComplexObject" computerName="sam-tools01" duration="00:00:00.1972156" startTime="2024-08-23T13:29:17.4501871+05:30" endTime="2024-08-23T13:29:17.6481671+05:30" testType="13cdc9d9-ddb5-4fa4-a97d-d965ccfc6d4b" outcome="Passed" testListId="8c84fa94-04c1-424b-9868-57a2d4851a1d" relativeResultsDirectory="3095dc1f-63ec-4301-8d2d-3d9abcf00438" />
    <UnitTestResult executionId="390b56da-1d2a-4aba-a81e-eca87df99cf7" testId="df9c2bc6-f04f-4d4a-8928-a9f8853c92dc" testName="TestCompareListBool" computerName="sam-tools01" duration="00:00:00.0043236" startTime="2024-08-23T13:29:17.3496688+05:30" endTime="2024-08-23T13:29:17.3541705+05:30" testType="13cdc9d9-ddb5-4fa4-a97d-d965ccfc6d4b" outcome="Passed" testListId="8c84fa94-04c1-424b-9868-57a2d4851a1d" relativeResultsDirectory="390b56da-1d2a-4aba-a81e-eca87df99cf7" />
    <UnitTestResult executionId="5682ed86-b8d4-40fc-a4dc-2b246c0e12cf" testId="e47b9e22-14f5-41d6-9436-df740ef56f7d" testName="TestCompareListMoTag" computerName="sam-tools01" duration="00:00:00.0014793" startTime="2024-08-23T13:29:17.4408392+05:30" endTime="2024-08-23T13:29:17.4424694+05:30" testType="13cdc9d9-ddb5-4fa4-a97d-d965ccfc6d4b" outcome="Passed" testListId="8c84fa94-04c1-424b-9868-57a2d4851a1d" relativeResultsDirectory="5682ed86-b8d4-40fc-a4dc-2b246c0e12cf" />
    <UnitTestResult executionId="09bc9c00-a77c-4e10-bccf-599d5ae425cc" testId="8746cf67-77cd-4584-926f-8d296108caa1" testName="TestCompareListIntNegative" computerName="sam-tools01" duration="00:00:00.0003770" startTime="2024-08-23T13:29:17.3490862+05:30" endTime="2024-08-23T13:29:17.3496140+05:30" testType="13cdc9d9-ddb5-4fa4-a97d-d965ccfc6d4b" outcome="Passed" testListId="8c84fa94-04c1-424b-9868-57a2d4851a1d" relativeResultsDirectory="09bc9c00-a77c-4e10-bccf-599d5ae425cc" />
    <UnitTestResult executionId="7afbafc0-0a72-4e67-91e2-9b696df8cf42" testId="7a2035b1-b41f-4487-8811-e2b5b97844d8" testName="TestCompareListString" computerName="sam-tools01" duration="00:00:00.0017342" startTime="2024-08-23T13:29:17.4264278+05:30" endTime="2024-08-23T13:29:17.4283766+05:30" testType="13cdc9d9-ddb5-4fa4-a97d-d965ccfc6d4b" outcome="Passed" testListId="8c84fa94-04c1-424b-9868-57a2d4851a1d" relativeResultsDirectory="7afbafc0-0a72-4e67-91e2-9b696df8cf42" />
    <UnitTestResult executionId="b0f71de2-409e-4b64-8629-1f61f4841527" testId="fbe31c7c-7a50-45a2-a86d-e30dcbf6f395" testName="TestCompareIntersightObjectNtpPolicyNegative" computerName="sam-tools01" duration="00:00:00.0008998" startTime="2024-08-23T13:29:17.0042713+05:30" endTime="2024-08-23T13:29:17.0054790+05:30" testType="13cdc9d9-ddb5-4fa4-a97d-d965ccfc6d4b" outcome="Passed" testListId="8c84fa94-04c1-424b-9868-57a2d4851a1d" relativeResultsDirectory="b0f71de2-409e-4b64-8629-1f61f4841527" />
    <UnitTestResult executionId="6a3a7679-ec64-49ae-8428-64e8963926f1" testId="c1acb093-86eb-4ee2-bdc0-bfc8b8c47efb" testName="TestCompareListMorefNegative" computerName="sam-tools01" duration="00:00:00.0006925" startTime="2024-08-23T13:29:17.4323866+05:30" endTime="2024-08-23T13:29:17.4332242+05:30" testType="13cdc9d9-ddb5-4fa4-a97d-d965ccfc6d4b" outcome="Passed" testListId="8c84fa94-04c1-424b-9868-57a2d4851a1d" relativeResultsDirectory="6a3a7679-ec64-49ae-8428-64e8963926f1" />
    <UnitTestResult executionId="c72d95aa-391b-42b7-9de5-4f41fdd770f5" testId="94ac256d-bd4d-4ce8-a01c-dd7594361b5b" testName="TestCompareListInt" computerName="sam-tools01" duration="00:00:00.0066331" startTime="2024-08-23T13:29:17.3421883+05:30" endTime="2024-08-23T13:29:17.3490317+05:30" testType="13cdc9d9-ddb5-4fa4-a97d-d965ccfc6d4b" outcome="Passed" testListId="8c84fa94-04c1-424b-9868-57a2d4851a1d" relativeResultsDirectory="c72d95aa-391b-42b7-9de5-4f41fdd770f5" />
    <UnitTestResult executionId="b99836d6-4727-4529-af14-66e7cb0eb578" testId="3c47f561-f6c5-47b2-aa2f-a5169df4ef1a" testName="TestCompareListForBootDeviceNegative" computerName="sam-tools01" duration="00:00:00.0023529" startTime="2024-08-23T13:29:17.4372152+05:30" endTime="2024-08-23T13:29:17.4397042+05:30" testType="13cdc9d9-ddb5-4fa4-a97d-d965ccfc6d4b" outcome="Passed" testListId="8c84fa94-04c1-424b-9868-57a2d4851a1d" relativeResultsDirectory="b99836d6-4727-4529-af14-66e7cb0eb578" />
    <UnitTestResult executionId="a9938f02-44b7-47f6-9cc9-f1dfbc23ee1d" testId="6ed4bf3f-dcf6-4950-a0b7-87b093439ccf" testName="TestCompareListForBootDevice" computerName="sam-tools01" duration="00:00:00.0037373" startTime="2024-08-23T13:29:17.4332738+05:30" endTime="2024-08-23T13:29:17.4371611+05:30" testType="13cdc9d9-ddb5-4fa4-a97d-d965ccfc6d4b" outcome="Passed" testListId="8c84fa94-04c1-424b-9868-57a2d4851a1d" relativeResultsDirectory="a9938f02-44b7-47f6-9cc9-f1dfbc23ee1d" />
    <UnitTestResult executionId="f4f4ebeb-29bf-418c-884b-0890850ff600" testId="d3acb0a6-d2cf-4dc0-ade4-5f77e8f8d4a3" testName="TestCompareDictionary" computerName="sam-tools01" duration="00:00:00.0019335" startTime="2024-08-23T13:29:17.4473981+05:30" endTime="2024-08-23T13:29:17.4494982+05:30" testType="13cdc9d9-ddb5-4fa4-a97d-d965ccfc6d4b" outcome="Passed" testListId="8c84fa94-04c1-424b-9868-57a2d4851a1d" relativeResultsDirectory="f4f4ebeb-29bf-418c-884b-0890850ff600" />
    <UnitTestResult executionId="fad3863d-32c7-4af1-9254-a43b053200e0" testId="70990964-badf-4832-8f5f-f337a2983e52" testName="TestCompareIntersightObjectBootPrecisionPolicy" computerName="sam-tools01" duration="00:00:00.2704712" startTime="2024-08-23T13:29:17.0432644+05:30" endTime="2024-08-23T13:29:17.3140679+05:30" testType="13cdc9d9-ddb5-4fa4-a97d-d965ccfc6d4b" outcome="Passed" testListId="8c84fa94-04c1-424b-9868-57a2d4851a1d" relativeResultsDirectory="fad3863d-32c7-4af1-9254-a43b053200e0" />
    <UnitTestResult executionId="5295f01c-8472-4e89-851e-01beca817eca" testId="846c38f0-9632-438f-8601-91f1930ee422" testName="TestCompareListMoref" computerName="sam-tools01" duration="00:00:00.0031616" startTime="2024-08-23T13:29:17.4290346+05:30" endTime="2024-08-23T13:29:17.4323359+05:30" testType="13cdc9d9-ddb5-4fa4-a97d-d965ccfc6d4b" outcome="Passed" testListId="8c84fa94-04c1-424b-9868-57a2d4851a1d" relativeResultsDirectory="5295f01c-8472-4e89-851e-01beca817eca" />
    <UnitTestResult executionId="3ac64d07-e3f9-43f2-a887-6d8565e796db" testId="ab41b67f-d1c3-46ee-8d60-a309614d0b11" testName="TestCompareDictionaryNegative" computerName="sam-tools01" duration="00:00:00.0004261" startTime="2024-08-23T13:29:17.4495572+05:30" endTime="2024-08-23T13:29:17.4501372+05:30" testType="13cdc9d9-ddb5-4fa4-a97d-d965ccfc6d4b" outcome="Passed" testListId="8c84fa94-04c1-424b-9868-57a2d4851a1d" relativeResultsDirectory="3ac64d07-e3f9-43f2-a887-6d8565e796db" />
    <UnitTestResult executionId="c8932f04-4bac-4cad-8472-df2a0a5daed3" testId="f002dd2a-a3d6-4686-aa3b-5f202122ae5e" testName="TestCompareListMoTagNegative" computerName="sam-tools01" duration="00:00:00.0005650" startTime="2024-08-23T13:29:17.4425193+05:30" endTime="2024-08-23T13:29:17.4432168+05:30" testType="13cdc9d9-ddb5-4fa4-a97d-d965ccfc6d4b" outcome="Passed" testListId="8c84fa94-04c1-424b-9868-57a2d4851a1d" relativeResultsDirectory="c8932f04-4bac-4cad-8472-df2a0a5daed3" />
    <UnitTestResult executionId="815596b9-26da-423b-976d-9fc4fef99899" testId="e4872851-00cb-4d2b-b38b-6b990c33ea7b" testName="TestCompareListForBootDeviceNegative2" computerName="sam-tools01" duration="00:00:00.0007844" startTime="2024-08-23T13:29:17.4397872+05:30" endTime="2024-08-23T13:29:17.4407896+05:30" testType="13cdc9d9-ddb5-4fa4-a97d-d965ccfc6d4b" outcome="Passed" testListId="8c84fa94-04c1-424b-9868-57a2d4851a1d" relativeResultsDirectory="815596b9-26da-423b-976d-9fc4fef99899" />
    <UnitTestResult executionId="35d429df-a1c6-4692-8b12-450a385fae32" testId="84907cb8-61ea-44f9-972a-10d63aa77146" testName="TestCompareIntersightObjectOrganization" computerName="sam-tools01" duration="00:00:00.0368117" startTime="2024-08-23T13:29:17.0055734+05:30" endTime="2024-08-23T13:29:17.0425451+05:30" testType="13cdc9d9-ddb5-4fa4-a97d-d965ccfc6d4b" outcome="Passed" testListId="8c84fa94-04c1-424b-9868-57a2d4851a1d" relativeResultsDirectory="35d429df-a1c6-4692-8b12-450a385fae32" />
    <UnitTestResult executionId="a2b803cc-bf2d-47eb-8209-3c35fcd22081" testId="1183c516-6cf8-45b3-9951-ca0818132e18" testName="TestCompareListStringNegative" computerName="sam-tools01" duration="00:00:00.0003576" startTime="2024-08-23T13:29:17.4284535+05:30" endTime="2024-08-23T13:29:17.4289697+05:30" testType="13cdc9d9-ddb5-4fa4-a97d-d965ccfc6d4b" outcome="Passed" testListId="8c84fa94-04c1-424b-9868-57a2d4851a1d" relativeResultsDirectory="a2b803cc-bf2d-47eb-8209-3c35fcd22081" />
    <UnitTestResult executionId="57f68d3f-5a81-450c-ad60-39648cdc9bf6" testId="8599a24a-cbfc-4cd0-8bee-343527518388" testName="TestCompareIntersightObjectBootPrecisionPolicyNegative" computerName="sam-tools01" duration="00:00:00.0271477" startTime="2024-08-23T13:29:17.3144377+05:30" endTime="2024-08-23T13:29:17.3420862+05:30" testType="13cdc9d9-ddb5-4fa4-a97d-d965ccfc6d4b" outcome="Passed" testListId="8c84fa94-04c1-424b-9868-57a2d4851a1d" relativeResultsDirectory="57f68d3f-5a81-450c-ad60-39648cdc9bf6" />
    <UnitTestResult executionId="94e90cbc-a50a-4093-9909-a9e37068d839" testId="c960cf37-cfa9-4770-8387-b80199f6d915" testName="TestCompareIntersightObjectOrganizationNegative" computerName="sam-tools01" duration="00:00:00.0004010" startTime="2024-08-23T13:29:17.0426142+05:30" endTime="2024-08-23T13:29:17.0432090+05:30" testType="13cdc9d9-ddb5-4fa4-a97d-d965ccfc6d4b" outcome="Passed" testListId="8c84fa94-04c1-424b-9868-57a2d4851a1d" relativeResultsDirectory="94e90cbc-a50a-4093-9909-a9e37068d839" />
  </Results>
  <TestDefinitions>
    <UnitTest name="TestCompareListInt" storage="/home/jenkins/workspace/release-is-powershell-module/src/github.com/cisco-intersight/powershell-generator-intersight/generated/intersight.powershell_1.0.11.18012/src/intersight.powershelltest/bin/debug/net6.0/intersight.powershelltest.dll" id="94ac256d-bd4d-4ce8-a01c-dd7594361b5b">
      <Execution id="c72d95aa-391b-42b7-9de5-4f41fdd770f5" />
      <TestMethod codeBase="/home/jenkins/workspace/Release-IS-Powershell-Module/src/github.com/cisco-intersight/powershell-generator-intersight/generated/Intersight.PowerShell_1.0.11.18012/src/Intersight.PowerShellTest/bin/Debug/net6.0/Intersight.PowerShellTest.dll" adapterTypeName="executor://mstestadapter/v2" className="Intersight.PowerShellTest.PSUtilsTest" name="TestCompareListInt" />
    </UnitTest>
    <UnitTest name="TestCompareIntersightObjectNtpPolicy" storage="/home/jenkins/workspace/release-is-powershell-module/src/github.com/cisco-intersight/powershell-generator-intersight/generated/intersight.powershell_1.0.11.18012/src/intersight.powershelltest/bin/debug/net6.0/intersight.powershelltest.dll" id="90dbaaff-4429-4ba4-9664-94e1274cea90">
      <Execution id="9aaef16c-8c48-45e1-9390-ce65b6552b3b" />
      <TestMethod codeBase="/home/jenkins/workspace/Release-IS-Powershell-Module/src/github.com/cisco-intersight/powershell-generator-intersight/generated/Intersight.PowerShell_1.0.11.18012/src/Intersight.PowerShellTest/bin/Debug/net6.0/Intersight.PowerShellTest.dll" adapterTypeName="executor://mstestadapter/v2" className="Intersight.PowerShellTest.PSUtilsTest" name="TestCompareIntersightObjectNtpPolicy" />
    </UnitTest>
    <UnitTest name="TestCompareListIntNegative" storage="/home/jenkins/workspace/release-is-powershell-module/src/github.com/cisco-intersight/powershell-generator-intersight/generated/intersight.powershell_1.0.11.18012/src/intersight.powershelltest/bin/debug/net6.0/intersight.powershelltest.dll" id="8746cf67-77cd-4584-926f-8d296108caa1">
      <Execution id="09bc9c00-a77c-4e10-bccf-599d5ae425cc" />
      <TestMethod codeBase="/home/jenkins/workspace/Release-IS-Powershell-Module/src/github.com/cisco-intersight/powershell-generator-intersight/generated/Intersight.PowerShell_1.0.11.18012/src/Intersight.PowerShellTest/bin/Debug/net6.0/Intersight.PowerShellTest.dll" adapterTypeName="executor://mstestadapter/v2" className="Intersight.PowerShellTest.PSUtilsTest" name="TestCompareListIntNegative" />
    </UnitTest>
    <UnitTest name="TestCompareDictionaryComplexObject" storage="/home/jenkins/workspace/release-is-powershell-module/src/github.com/cisco-intersight/powershell-generator-intersight/generated/intersight.powershell_1.0.11.18012/src/intersight.powershelltest/bin/debug/net6.0/intersight.powershelltest.dll" id="9ac0ca8d-616f-4378-8b99-f238e3d106d0">
      <Execution id="3095dc1f-63ec-4301-8d2d-3d9abcf00438" />
      <TestMethod codeBase="/home/jenkins/workspace/Release-IS-Powershell-Module/src/github.com/cisco-intersight/powershell-generator-intersight/generated/Intersight.PowerShell_1.0.11.18012/src/Intersight.PowerShellTest/bin/Debug/net6.0/Intersight.PowerShellTest.dll" adapterTypeName="executor://mstestadapter/v2" className="Intersight.PowerShellTest.PSUtilsTest" name="TestCompareDictionaryComplexObject" />
    </UnitTest>
    <UnitTest name="TestCompareIntersightObjectBootPrecisionPolicyNegative" storage="/home/jenkins/workspace/release-is-powershell-module/src/github.com/cisco-intersight/powershell-generator-intersight/generated/intersight.powershell_1.0.11.18012/src/intersight.powershelltest/bin/debug/net6.0/intersight.powershelltest.dll" id="8599a24a-cbfc-4cd0-8bee-343527518388">
      <Execution id="57f68d3f-5a81-450c-ad60-39648cdc9bf6" />
      <TestMethod codeBase="/home/jenkins/workspace/Release-IS-Powershell-Module/src/github.com/cisco-intersight/powershell-generator-intersight/generated/Intersight.PowerShell_1.0.11.18012/src/Intersight.PowerShellTest/bin/Debug/net6.0/Intersight.PowerShellTest.dll" adapterTypeName="executor://mstestadapter/v2" className="Intersight.PowerShellTest.PSUtilsTest" name="TestCompareIntersightObjectBootPrecisionPolicyNegative" />
    </UnitTest>
    <UnitTest name="TestCompareDictionaryNegative" storage="/home/jenkins/workspace/release-is-powershell-module/src/github.com/cisco-intersight/powershell-generator-intersight/generated/intersight.powershell_1.0.11.18012/src/intersight.powershelltest/bin/debug/net6.0/intersight.powershelltest.dll" id="ab41b67f-d1c3-46ee-8d60-a309614d0b11">
      <Execution id="3ac64d07-e3f9-43f2-a887-6d8565e796db" />
      <TestMethod codeBase="/home/jenkins/workspace/Release-IS-Powershell-Module/src/github.com/cisco-intersight/powershell-generator-intersight/generated/Intersight.PowerShell_1.0.11.18012/src/Intersight.PowerShellTest/bin/Debug/net6.0/Intersight.PowerShellTest.dll" adapterTypeName="executor://mstestadapter/v2" className="Intersight.PowerShellTest.PSUtilsTest" name="TestCompareDictionaryNegative" />
    </UnitTest>
    <UnitTest name="TestCompareListForBootDeviceNegative" storage="/home/jenkins/workspace/release-is-powershell-module/src/github.com/cisco-intersight/powershell-generator-intersight/generated/intersight.powershell_1.0.11.18012/src/intersight.powershelltest/bin/debug/net6.0/intersight.powershelltest.dll" id="3c47f561-f6c5-47b2-aa2f-a5169df4ef1a">
      <Execution id="b99836d6-4727-4529-af14-66e7cb0eb578" />
      <TestMethod codeBase="/home/jenkins/workspace/Release-IS-Powershell-Module/src/github.com/cisco-intersight/powershell-generator-intersight/generated/Intersight.PowerShell_1.0.11.18012/src/Intersight.PowerShellTest/bin/Debug/net6.0/Intersight.PowerShellTest.dll" adapterTypeName="executor://mstestadapter/v2" className="Intersight.PowerShellTest.PSUtilsTest" name="TestCompareListForBootDeviceNegative" />
    </UnitTest>
    <UnitTest name="TestCompareIntersightObjectOrganizationNegative" storage="/home/jenkins/workspace/release-is-powershell-module/src/github.com/cisco-intersight/powershell-generator-intersight/generated/intersight.powershell_1.0.11.18012/src/intersight.powershelltest/bin/debug/net6.0/intersight.powershelltest.dll" id="c960cf37-cfa9-4770-8387-b80199f6d915">
      <Execution id="94e90cbc-a50a-4093-9909-a9e37068d839" />
      <TestMethod codeBase="/home/jenkins/workspace/Release-IS-Powershell-Module/src/github.com/cisco-intersight/powershell-generator-intersight/generated/Intersight.PowerShell_1.0.11.18012/src/Intersight.PowerShellTest/bin/Debug/net6.0/Intersight.PowerShellTest.dll" adapterTypeName="executor://mstestadapter/v2" className="Intersight.PowerShellTest.PSUtilsTest" name="TestCompareIntersightObjectOrganizationNegative" />
    </UnitTest>
    <UnitTest name="TestCompareListBool" storage="/home/jenkins/workspace/release-is-powershell-module/src/github.com/cisco-intersight/powershell-generator-intersight/generated/intersight.powershell_1.0.11.18012/src/intersight.powershelltest/bin/debug/net6.0/intersight.powershelltest.dll" id="df9c2bc6-f04f-4d4a-8928-a9f8853c92dc">
      <Execution id="390b56da-1d2a-4aba-a81e-eca87df99cf7" />
      <TestMethod codeBase="/home/jenkins/workspace/Release-IS-Powershell-Module/src/github.com/cisco-intersight/powershell-generator-intersight/generated/Intersight.PowerShell_1.0.11.18012/src/Intersight.PowerShellTest/bin/Debug/net6.0/Intersight.PowerShellTest.dll" adapterTypeName="executor://mstestadapter/v2" className="Intersight.PowerShellTest.PSUtilsTest" name="TestCompareListBool" />
    </UnitTest>
    <UnitTest name="TestCompareListMoTagNegative" storage="/home/jenkins/workspace/release-is-powershell-module/src/github.com/cisco-intersight/powershell-generator-intersight/generated/intersight.powershell_1.0.11.18012/src/intersight.powershelltest/bin/debug/net6.0/intersight.powershelltest.dll" id="f002dd2a-a3d6-4686-aa3b-5f202122ae5e">
      <Execution id="c8932f04-4bac-4cad-8472-df2a0a5daed3" />
      <TestMethod codeBase="/home/jenkins/workspace/Release-IS-Powershell-Module/src/github.com/cisco-intersight/powershell-generator-intersight/generated/Intersight.PowerShell_1.0.11.18012/src/Intersight.PowerShellTest/bin/Debug/net6.0/Intersight.PowerShellTest.dll" adapterTypeName="executor://mstestadapter/v2" className="Intersight.PowerShellTest.PSUtilsTest" name="TestCompareListMoTagNegative" />
    </UnitTest>
    <UnitTest name="TestCompareDictionary" storage="/home/jenkins/workspace/release-is-powershell-module/src/github.com/cisco-intersight/powershell-generator-intersight/generated/intersight.powershell_1.0.11.18012/src/intersight.powershelltest/bin/debug/net6.0/intersight.powershelltest.dll" id="d3acb0a6-d2cf-4dc0-ade4-5f77e8f8d4a3">
      <Execution id="f4f4ebeb-29bf-418c-884b-0890850ff600" />
      <TestMethod codeBase="/home/jenkins/workspace/Release-IS-Powershell-Module/src/github.com/cisco-intersight/powershell-generator-intersight/generated/Intersight.PowerShell_1.0.11.18012/src/Intersight.PowerShellTest/bin/Debug/net6.0/Intersight.PowerShellTest.dll" adapterTypeName="executor://mstestadapter/v2" className="Intersight.PowerShellTest.PSUtilsTest" name="TestCompareDictionary" />
    </UnitTest>
    <UnitTest name="TestCompareListMorefNegative" storage="/home/jenkins/workspace/release-is-powershell-module/src/github.com/cisco-intersight/powershell-generator-intersight/generated/intersight.powershell_1.0.11.18012/src/intersight.powershelltest/bin/debug/net6.0/intersight.powershelltest.dll" id="c1acb093-86eb-4ee2-bdc0-bfc8b8c47efb">
      <Execution id="6a3a7679-ec64-49ae-8428-64e8963926f1" />
      <TestMethod codeBase="/home/jenkins/workspace/Release-IS-Powershell-Module/src/github.com/cisco-intersight/powershell-generator-intersight/generated/Intersight.PowerShell_1.0.11.18012/src/Intersight.PowerShellTest/bin/Debug/net6.0/Intersight.PowerShellTest.dll" adapterTypeName="executor://mstestadapter/v2" className="Intersight.PowerShellTest.PSUtilsTest" name="TestCompareListMorefNegative" />
    </UnitTest>
    <UnitTest name="TestCompareListString" storage="/home/jenkins/workspace/release-is-powershell-module/src/github.com/cisco-intersight/powershell-generator-intersight/generated/intersight.powershell_1.0.11.18012/src/intersight.powershelltest/bin/debug/net6.0/intersight.powershelltest.dll" id="7a2035b1-b41f-4487-8811-e2b5b97844d8">
      <Execution id="7afbafc0-0a72-4e67-91e2-9b696df8cf42" />
      <TestMethod codeBase="/home/jenkins/workspace/Release-IS-Powershell-Module/src/github.com/cisco-intersight/powershell-generator-intersight/generated/Intersight.PowerShell_1.0.11.18012/src/Intersight.PowerShellTest/bin/Debug/net6.0/Intersight.PowerShellTest.dll" adapterTypeName="executor://mstestadapter/v2" className="Intersight.PowerShellTest.PSUtilsTest" name="TestCompareListString" />
    </UnitTest>
    <UnitTest name="TestCompareIntersightObjectOrganization" storage="/home/jenkins/workspace/release-is-powershell-module/src/github.com/cisco-intersight/powershell-generator-intersight/generated/intersight.powershell_1.0.11.18012/src/intersight.powershelltest/bin/debug/net6.0/intersight.powershelltest.dll" id="84907cb8-61ea-44f9-972a-10d63aa77146">
      <Execution id="35d429df-a1c6-4692-8b12-450a385fae32" />
      <TestMethod codeBase="/home/jenkins/workspace/Release-IS-Powershell-Module/src/github.com/cisco-intersight/powershell-generator-intersight/generated/Intersight.PowerShell_1.0.11.18012/src/Intersight.PowerShellTest/bin/Debug/net6.0/Intersight.PowerShellTest.dll" adapterTypeName="executor://mstestadapter/v2" className="Intersight.PowerShellTest.PSUtilsTest" name="TestCompareIntersightObjectOrganization" />
    </UnitTest>
    <UnitTest name="TestCompareIntersightObjectNtpPolicyNegative" storage="/home/jenkins/workspace/release-is-powershell-module/src/github.com/cisco-intersight/powershell-generator-intersight/generated/intersight.powershell_1.0.11.18012/src/intersight.powershelltest/bin/debug/net6.0/intersight.powershelltest.dll" id="fbe31c7c-7a50-45a2-a86d-e30dcbf6f395">
      <Execution id="b0f71de2-409e-4b64-8629-1f61f4841527" />
      <TestMethod codeBase="/home/jenkins/workspace/Release-IS-Powershell-Module/src/github.com/cisco-intersight/powershell-generator-intersight/generated/Intersight.PowerShell_1.0.11.18012/src/Intersight.PowerShellTest/bin/Debug/net6.0/Intersight.PowerShellTest.dll" adapterTypeName="executor://mstestadapter/v2" className="Intersight.PowerShellTest.PSUtilsTest" name="TestCompareIntersightObjectNtpPolicyNegative" />
    </UnitTest>
    <UnitTest name="TestCompareListForBootDeviceNegative2" storage="/home/jenkins/workspace/release-is-powershell-module/src/github.com/cisco-intersight/powershell-generator-intersight/generated/intersight.powershell_1.0.11.18012/src/intersight.powershelltest/bin/debug/net6.0/intersight.powershelltest.dll" id="e4872851-00cb-4d2b-b38b-6b990c33ea7b">
      <Execution id="815596b9-26da-423b-976d-9fc4fef99899" />
      <TestMethod codeBase="/home/jenkins/workspace/Release-IS-Powershell-Module/src/github.com/cisco-intersight/powershell-generator-intersight/generated/Intersight.PowerShell_1.0.11.18012/src/Intersight.PowerShellTest/bin/Debug/net6.0/Intersight.PowerShellTest.dll" adapterTypeName="executor://mstestadapter/v2" className="Intersight.PowerShellTest.PSUtilsTest" name="TestCompareListForBootDeviceNegative2" />
    </UnitTest>
    <UnitTest name="TestCompareIntersightObjectBootPrecisionPolicy" storage="/home/jenkins/workspace/release-is-powershell-module/src/github.com/cisco-intersight/powershell-generator-intersight/generated/intersight.powershell_1.0.11.18012/src/intersight.powershelltest/bin/debug/net6.0/intersight.powershelltest.dll" id="70990964-badf-4832-8f5f-f337a2983e52">
      <Execution id="fad3863d-32c7-4af1-9254-a43b053200e0" />
      <TestMethod codeBase="/home/jenkins/workspace/Release-IS-Powershell-Module/src/github.com/cisco-intersight/powershell-generator-intersight/generated/Intersight.PowerShell_1.0.11.18012/src/Intersight.PowerShellTest/bin/Debug/net6.0/Intersight.PowerShellTest.dll" adapterTypeName="executor://mstestadapter/v2" className="Intersight.PowerShellTest.PSUtilsTest" name="TestCompareIntersightObjectBootPrecisionPolicy" />
    </UnitTest>
    <UnitTest name="TestCompareListMoref" storage="/home/jenkins/workspace/release-is-powershell-module/src/github.com/cisco-intersight/powershell-generator-intersight/generated/intersight.powershell_1.0.11.18012/src/intersight.powershelltest/bin/debug/net6.0/intersight.powershelltest.dll" id="846c38f0-9632-438f-8601-91f1930ee422">
      <Execution id="5295f01c-8472-4e89-851e-01beca817eca" />
      <TestMethod codeBase="/home/jenkins/workspace/Release-IS-Powershell-Module/src/github.com/cisco-intersight/powershell-generator-intersight/generated/Intersight.PowerShell_1.0.11.18012/src/Intersight.PowerShellTest/bin/Debug/net6.0/Intersight.PowerShellTest.dll" adapterTypeName="executor://mstestadapter/v2" className="Intersight.PowerShellTest.PSUtilsTest" name="TestCompareListMoref" />
    </UnitTest>
    <UnitTest name="TestCompareListForBootDevice" storage="/home/jenkins/workspace/release-is-powershell-module/src/github.com/cisco-intersight/powershell-generator-intersight/generated/intersight.powershell_1.0.11.18012/src/intersight.powershelltest/bin/debug/net6.0/intersight.powershelltest.dll" id="6ed4bf3f-dcf6-4950-a0b7-87b093439ccf">
      <Execution id="a9938f02-44b7-47f6-9cc9-f1dfbc23ee1d" />
      <TestMethod codeBase="/home/jenkins/workspace/Release-IS-Powershell-Module/src/github.com/cisco-intersight/powershell-generator-intersight/generated/Intersight.PowerShell_1.0.11.18012/src/Intersight.PowerShellTest/bin/Debug/net6.0/Intersight.PowerShellTest.dll" adapterTypeName="executor://mstestadapter/v2" className="Intersight.PowerShellTest.PSUtilsTest" name="TestCompareListForBootDevice" />
    </UnitTest>
    <UnitTest name="TestCompareListMoTag" storage="/home/jenkins/workspace/release-is-powershell-module/src/github.com/cisco-intersight/powershell-generator-intersight/generated/intersight.powershell_1.0.11.18012/src/intersight.powershelltest/bin/debug/net6.0/intersight.powershelltest.dll" id="e47b9e22-14f5-41d6-9436-df740ef56f7d">
      <Execution id="5682ed86-b8d4-40fc-a4dc-2b246c0e12cf" />
      <TestMethod codeBase="/home/jenkins/workspace/Release-IS-Powershell-Module/src/github.com/cisco-intersight/powershell-generator-intersight/generated/Intersight.PowerShell_1.0.11.18012/src/Intersight.PowerShellTest/bin/Debug/net6.0/Intersight.PowerShellTest.dll" adapterTypeName="executor://mstestadapter/v2" className="Intersight.PowerShellTest.PSUtilsTest" name="TestCompareListMoTag" />
    </UnitTest>
    <UnitTest name="TestCompareListStringNegative" storage="/home/jenkins/workspace/release-is-powershell-module/src/github.com/cisco-intersight/powershell-generator-intersight/generated/intersight.powershell_1.0.11.18012/src/intersight.powershelltest/bin/debug/net6.0/intersight.powershelltest.dll" id="1183c516-6cf8-45b3-9951-ca0818132e18">
      <Execution id="a2b803cc-bf2d-47eb-8209-3c35fcd22081" />
      <TestMethod codeBase="/home/jenkins/workspace/Release-IS-Powershell-Module/src/github.com/cisco-intersight/powershell-generator-intersight/generated/Intersight.PowerShell_1.0.11.18012/src/Intersight.PowerShellTest/bin/Debug/net6.0/Intersight.PowerShellTest.dll" adapterTypeName="executor://mstestadapter/v2" className="Intersight.PowerShellTest.PSUtilsTest" name="TestCompareListStringNegative" />
    </UnitTest>
  </TestDefinitions>
  <TestEntries>
    <TestEntry testId="90dbaaff-4429-4ba4-9664-94e1274cea90" executionId="9aaef16c-8c48-45e1-9390-ce65b6552b3b" testListId="8c84fa94-04c1-424b-9868-57a2d4851a1d" />
    <TestEntry testId="9ac0ca8d-616f-4378-8b99-f238e3d106d0" executionId="3095dc1f-63ec-4301-8d2d-3d9abcf00438" testListId="8c84fa94-04c1-424b-9868-57a2d4851a1d" />
    <TestEntry testId="df9c2bc6-f04f-4d4a-8928-a9f8853c92dc" executionId="390b56da-1d2a-4aba-a81e-eca87df99cf7" testListId="8c84fa94-04c1-424b-9868-57a2d4851a1d" />
    <TestEntry testId="e47b9e22-14f5-41d6-9436-df740ef56f7d" executionId="5682ed86-b8d4-40fc-a4dc-2b246c0e12cf" testListId="8c84fa94-04c1-424b-9868-57a2d4851a1d" />
    <TestEntry testId="8746cf67-77cd-4584-926f-8d296108caa1" executionId="09bc9c00-a77c-4e10-bccf-599d5ae425cc" testListId="8c84fa94-04c1-424b-9868-57a2d4851a1d" />
    <TestEntry testId="7a2035b1-b41f-4487-8811-e2b5b97844d8" executionId="7afbafc0-0a72-4e67-91e2-9b696df8cf42" testListId="8c84fa94-04c1-424b-9868-57a2d4851a1d" />
    <TestEntry testId="fbe31c7c-7a50-45a2-a86d-e30dcbf6f395" executionId="b0f71de2-409e-4b64-8629-1f61f4841527" testListId="8c84fa94-04c1-424b-9868-57a2d4851a1d" />
    <TestEntry testId="c1acb093-86eb-4ee2-bdc0-bfc8b8c47efb" executionId="6a3a7679-ec64-49ae-8428-64e8963926f1" testListId="8c84fa94-04c1-424b-9868-57a2d4851a1d" />
    <TestEntry testId="94ac256d-bd4d-4ce8-a01c-dd7594361b5b" executionId="c72d95aa-391b-42b7-9de5-4f41fdd770f5" testListId="8c84fa94-04c1-424b-9868-57a2d4851a1d" />
    <TestEntry testId="3c47f561-f6c5-47b2-aa2f-a5169df4ef1a" executionId="b99836d6-4727-4529-af14-66e7cb0eb578" testListId="8c84fa94-04c1-424b-9868-57a2d4851a1d" />
    <TestEntry testId="6ed4bf3f-dcf6-4950-a0b7-87b093439ccf" executionId="a9938f02-44b7-47f6-9cc9-f1dfbc23ee1d" testListId="8c84fa94-04c1-424b-9868-57a2d4851a1d" />
    <TestEntry testId="d3acb0a6-d2cf-4dc0-ade4-5f77e8f8d4a3" executionId="f4f4ebeb-29bf-418c-884b-0890850ff600" testListId="8c84fa94-04c1-424b-9868-57a2d4851a1d" />
    <TestEntry testId="70990964-badf-4832-8f5f-f337a2983e52" executionId="fad3863d-32c7-4af1-9254-a43b053200e0" testListId="8c84fa94-04c1-424b-9868-57a2d4851a1d" />
    <TestEntry testId="846c38f0-9632-438f-8601-91f1930ee422" executionId="5295f01c-8472-4e89-851e-01beca817eca" testListId="8c84fa94-04c1-424b-9868-57a2d4851a1d" />
    <TestEntry testId="ab41b67f-d1c3-46ee-8d60-a309614d0b11" executionId="3ac64d07-e3f9-43f2-a887-6d8565e796db" testListId="8c84fa94-04c1-424b-9868-57a2d4851a1d" />
    <TestEntry testId="f002dd2a-a3d6-4686-aa3b-5f202122ae5e" executionId="c8932f04-4bac-4cad-8472-df2a0a5daed3" testListId="8c84fa94-04c1-424b-9868-57a2d4851a1d" />
    <TestEntry testId="e4872851-00cb-4d2b-b38b-6b990c33ea7b" executionId="815596b9-26da-423b-976d-9fc4fef99899" testListId="8c84fa94-04c1-424b-9868-57a2d4851a1d" />
    <TestEntry testId="84907cb8-61ea-44f9-972a-10d63aa77146" executionId="35d429df-a1c6-4692-8b12-450a385fae32" testListId="8c84fa94-04c1-424b-9868-57a2d4851a1d" />
    <TestEntry testId="1183c516-6cf8-45b3-9951-ca0818132e18" executionId="a2b803cc-bf2d-47eb-8209-3c35fcd22081" testListId="8c84fa94-04c1-424b-9868-57a2d4851a1d" />
    <TestEntry testId="8599a24a-cbfc-4cd0-8bee-343527518388" executionId="57f68d3f-5a81-450c-ad60-39648cdc9bf6" testListId="8c84fa94-04c1-424b-9868-57a2d4851a1d" />
    <TestEntry testId="c960cf37-cfa9-4770-8387-b80199f6d915" executionId="94e90cbc-a50a-4093-9909-a9e37068d839" testListId="8c84fa94-04c1-424b-9868-57a2d4851a1d" />
  </TestEntries>
  <TestLists>
    <TestList name="Results Not in a List" id="8c84fa94-04c1-424b-9868-57a2d4851a1d" />
    <TestList name="All Loaded Results" id="19431567-8539-422a-85d7-44ee4e166bda" />
  </TestLists>
  <ResultSummary outcome="Completed">
    <Counters total="21" executed="21" passed="21" failed="0" error="0" timeout="0" aborted="0" inconclusive="0" passedButRunAborted="0" notRunnable="0" notExecuted="0" disconnected="0" warning="0" completed="0" inProgress="0" pending="0" />
  </ResultSummary>
</TestRun>