<?xml version="1.0" encoding="utf-8"?>
<TestRun id="82b9ab46-103b-42ae-aa38-f33b597ac626" name="@sam-tools01 2024-10-30 13:18:17" xmlns="http://microsoft.com/schemas/VisualStudio/TeamTest/2010">
  <Times creation="2024-10-30T13:18:17.3772317+05:30" queuing="2024-10-30T13:18:17.3772319+05:30" start="2024-10-30T13:18:15.2128452+05:30" finish="2024-10-30T13:18:17.5749310+05:30" />
  <TestSettings name="default" id="c3f2838e-588b-484a-8cf7-1f66f504723d">
    <Deployment runDeploymentRoot="_sam-tools01_2024-10-30_13_18_17" />
  </TestSettings>
  <Results>
    <UnitTestResult executionId="52c87c1f-66a3-4ded-abae-985d66c8862a" testId="094821ed-5594-40ff-a522-a452f8f0a322" testName="TestCompareListMorefNegative" computerName="sam-tools01" duration="00:00:00.0006355" startTime="2024-10-30T13:18:17.2584828+05:30" endTime="2024-10-30T13:18:17.2592610+05:30" testType="13cdc9d9-ddb5-4fa4-a97d-d965ccfc6d4b" outcome="Passed" testListId="8c84fa94-04c1-424b-9868-57a2d4851a1d" relativeResultsDirectory="52c87c1f-66a3-4ded-abae-985d66c8862a" />
    <UnitTestResult executionId="e988c392-1bab-45d3-a556-1d8b3f0680e0" testId="535ac14e-6640-4284-a15f-9a27e8fb49d0" testName="TestCompareListBool" computerName="sam-tools01" duration="00:00:00.0043378" startTime="2024-10-30T13:18:17.1765872+05:30" endTime="2024-10-30T13:18:17.1810797+05:30" testType="13cdc9d9-ddb5-4fa4-a97d-d965ccfc6d4b" outcome="Passed" testListId="8c84fa94-04c1-424b-9868-57a2d4851a1d" relativeResultsDirectory="e988c392-1bab-45d3-a556-1d8b3f0680e0" />
    <UnitTestResult executionId="2e272250-88a9-40b3-9ecd-25b0443cee72" testId="332294dc-af9f-491b-8b95-86681c0c0f2a" testName="TestCompareIntersightObjectOrganization" computerName="sam-tools01" duration="00:00:00.0363137" startTime="2024-10-30T13:18:16.8551642+05:30" endTime="2024-10-30T13:18:16.8916473+05:30" testType="13cdc9d9-ddb5-4fa4-a97d-d965ccfc6d4b" outcome="Passed" testListId="8c84fa94-04c1-424b-9868-57a2d4851a1d" relativeResultsDirectory="2e272250-88a9-40b3-9ecd-25b0443cee72" />
    <UnitTestResult executionId="b9107f3f-dc34-42eb-ad97-a6fc3211f316" testId="35d351e5-79f2-4287-8b0e-916c41c53c44" testName="TestCompareDictionaryNegative" computerName="sam-tools01" duration="00:00:00.0003850" startTime="2024-10-30T13:18:17.2754454+05:30" endTime="2024-10-30T13:18:17.2759735+05:30" testType="13cdc9d9-ddb5-4fa4-a97d-d965ccfc6d4b" outcome="Passed" testListId="8c84fa94-04c1-424b-9868-57a2d4851a1d" relativeResultsDirectory="b9107f3f-dc34-42eb-ad97-a6fc3211f316" />
    <UnitTestResult executionId="e4a9bf8e-f112-44b5-a342-64c3fa9cb68d" testId="ead48925-9a21-4043-893c-95ce516d67d0" testName="TestCompareListStringNegative" computerName="sam-tools01" duration="00:00:00.0003520" startTime="2024-10-30T13:18:17.2544720+05:30" endTime="2024-10-30T13:18:17.2549734+05:30" testType="13cdc9d9-ddb5-4fa4-a97d-d965ccfc6d4b" outcome="Passed" testListId="8c84fa94-04c1-424b-9868-57a2d4851a1d" relativeResultsDirectory="e4a9bf8e-f112-44b5-a342-64c3fa9cb68d" />
    <UnitTestResult executionId="4a076324-f80c-474c-b608-d87ad336b673" testId="2a9a0277-29c9-4a90-8bd5-9da64caab09a" testName="TestCompareListForBootDevice" computerName="sam-tools01" duration="00:00:00.0037297" startTime="2024-10-30T13:18:17.2593078+05:30" endTime="2024-10-30T13:18:17.2631764+05:30" testType="13cdc9d9-ddb5-4fa4-a97d-d965ccfc6d4b" outcome="Passed" testListId="8c84fa94-04c1-424b-9868-57a2d4851a1d" relativeResultsDirectory="4a076324-f80c-474c-b608-d87ad336b673" />
    <UnitTestResult executionId="167cf340-d29c-4dd9-b893-33f320b94d5c" testId="44b5b1ce-39df-4d38-8a0d-cf0ad5034a6a" testName="TestCompareIntersightObjectBootPrecisionPolicyNegative" computerName="sam-tools01" duration="00:00:00.0246382" startTime="2024-10-30T13:18:17.1442858+05:30" endTime="2024-10-30T13:18:17.1691798+05:30" testType="13cdc9d9-ddb5-4fa4-a97d-d965ccfc6d4b" outcome="Passed" testListId="8c84fa94-04c1-424b-9868-57a2d4851a1d" relativeResultsDirectory="167cf340-d29c-4dd9-b893-33f320b94d5c" />
    <UnitTestResult executionId="2f4576d4-f4ae-4c0a-9167-0495a20434af" testId="06cb75b7-67cb-40ef-8545-00fc4a9460a2" testName="TestCompareListMoTagNegative" computerName="sam-tools01" duration="00:00:00.0005266" startTime="2024-10-30T13:18:17.2685530+05:30" endTime="2024-10-30T13:18:17.2692174+05:30" testType="13cdc9d9-ddb5-4fa4-a97d-d965ccfc6d4b" outcome="Passed" testListId="8c84fa94-04c1-424b-9868-57a2d4851a1d" relativeResultsDirectory="2f4576d4-f4ae-4c0a-9167-0495a20434af" />
    <UnitTestResult executionId="ef36c922-adcb-47d6-8776-47cca73bfbf2" testId="0e551d4f-20c4-4d37-a315-2a63e8118af1" testName="TestCompareIntersightObjectNtpPolicy" computerName="sam-tools01" duration="00:00:00.4207036" startTime="2024-10-30T13:18:16.3840852+05:30" endTime="2024-10-30T13:18:16.8369767+05:30" testType="13cdc9d9-ddb5-4fa4-a97d-d965ccfc6d4b" outcome="Passed" testListId="8c84fa94-04c1-424b-9868-57a2d4851a1d" relativeResultsDirectory="ef36c922-adcb-47d6-8776-47cca73bfbf2" />
    <UnitTestResult executionId="9c16cfcf-856b-4336-aaff-890c750d1b56" testId="f5e7cb03-e126-41ee-b705-7f64cc107e1b" testName="TestCompareDictionary" computerName="sam-tools01" duration="00:00:00.0019393" startTime="2024-10-30T13:18:17.2732856+05:30" endTime="2024-10-30T13:18:17.2753883+05:30" testType="13cdc9d9-ddb5-4fa4-a97d-d965ccfc6d4b" outcome="Passed" testListId="8c84fa94-04c1-424b-9868-57a2d4851a1d" relativeResultsDirectory="9c16cfcf-856b-4336-aaff-890c750d1b56" />
    <UnitTestResult executionId="f87379a2-d41b-476e-9bd5-0afee9a4fe07" testId="686cd1c8-e9e3-448c-9d77-e157cbb90336" testName="TestCompareListString" computerName="sam-tools01" duration="00:00:00.0016550" startTime="2024-10-30T13:18:17.2525517+05:30" endTime="2024-10-30T13:18:17.2544023+05:30" testType="13cdc9d9-ddb5-4fa4-a97d-d965ccfc6d4b" outcome="Passed" testListId="8c84fa94-04c1-424b-9868-57a2d4851a1d" relativeResultsDirectory="f87379a2-d41b-476e-9bd5-0afee9a4fe07" />
    <UnitTestResult executionId="3bab77a5-b315-4c3a-bc89-45410155868b" testId="bee617a1-06b2-45b7-8335-a8179d31dad0" testName="TestCompareIntersightObjectOrganizationNegative" computerName="sam-tools01" duration="00:00:00.0004239" startTime="2024-10-30T13:18:16.8917325+05:30" endTime="2024-10-30T13:18:16.8923610+05:30" testType="13cdc9d9-ddb5-4fa4-a97d-d965ccfc6d4b" outcome="Passed" testListId="8c84fa94-04c1-424b-9868-57a2d4851a1d" relativeResultsDirectory="3bab77a5-b315-4c3a-bc89-45410155868b" />
    <UnitTestResult executionId="815f7907-cbb2-4d5b-9fa2-2bfc8418ad4b" testId="1d3611fd-f143-4fbe-8c2c-382a0cf7d461" testName="TestCompareIntersightObjectNtpPolicyNegative" computerName="sam-tools01" duration="00:00:00.0009223" startTime="2024-10-30T13:18:16.8538163+05:30" endTime="2024-10-30T13:18:16.8550619+05:30" testType="13cdc9d9-ddb5-4fa4-a97d-d965ccfc6d4b" outcome="Passed" testListId="8c84fa94-04c1-424b-9868-57a2d4851a1d" relativeResultsDirectory="815f7907-cbb2-4d5b-9fa2-2bfc8418ad4b" />
    <UnitTestResult executionId="5ee70732-8799-472f-885b-0a1330dcc9e1" testId="1c52a601-c180-4082-ba96-504cc5942f10" testName="TestCompareListForBootDeviceNegative2" computerName="sam-tools01" duration="00:00:00.0008312" startTime="2024-10-30T13:18:17.2658119+05:30" endTime="2024-10-30T13:18:17.2668280+05:30" testType="13cdc9d9-ddb5-4fa4-a97d-d965ccfc6d4b" outcome="Passed" testListId="8c84fa94-04c1-424b-9868-57a2d4851a1d" relativeResultsDirectory="5ee70732-8799-472f-885b-0a1330dcc9e1" />
    <UnitTestResult executionId="ef6380bf-aa6b-408c-ba3b-14c06dc981a9" testId="b51b27d8-52dc-4203-ab21-674ad4c98bd1" testName="TestCompareListForBootDeviceNegative" computerName="sam-tools01" duration="00:00:00.0023610" startTime="2024-10-30T13:18:17.2632294+05:30" endTime="2024-10-30T13:18:17.2657328+05:30" testType="13cdc9d9-ddb5-4fa4-a97d-d965ccfc6d4b" outcome="Passed" testListId="8c84fa94-04c1-424b-9868-57a2d4851a1d" relativeResultsDirectory="ef6380bf-aa6b-408c-ba3b-14c06dc981a9" />
    <UnitTestResult executionId="8d613fe2-c7cd-4124-8506-c3e26cab22a1" testId="76a77751-88b0-4e38-8bb1-df643773da3f" testName="TestCompareListMoref" computerName="sam-tools01" duration="00:00:00.0032412" startTime="2024-10-30T13:18:17.2550367+05:30" endTime="2024-10-30T13:18:17.2584336+05:30" testType="13cdc9d9-ddb5-4fa4-a97d-d965ccfc6d4b" outcome="Passed" testListId="8c84fa94-04c1-424b-9868-57a2d4851a1d" relativeResultsDirectory="8d613fe2-c7cd-4124-8506-c3e26cab22a1" />
    <UnitTestResult executionId="50e7b4da-3a63-4e40-abf1-da4f243a27c4" testId="34f24ad2-c387-4d36-b447-d222247fbf8a" testName="TestCompareIntersightObjectBootPrecisionPolicy" computerName="sam-tools01" duration="00:00:00.2514691" startTime="2024-10-30T13:18:16.8924183+05:30" endTime="2024-10-30T13:18:17.1441178+05:30" testType="13cdc9d9-ddb5-4fa4-a97d-d965ccfc6d4b" outcome="Passed" testListId="8c84fa94-04c1-424b-9868-57a2d4851a1d" relativeResultsDirectory="50e7b4da-3a63-4e40-abf1-da4f243a27c4" />
    <UnitTestResult executionId="1f300076-179b-4431-9b91-1c445ee3138a" testId="aedf2ba9-1e0a-4f53-a1b5-12695786bf82" testName="TestCompareListMoTag" computerName="sam-tools01" duration="00:00:00.0014758" startTime="2024-10-30T13:18:17.2668767+05:30" endTime="2024-10-30T13:18:17.2685038+05:30" testType="13cdc9d9-ddb5-4fa4-a97d-d965ccfc6d4b" outcome="Passed" testListId="8c84fa94-04c1-424b-9868-57a2d4851a1d" relativeResultsDirectory="1f300076-179b-4431-9b91-1c445ee3138a" />
    <UnitTestResult executionId="e3ce8b8f-0d4f-46e6-9544-c7911cd8b856" testId="a25ffac7-3b14-4dbb-a407-34d1fafe1d1a" testName="TestCompareDictionaryComplexObject" computerName="sam-tools01" duration="00:00:00.1761233" startTime="2024-10-30T13:18:17.2760232+05:30" endTime="2024-10-30T13:18:17.4527139+05:30" testType="13cdc9d9-ddb5-4fa4-a97d-d965ccfc6d4b" outcome="Passed" testListId="8c84fa94-04c1-424b-9868-57a2d4851a1d" relativeResultsDirectory="e3ce8b8f-0d4f-46e6-9544-c7911cd8b856" />
    <UnitTestResult executionId="65531045-cbd5-4a7c-b353-a1100aedb93f" testId="c06be1f3-5974-432b-99e7-bc29fef9733f" testName="TestCompareListIntNegative" computerName="sam-tools01" duration="00:00:00.0003580" startTime="2024-10-30T13:18:17.1760067+05:30" endTime="2024-10-30T13:18:17.1765334+05:30" testType="13cdc9d9-ddb5-4fa4-a97d-d965ccfc6d4b" outcome="Passed" testListId="8c84fa94-04c1-424b-9868-57a2d4851a1d" relativeResultsDirectory="65531045-cbd5-4a7c-b353-a1100aedb93f" />
    <UnitTestResult executionId="b78e99aa-5981-429f-a1dc-e291200b2a4a" testId="840db6ee-f87b-46ab-a699-1a51a2b67bc5" testName="TestCompareListInt" computerName="sam-tools01" duration="00:00:00.0065413" startTime="2024-10-30T13:18:17.1692461+05:30" endTime="2024-10-30T13:18:17.1759540+05:30" testType="13cdc9d9-ddb5-4fa4-a97d-d965ccfc6d4b" outcome="Passed" testListId="8c84fa94-04c1-424b-9868-57a2d4851a1d" relativeResultsDirectory="b78e99aa-5981-429f-a1dc-e291200b2a4a" />
  </Results>
  <TestDefinitions>
    <UnitTest name="TestCompareListMoTagNegative" storage="/home/jenkins/workspace/release-is-powershell-module/src/github.com/cisco-intersight/powershell-generator-intersight/generated/intersight.powershell_1.0.11.2024100405/src/intersight.powershelltest/bin/debug/net6.0/intersight.powershelltest.dll" id="06cb75b7-67cb-40ef-8545-00fc4a9460a2">
      <Execution id="2f4576d4-f4ae-4c0a-9167-0495a20434af" />
      <TestMethod codeBase="/home/jenkins/workspace/Release-IS-Powershell-Module/src/github.com/cisco-intersight/powershell-generator-intersight/generated/Intersight.PowerShell_1.0.11.2024100405/src/Intersight.PowerShellTest/bin/Debug/net6.0/Intersight.PowerShellTest.dll" adapterTypeName="executor://mstestadapter/v2" className="Intersight.PowerShellTest.PSUtilsTest" name="TestCompareListMoTagNegative" />
    </UnitTest>
    <UnitTest name="TestCompareListStringNegative" storage="/home/jenkins/workspace/release-is-powershell-module/src/github.com/cisco-intersight/powershell-generator-intersight/generated/intersight.powershell_1.0.11.2024100405/src/intersight.powershelltest/bin/debug/net6.0/intersight.powershelltest.dll" id="ead48925-9a21-4043-893c-95ce516d67d0">
      <Execution id="e4a9bf8e-f112-44b5-a342-64c3fa9cb68d" />
      <TestMethod codeBase="/home/jenkins/workspace/Release-IS-Powershell-Module/src/github.com/cisco-intersight/powershell-generator-intersight/generated/Intersight.PowerShell_1.0.11.2024100405/src/Intersight.PowerShellTest/bin/Debug/net6.0/Intersight.PowerShellTest.dll" adapterTypeName="executor://mstestadapter/v2" className="Intersight.PowerShellTest.PSUtilsTest" name="TestCompareListStringNegative" />
    </UnitTest>
    <UnitTest name="TestCompareDictionary" storage="/home/jenkins/workspace/release-is-powershell-module/src/github.com/cisco-intersight/powershell-generator-intersight/generated/intersight.powershell_1.0.11.2024100405/src/intersight.powershelltest/bin/debug/net6.0/intersight.powershelltest.dll" id="f5e7cb03-e126-41ee-b705-7f64cc107e1b">
      <Execution id="9c16cfcf-856b-4336-aaff-890c750d1b56" />
      <TestMethod codeBase="/home/jenkins/workspace/Release-IS-Powershell-Module/src/github.com/cisco-intersight/powershell-generator-intersight/generated/Intersight.PowerShell_1.0.11.2024100405/src/Intersight.PowerShellTest/bin/Debug/net6.0/Intersight.PowerShellTest.dll" adapterTypeName="executor://mstestadapter/v2" className="Intersight.PowerShellTest.PSUtilsTest" name="TestCompareDictionary" />
    </UnitTest>
    <UnitTest name="TestCompareListForBootDeviceNegative2" storage="/home/jenkins/workspace/release-is-powershell-module/src/github.com/cisco-intersight/powershell-generator-intersight/generated/intersight.powershell_1.0.11.2024100405/src/intersight.powershelltest/bin/debug/net6.0/intersight.powershelltest.dll" id="1c52a601-c180-4082-ba96-504cc5942f10">
      <Execution id="5ee70732-8799-472f-885b-0a1330dcc9e1" />
      <TestMethod codeBase="/home/jenkins/workspace/Release-IS-Powershell-Module/src/github.com/cisco-intersight/powershell-generator-intersight/generated/Intersight.PowerShell_1.0.11.2024100405/src/Intersight.PowerShellTest/bin/Debug/net6.0/Intersight.PowerShellTest.dll" adapterTypeName="executor://mstestadapter/v2" className="Intersight.PowerShellTest.PSUtilsTest" name="TestCompareListForBootDeviceNegative2" />
    </UnitTest>
    <UnitTest name="TestCompareIntersightObjectNtpPolicy" storage="/home/jenkins/workspace/release-is-powershell-module/src/github.com/cisco-intersight/powershell-generator-intersight/generated/intersight.powershell_1.0.11.2024100405/src/intersight.powershelltest/bin/debug/net6.0/intersight.powershelltest.dll" id="0e551d4f-20c4-4d37-a315-2a63e8118af1">
      <Execution id="ef36c922-adcb-47d6-8776-47cca73bfbf2" />
      <TestMethod codeBase="/home/jenkins/workspace/Release-IS-Powershell-Module/src/github.com/cisco-intersight/powershell-generator-intersight/generated/Intersight.PowerShell_1.0.11.2024100405/src/Intersight.PowerShellTest/bin/Debug/net6.0/Intersight.PowerShellTest.dll" adapterTypeName="executor://mstestadapter/v2" className="Intersight.PowerShellTest.PSUtilsTest" name="TestCompareIntersightObjectNtpPolicy" />
    </UnitTest>
    <UnitTest name="TestCompareIntersightObjectBootPrecisionPolicy" storage="/home/jenkins/workspace/release-is-powershell-module/src/github.com/cisco-intersight/powershell-generator-intersight/generated/intersight.powershell_1.0.11.2024100405/src/intersight.powershelltest/bin/debug/net6.0/intersight.powershelltest.dll" id="34f24ad2-c387-4d36-b447-d222247fbf8a">
      <Execution id="50e7b4da-3a63-4e40-abf1-da4f243a27c4" />
      <TestMethod codeBase="/home/jenkins/workspace/Release-IS-Powershell-Module/src/github.com/cisco-intersight/powershell-generator-intersight/generated/Intersight.PowerShell_1.0.11.2024100405/src/Intersight.PowerShellTest/bin/Debug/net6.0/Intersight.PowerShellTest.dll" adapterTypeName="executor://mstestadapter/v2" className="Intersight.PowerShellTest.PSUtilsTest" name="TestCompareIntersightObjectBootPrecisionPolicy" />
    </UnitTest>
    <UnitTest name="TestCompareListMoTag" storage="/home/jenkins/workspace/release-is-powershell-module/src/github.com/cisco-intersight/powershell-generator-intersight/generated/intersight.powershell_1.0.11.2024100405/src/intersight.powershelltest/bin/debug/net6.0/intersight.powershelltest.dll" id="aedf2ba9-1e0a-4f53-a1b5-12695786bf82">
      <Execution id="1f300076-179b-4431-9b91-1c445ee3138a" />
      <TestMethod codeBase="/home/jenkins/workspace/Release-IS-Powershell-Module/src/github.com/cisco-intersight/powershell-generator-intersight/generated/Intersight.PowerShell_1.0.11.2024100405/src/Intersight.PowerShellTest/bin/Debug/net6.0/Intersight.PowerShellTest.dll" adapterTypeName="executor://mstestadapter/v2" className="Intersight.PowerShellTest.PSUtilsTest" name="TestCompareListMoTag" />
    </UnitTest>
    <UnitTest name="TestCompareIntersightObjectBootPrecisionPolicyNegative" storage="/home/jenkins/workspace/release-is-powershell-module/src/github.com/cisco-intersight/powershell-generator-intersight/generated/intersight.powershell_1.0.11.2024100405/src/intersight.powershelltest/bin/debug/net6.0/intersight.powershelltest.dll" id="44b5b1ce-39df-4d38-8a0d-cf0ad5034a6a">
      <Execution id="167cf340-d29c-4dd9-b893-33f320b94d5c" />
      <TestMethod codeBase="/home/jenkins/workspace/Release-IS-Powershell-Module/src/github.com/cisco-intersight/powershell-generator-intersight/generated/Intersight.PowerShell_1.0.11.2024100405/src/Intersight.PowerShellTest/bin/Debug/net6.0/Intersight.PowerShellTest.dll" adapterTypeName="executor://mstestadapter/v2" className="Intersight.PowerShellTest.PSUtilsTest" name="TestCompareIntersightObjectBootPrecisionPolicyNegative" />
    </UnitTest>
    <UnitTest name="TestCompareListBool" storage="/home/jenkins/workspace/release-is-powershell-module/src/github.com/cisco-intersight/powershell-generator-intersight/generated/intersight.powershell_1.0.11.2024100405/src/intersight.powershelltest/bin/debug/net6.0/intersight.powershelltest.dll" id="535ac14e-6640-4284-a15f-9a27e8fb49d0">
      <Execution id="e988c392-1bab-45d3-a556-1d8b3f0680e0" />
      <TestMethod codeBase="/home/jenkins/workspace/Release-IS-Powershell-Module/src/github.com/cisco-intersight/powershell-generator-intersight/generated/Intersight.PowerShell_1.0.11.2024100405/src/Intersight.PowerShellTest/bin/Debug/net6.0/Intersight.PowerShellTest.dll" adapterTypeName="executor://mstestadapter/v2" className="Intersight.PowerShellTest.PSUtilsTest" name="TestCompareListBool" />
    </UnitTest>
    <UnitTest name="TestCompareListForBootDevice" storage="/home/jenkins/workspace/release-is-powershell-module/src/github.com/cisco-intersight/powershell-generator-intersight/generated/intersight.powershell_1.0.11.2024100405/src/intersight.powershelltest/bin/debug/net6.0/intersight.powershelltest.dll" id="2a9a0277-29c9-4a90-8bd5-9da64caab09a">
      <Execution id="4a076324-f80c-474c-b608-d87ad336b673" />
      <TestMethod codeBase="/home/jenkins/workspace/Release-IS-Powershell-Module/src/github.com/cisco-intersight/powershell-generator-intersight/generated/Intersight.PowerShell_1.0.11.2024100405/src/Intersight.PowerShellTest/bin/Debug/net6.0/Intersight.PowerShellTest.dll" adapterTypeName="executor://mstestadapter/v2" className="Intersight.PowerShellTest.PSUtilsTest" name="TestCompareListForBootDevice" />
    </UnitTest>
    <UnitTest name="TestCompareListMorefNegative" storage="/home/jenkins/workspace/release-is-powershell-module/src/github.com/cisco-intersight/powershell-generator-intersight/generated/intersight.powershell_1.0.11.2024100405/src/intersight.powershelltest/bin/debug/net6.0/intersight.powershelltest.dll" id="094821ed-5594-40ff-a522-a452f8f0a322">
      <Execution id="52c87c1f-66a3-4ded-abae-985d66c8862a" />
      <TestMethod codeBase="/home/jenkins/workspace/Release-IS-Powershell-Module/src/github.com/cisco-intersight/powershell-generator-intersight/generated/Intersight.PowerShell_1.0.11.2024100405/src/Intersight.PowerShellTest/bin/Debug/net6.0/Intersight.PowerShellTest.dll" adapterTypeName="executor://mstestadapter/v2" className="Intersight.PowerShellTest.PSUtilsTest" name="TestCompareListMorefNegative" />
    </UnitTest>
    <UnitTest name="TestCompareListInt" storage="/home/jenkins/workspace/release-is-powershell-module/src/github.com/cisco-intersight/powershell-generator-intersight/generated/intersight.powershell_1.0.11.2024100405/src/intersight.powershelltest/bin/debug/net6.0/intersight.powershelltest.dll" id="840db6ee-f87b-46ab-a699-1a51a2b67bc5">
      <Execution id="b78e99aa-5981-429f-a1dc-e291200b2a4a" />
      <TestMethod codeBase="/home/jenkins/workspace/Release-IS-Powershell-Module/src/github.com/cisco-intersight/powershell-generator-intersight/generated/Intersight.PowerShell_1.0.11.2024100405/src/Intersight.PowerShellTest/bin/Debug/net6.0/Intersight.PowerShellTest.dll" adapterTypeName="executor://mstestadapter/v2" className="Intersight.PowerShellTest.PSUtilsTest" name="TestCompareListInt" />
    </UnitTest>
    <UnitTest name="TestCompareListMoref" storage="/home/jenkins/workspace/release-is-powershell-module/src/github.com/cisco-intersight/powershell-generator-intersight/generated/intersight.powershell_1.0.11.2024100405/src/intersight.powershelltest/bin/debug/net6.0/intersight.powershelltest.dll" id="76a77751-88b0-4e38-8bb1-df643773da3f">
      <Execution id="8d613fe2-c7cd-4124-8506-c3e26cab22a1" />
      <TestMethod codeBase="/home/jenkins/workspace/Release-IS-Powershell-Module/src/github.com/cisco-intersight/powershell-generator-intersight/generated/Intersight.PowerShell_1.0.11.2024100405/src/Intersight.PowerShellTest/bin/Debug/net6.0/Intersight.PowerShellTest.dll" adapterTypeName="executor://mstestadapter/v2" className="Intersight.PowerShellTest.PSUtilsTest" name="TestCompareListMoref" />
    </UnitTest>
    <UnitTest name="TestCompareDictionaryComplexObject" storage="/home/jenkins/workspace/release-is-powershell-module/src/github.com/cisco-intersight/powershell-generator-intersight/generated/intersight.powershell_1.0.11.2024100405/src/intersight.powershelltest/bin/debug/net6.0/intersight.powershelltest.dll" id="a25ffac7-3b14-4dbb-a407-34d1fafe1d1a">
      <Execution id="e3ce8b8f-0d4f-46e6-9544-c7911cd8b856" />
      <TestMethod codeBase="/home/jenkins/workspace/Release-IS-Powershell-Module/src/github.com/cisco-intersight/powershell-generator-intersight/generated/Intersight.PowerShell_1.0.11.2024100405/src/Intersight.PowerShellTest/bin/Debug/net6.0/Intersight.PowerShellTest.dll" adapterTypeName="executor://mstestadapter/v2" className="Intersight.PowerShellTest.PSUtilsTest" name="TestCompareDictionaryComplexObject" />
    </UnitTest>
    <UnitTest name="TestCompareListIntNegative" storage="/home/jenkins/workspace/release-is-powershell-module/src/github.com/cisco-intersight/powershell-generator-intersight/generated/intersight.powershell_1.0.11.2024100405/src/intersight.powershelltest/bin/debug/net6.0/intersight.powershelltest.dll" id="c06be1f3-5974-432b-99e7-bc29fef9733f">
      <Execution id="65531045-cbd5-4a7c-b353-a1100aedb93f" />
      <TestMethod codeBase="/home/jenkins/workspace/Release-IS-Powershell-Module/src/github.com/cisco-intersight/powershell-generator-intersight/generated/Intersight.PowerShell_1.0.11.2024100405/src/Intersight.PowerShellTest/bin/Debug/net6.0/Intersight.PowerShellTest.dll" adapterTypeName="executor://mstestadapter/v2" className="Intersight.PowerShellTest.PSUtilsTest" name="TestCompareListIntNegative" />
    </UnitTest>
    <UnitTest name="TestCompareIntersightObjectOrganization" storage="/home/jenkins/workspace/release-is-powershell-module/src/github.com/cisco-intersight/powershell-generator-intersight/generated/intersight.powershell_1.0.11.2024100405/src/intersight.powershelltest/bin/debug/net6.0/intersight.powershelltest.dll" id="332294dc-af9f-491b-8b95-86681c0c0f2a">
      <Execution id="2e272250-88a9-40b3-9ecd-25b0443cee72" />
      <TestMethod codeBase="/home/jenkins/workspace/Release-IS-Powershell-Module/src/github.com/cisco-intersight/powershell-generator-intersight/generated/Intersight.PowerShell_1.0.11.2024100405/src/Intersight.PowerShellTest/bin/Debug/net6.0/Intersight.PowerShellTest.dll" adapterTypeName="executor://mstestadapter/v2" className="Intersight.PowerShellTest.PSUtilsTest" name="TestCompareIntersightObjectOrganization" />
    </UnitTest>
    <UnitTest name="TestCompareIntersightObjectOrganizationNegative" storage="/home/jenkins/workspace/release-is-powershell-module/src/github.com/cisco-intersight/powershell-generator-intersight/generated/intersight.powershell_1.0.11.2024100405/src/intersight.powershelltest/bin/debug/net6.0/intersight.powershelltest.dll" id="bee617a1-06b2-45b7-8335-a8179d31dad0">
      <Execution id="3bab77a5-b315-4c3a-bc89-45410155868b" />
      <TestMethod codeBase="/home/jenkins/workspace/Release-IS-Powershell-Module/src/github.com/cisco-intersight/powershell-generator-intersight/generated/Intersight.PowerShell_1.0.11.2024100405/src/Intersight.PowerShellTest/bin/Debug/net6.0/Intersight.PowerShellTest.dll" adapterTypeName="executor://mstestadapter/v2" className="Intersight.PowerShellTest.PSUtilsTest" name="TestCompareIntersightObjectOrganizationNegative" />
    </UnitTest>
    <UnitTest name="TestCompareListForBootDeviceNegative" storage="/home/jenkins/workspace/release-is-powershell-module/src/github.com/cisco-intersight/powershell-generator-intersight/generated/intersight.powershell_1.0.11.2024100405/src/intersight.powershelltest/bin/debug/net6.0/intersight.powershelltest.dll" id="b51b27d8-52dc-4203-ab21-674ad4c98bd1">
      <Execution id="ef6380bf-aa6b-408c-ba3b-14c06dc981a9" />
      <TestMethod codeBase="/home/jenkins/workspace/Release-IS-Powershell-Module/src/github.com/cisco-intersight/powershell-generator-intersight/generated/Intersight.PowerShell_1.0.11.2024100405/src/Intersight.PowerShellTest/bin/Debug/net6.0/Intersight.PowerShellTest.dll" adapterTypeName="executor://mstestadapter/v2" className="Intersight.PowerShellTest.PSUtilsTest" name="TestCompareListForBootDeviceNegative" />
    </UnitTest>
    <UnitTest name="TestCompareDictionaryNegative" storage="/home/jenkins/workspace/release-is-powershell-module/src/github.com/cisco-intersight/powershell-generator-intersight/generated/intersight.powershell_1.0.11.2024100405/src/intersight.powershelltest/bin/debug/net6.0/intersight.powershelltest.dll" id="35d351e5-79f2-4287-8b0e-916c41c53c44">
      <Execution id="b9107f3f-dc34-42eb-ad97-a6fc3211f316" />
      <TestMethod codeBase="/home/jenkins/workspace/Release-IS-Powershell-Module/src/github.com/cisco-intersight/powershell-generator-intersight/generated/Intersight.PowerShell_1.0.11.2024100405/src/Intersight.PowerShellTest/bin/Debug/net6.0/Intersight.PowerShellTest.dll" adapterTypeName="executor://mstestadapter/v2" className="Intersight.PowerShellTest.PSUtilsTest" name="TestCompareDictionaryNegative" />
    </UnitTest>
    <UnitTest name="TestCompareIntersightObjectNtpPolicyNegative" storage="/home/jenkins/workspace/release-is-powershell-module/src/github.com/cisco-intersight/powershell-generator-intersight/generated/intersight.powershell_1.0.11.2024100405/src/intersight.powershelltest/bin/debug/net6.0/intersight.powershelltest.dll" id="1d3611fd-f143-4fbe-8c2c-382a0cf7d461">
      <Execution id="815f7907-cbb2-4d5b-9fa2-2bfc8418ad4b" />
      <TestMethod codeBase="/home/jenkins/workspace/Release-IS-Powershell-Module/src/github.com/cisco-intersight/powershell-generator-intersight/generated/Intersight.PowerShell_1.0.11.2024100405/src/Intersight.PowerShellTest/bin/Debug/net6.0/Intersight.PowerShellTest.dll" adapterTypeName="executor://mstestadapter/v2" className="Intersight.PowerShellTest.PSUtilsTest" name="TestCompareIntersightObjectNtpPolicyNegative" />
    </UnitTest>
    <UnitTest name="TestCompareListString" storage="/home/jenkins/workspace/release-is-powershell-module/src/github.com/cisco-intersight/powershell-generator-intersight/generated/intersight.powershell_1.0.11.2024100405/src/intersight.powershelltest/bin/debug/net6.0/intersight.powershelltest.dll" id="686cd1c8-e9e3-448c-9d77-e157cbb90336">
      <Execution id="f87379a2-d41b-476e-9bd5-0afee9a4fe07" />
      <TestMethod codeBase="/home/jenkins/workspace/Release-IS-Powershell-Module/src/github.com/cisco-intersight/powershell-generator-intersight/generated/Intersight.PowerShell_1.0.11.2024100405/src/Intersight.PowerShellTest/bin/Debug/net6.0/Intersight.PowerShellTest.dll" adapterTypeName="executor://mstestadapter/v2" className="Intersight.PowerShellTest.PSUtilsTest" name="TestCompareListString" />
    </UnitTest>
  </TestDefinitions>
  <TestEntries>
    <TestEntry testId="094821ed-5594-40ff-a522-a452f8f0a322" executionId="52c87c1f-66a3-4ded-abae-985d66c8862a" testListId="8c84fa94-04c1-424b-9868-57a2d4851a1d" />
    <TestEntry testId="535ac14e-6640-4284-a15f-9a27e8fb49d0" executionId="e988c392-1bab-45d3-a556-1d8b3f0680e0" testListId="8c84fa94-04c1-424b-9868-57a2d4851a1d" />
    <TestEntry testId="332294dc-af9f-491b-8b95-86681c0c0f2a" executionId="2e272250-88a9-40b3-9ecd-25b0443cee72" testListId="8c84fa94-04c1-424b-9868-57a2d4851a1d" />
    <TestEntry testId="35d351e5-79f2-4287-8b0e-916c41c53c44" executionId="b9107f3f-dc34-42eb-ad97-a6fc3211f316" testListId="8c84fa94-04c1-424b-9868-57a2d4851a1d" />
    <TestEntry testId="ead48925-9a21-4043-893c-95ce516d67d0" executionId="e4a9bf8e-f112-44b5-a342-64c3fa9cb68d" testListId="8c84fa94-04c1-424b-9868-57a2d4851a1d" />
    <TestEntry testId="2a9a0277-29c9-4a90-8bd5-9da64caab09a" executionId="4a076324-f80c-474c-b608-d87ad336b673" testListId="8c84fa94-04c1-424b-9868-57a2d4851a1d" />
    <TestEntry testId="44b5b1ce-39df-4d38-8a0d-cf0ad5034a6a" executionId="167cf340-d29c-4dd9-b893-33f320b94d5c" testListId="8c84fa94-04c1-424b-9868-57a2d4851a1d" />
    <TestEntry testId="06cb75b7-67cb-40ef-8545-00fc4a9460a2" executionId="2f4576d4-f4ae-4c0a-9167-0495a20434af" testListId="8c84fa94-04c1-424b-9868-57a2d4851a1d" />
    <TestEntry testId="0e551d4f-20c4-4d37-a315-2a63e8118af1" executionId="ef36c922-adcb-47d6-8776-47cca73bfbf2" testListId="8c84fa94-04c1-424b-9868-57a2d4851a1d" />
    <TestEntry testId="f5e7cb03-e126-41ee-b705-7f64cc107e1b" executionId="9c16cfcf-856b-4336-aaff-890c750d1b56" testListId="8c84fa94-04c1-424b-9868-57a2d4851a1d" />
    <TestEntry testId="686cd1c8-e9e3-448c-9d77-e157cbb90336" executionId="f87379a2-d41b-476e-9bd5-0afee9a4fe07" testListId="8c84fa94-04c1-424b-9868-57a2d4851a1d" />
    <TestEntry testId="bee617a1-06b2-45b7-8335-a8179d31dad0" executionId="3bab77a5-b315-4c3a-bc89-45410155868b" testListId="8c84fa94-04c1-424b-9868-57a2d4851a1d" />
    <TestEntry testId="1d3611fd-f143-4fbe-8c2c-382a0cf7d461" executionId="815f7907-cbb2-4d5b-9fa2-2bfc8418ad4b" testListId="8c84fa94-04c1-424b-9868-57a2d4851a1d" />
    <TestEntry testId="1c52a601-c180-4082-ba96-504cc5942f10" executionId="5ee70732-8799-472f-885b-0a1330dcc9e1" testListId="8c84fa94-04c1-424b-9868-57a2d4851a1d" />
    <TestEntry testId="b51b27d8-52dc-4203-ab21-674ad4c98bd1" executionId="ef6380bf-aa6b-408c-ba3b-14c06dc981a9" testListId="8c84fa94-04c1-424b-9868-57a2d4851a1d" />
    <TestEntry testId="76a77751-88b0-4e38-8bb1-df643773da3f" executionId="8d613fe2-c7cd-4124-8506-c3e26cab22a1" testListId="8c84fa94-04c1-424b-9868-57a2d4851a1d" />
    <TestEntry testId="34f24ad2-c387-4d36-b447-d222247fbf8a" executionId="50e7b4da-3a63-4e40-abf1-da4f243a27c4" testListId="8c84fa94-04c1-424b-9868-57a2d4851a1d" />
    <TestEntry testId="aedf2ba9-1e0a-4f53-a1b5-12695786bf82" executionId="1f300076-179b-4431-9b91-1c445ee3138a" testListId="8c84fa94-04c1-424b-9868-57a2d4851a1d" />
    <TestEntry testId="a25ffac7-3b14-4dbb-a407-34d1fafe1d1a" executionId="e3ce8b8f-0d4f-46e6-9544-c7911cd8b856" testListId="8c84fa94-04c1-424b-9868-57a2d4851a1d" />
    <TestEntry testId="c06be1f3-5974-432b-99e7-bc29fef9733f" executionId="65531045-cbd5-4a7c-b353-a1100aedb93f" testListId="8c84fa94-04c1-424b-9868-57a2d4851a1d" />
    <TestEntry testId="840db6ee-f87b-46ab-a699-1a51a2b67bc5" executionId="b78e99aa-5981-429f-a1dc-e291200b2a4a" testListId="8c84fa94-04c1-424b-9868-57a2d4851a1d" />
  </TestEntries>
  <TestLists>
    <TestList name="Results Not in a List" id="8c84fa94-04c1-424b-9868-57a2d4851a1d" />
    <TestList name="All Loaded Results" id="19431567-8539-422a-85d7-44ee4e166bda" />
  </TestLists>
  <ResultSummary outcome="Completed">
    <Counters total="21" executed="21" passed="21" failed="0" error="0" timeout="0" aborted="0" inconclusive="0" passedButRunAborted="0" notRunnable="0" notExecuted="0" disconnected="0" warning="0" completed="0" inProgress="0" pending="0" />
  </ResultSummary>
</TestRun>