<?xml version="1.0" encoding="utf-8"?>
<TestRun id="c9704ed6-fd02-4103-ba43-bd214ea4b03c" name="@sam-tools01 2024-08-13 11:04:54" xmlns="http://microsoft.com/schemas/VisualStudio/TeamTest/2010">
  <Times creation="2024-08-13T11:04:54.2354428+05:30" queuing="2024-08-13T11:04:54.2354429+05:30" start="2024-08-13T11:04:51.9985687+05:30" finish="2024-08-13T11:04:54.4128427+05:30" />
  <TestSettings name="default" id="4c6def0b-fb7b-42a2-9bef-0ce61d0ca44b">
    <Deployment runDeploymentRoot="_sam-tools01_2024-08-13_11_04_54" />
  </TestSettings>
  <Results>
    <UnitTestResult executionId="a6c3f9bd-6d87-4c84-9293-edb34896c99f" testId="5b35c877-4c24-4d3a-a9fb-240dedcee978" testName="TestCompareDictionary" computerName="sam-tools01" duration="00:00:00.0019644" startTime="2024-08-13T11:04:54.1100257+05:30" endTime="2024-08-13T11:04:54.1121503+05:30" testType="13cdc9d9-ddb5-4fa4-a97d-d965ccfc6d4b" outcome="Passed" testListId="8c84fa94-04c1-424b-9868-57a2d4851a1d" relativeResultsDirectory="a6c3f9bd-6d87-4c84-9293-edb34896c99f" />
    <UnitTestResult executionId="9f812b62-76c9-40ac-a7e9-f6cf8bff7524" testId="fb791828-8c28-4b8e-89c2-9d805f681a3d" testName="TestCompareListForBootDeviceNegative2" computerName="sam-tools01" duration="00:00:00.0008123" startTime="2024-08-13T11:04:54.1025964+05:30" endTime="2024-08-13T11:04:54.1036098+05:30" testType="13cdc9d9-ddb5-4fa4-a97d-d965ccfc6d4b" outcome="Passed" testListId="8c84fa94-04c1-424b-9868-57a2d4851a1d" relativeResultsDirectory="9f812b62-76c9-40ac-a7e9-f6cf8bff7524" />
    <UnitTestResult executionId="1ab7ae97-40f7-469d-8a90-5f62220131a7" testId="c1e2f700-757f-4d5f-854f-201fe58bdaa8" testName="TestCompareListStringNegative" computerName="sam-tools01" duration="00:00:00.0003379" startTime="2024-08-13T11:04:54.0912417+05:30" endTime="2024-08-13T11:04:54.0917263+05:30" testType="13cdc9d9-ddb5-4fa4-a97d-d965ccfc6d4b" outcome="Passed" testListId="8c84fa94-04c1-424b-9868-57a2d4851a1d" relativeResultsDirectory="1ab7ae97-40f7-469d-8a90-5f62220131a7" />
    <UnitTestResult executionId="dc6173ec-68ac-4027-adb2-74d4d7b68539" testId="005247fd-b190-4f6a-b69f-2ecac92e66a2" testName="TestCompareListMoTag" computerName="sam-tools01" duration="00:00:00.0014589" startTime="2024-08-13T11:04:54.1036587+05:30" endTime="2024-08-13T11:04:54.1052978+05:30" testType="13cdc9d9-ddb5-4fa4-a97d-d965ccfc6d4b" outcome="Passed" testListId="8c84fa94-04c1-424b-9868-57a2d4851a1d" relativeResultsDirectory="dc6173ec-68ac-4027-adb2-74d4d7b68539" />
    <UnitTestResult executionId="38ea1ffc-d596-48ca-a922-d6515f7273ec" testId="b469f09f-a7a4-484d-be14-463dfdfb32c2" testName="TestCompareListInt" computerName="sam-tools01" duration="00:00:00.0068442" startTime="2024-08-13T11:04:54.0029935+05:30" endTime="2024-08-13T11:04:54.0100634+05:30" testType="13cdc9d9-ddb5-4fa4-a97d-d965ccfc6d4b" outcome="Passed" testListId="8c84fa94-04c1-424b-9868-57a2d4851a1d" relativeResultsDirectory="38ea1ffc-d596-48ca-a922-d6515f7273ec" />
    <UnitTestResult executionId="2a7ce83e-09a6-44d9-9ae0-282e4e4a9914" testId="87806c5a-199a-461b-a945-95673f6221fd" testName="TestCompareIntersightObjectNtpPolicyNegative" computerName="sam-tools01" duration="00:00:00.0010126" startTime="2024-08-13T11:04:53.6697952+05:30" endTime="2024-08-13T11:04:53.6712152+05:30" testType="13cdc9d9-ddb5-4fa4-a97d-d965ccfc6d4b" outcome="Passed" testListId="8c84fa94-04c1-424b-9868-57a2d4851a1d" relativeResultsDirectory="2a7ce83e-09a6-44d9-9ae0-282e4e4a9914" />
    <UnitTestResult executionId="2b0c23a0-de8f-47a7-81f6-0d17a3912efe" testId="37cace76-73c9-436d-8d7d-7b77f4e21056" testName="TestCompareIntersightObjectOrganization" computerName="sam-tools01" duration="00:00:00.0382024" startTime="2024-08-13T11:04:53.6713221+05:30" endTime="2024-08-13T11:04:53.7097082+05:30" testType="13cdc9d9-ddb5-4fa4-a97d-d965ccfc6d4b" outcome="Passed" testListId="8c84fa94-04c1-424b-9868-57a2d4851a1d" relativeResultsDirectory="2b0c23a0-de8f-47a7-81f6-0d17a3912efe" />
    <UnitTestResult executionId="9127a0ab-fb36-41b0-8103-556c22b9aeed" testId="4ff5ae28-5d8f-448e-baf2-fab6ba144159" testName="TestCompareListIntNegative" computerName="sam-tools01" duration="00:00:00.0003628" startTime="2024-08-13T11:04:54.0101438+05:30" endTime="2024-08-13T11:04:54.0106893+05:30" testType="13cdc9d9-ddb5-4fa4-a97d-d965ccfc6d4b" outcome="Passed" testListId="8c84fa94-04c1-424b-9868-57a2d4851a1d" relativeResultsDirectory="9127a0ab-fb36-41b0-8103-556c22b9aeed" />
    <UnitTestResult executionId="9089cced-fc35-4fff-a2b9-0da1d8fdba66" testId="09c6a70f-85e1-403f-81c0-24c76c2abf72" testName="TestCompareListMorefNegative" computerName="sam-tools01" duration="00:00:00.0006235" startTime="2024-08-13T11:04:54.0952709+05:30" endTime="2024-08-13T11:04:54.0960322+05:30" testType="13cdc9d9-ddb5-4fa4-a97d-d965ccfc6d4b" outcome="Passed" testListId="8c84fa94-04c1-424b-9868-57a2d4851a1d" relativeResultsDirectory="9089cced-fc35-4fff-a2b9-0da1d8fdba66" />
    <UnitTestResult executionId="7630c203-9238-4ff6-b024-2f014dfc95b4" testId="9e028a6c-ca6a-4a2c-88c6-c1edf855ff0d" testName="TestCompareListForBootDeviceNegative" computerName="sam-tools01" duration="00:00:00.0023422" startTime="2024-08-13T11:04:54.1000517+05:30" endTime="2024-08-13T11:04:54.1025341+05:30" testType="13cdc9d9-ddb5-4fa4-a97d-d965ccfc6d4b" outcome="Passed" testListId="8c84fa94-04c1-424b-9868-57a2d4851a1d" relativeResultsDirectory="7630c203-9238-4ff6-b024-2f014dfc95b4" />
    <UnitTestResult executionId="0d643c53-eb6d-4acd-bd93-2df0f43bbb29" testId="bf23d05d-bd98-4b71-bdec-e6da4b6155f2" testName="TestCompareIntersightObjectBootPrecisionPolicyNegative" computerName="sam-tools01" duration="00:00:00.0268251" startTime="2024-08-13T11:04:53.9757282+05:30" endTime="2024-08-13T11:04:54.0028789+05:30" testType="13cdc9d9-ddb5-4fa4-a97d-d965ccfc6d4b" outcome="Passed" testListId="8c84fa94-04c1-424b-9868-57a2d4851a1d" relativeResultsDirectory="0d643c53-eb6d-4acd-bd93-2df0f43bbb29" />
    <UnitTestResult executionId="7f05340e-abf5-4c5a-a7d1-0b2b5533aa71" testId="dc203a55-346c-4b37-b792-0868e01dbcd5" testName="TestCompareDictionaryNegative" computerName="sam-tools01" duration="00:00:00.0003724" startTime="2024-08-13T11:04:54.1122055+05:30" endTime="2024-08-13T11:04:54.1127200+05:30" testType="13cdc9d9-ddb5-4fa4-a97d-d965ccfc6d4b" outcome="Passed" testListId="8c84fa94-04c1-424b-9868-57a2d4851a1d" relativeResultsDirectory="7f05340e-abf5-4c5a-a7d1-0b2b5533aa71" />
    <UnitTestResult executionId="3f88a087-de80-44b3-8bbb-ea2456960067" testId="533fbf3a-7869-4c2d-885d-bfe815ebbd5f" testName="TestCompareIntersightObjectOrganizationNegative" computerName="sam-tools01" duration="00:00:00.0004792" startTime="2024-08-13T11:04:53.7098407+05:30" endTime="2024-08-13T11:04:53.7105480+05:30" testType="13cdc9d9-ddb5-4fa4-a97d-d965ccfc6d4b" outcome="Passed" testListId="8c84fa94-04c1-424b-9868-57a2d4851a1d" relativeResultsDirectory="3f88a087-de80-44b3-8bbb-ea2456960067" />
    <UnitTestResult executionId="658505e0-459e-427a-a252-60fa3f7c7690" testId="35ce3207-7572-4fd7-ac4c-c408126323d8" testName="TestCompareListBool" computerName="sam-tools01" duration="00:00:00.0043241" startTime="2024-08-13T11:04:54.0107749+05:30" endTime="2024-08-13T11:04:54.0152583+05:30" testType="13cdc9d9-ddb5-4fa4-a97d-d965ccfc6d4b" outcome="Passed" testListId="8c84fa94-04c1-424b-9868-57a2d4851a1d" relativeResultsDirectory="658505e0-459e-427a-a252-60fa3f7c7690" />
    <UnitTestResult executionId="ae96c4af-6404-414a-89f3-a54d07315dd1" testId="db3b9363-c5ff-4e57-aa96-abdd33dd039a" testName="TestCompareListMoTagNegative" computerName="sam-tools01" duration="00:00:00.0005236" startTime="2024-08-13T11:04:54.1053484+05:30" endTime="2024-08-13T11:04:54.1060074+05:30" testType="13cdc9d9-ddb5-4fa4-a97d-d965ccfc6d4b" outcome="Passed" testListId="8c84fa94-04c1-424b-9868-57a2d4851a1d" relativeResultsDirectory="ae96c4af-6404-414a-89f3-a54d07315dd1" />
    <UnitTestResult executionId="fc40351c-7325-4d0e-9cff-defa13bbf352" testId="2ba8a2ee-0924-45ed-a696-181806a2466e" testName="TestCompareDictionaryComplexObject" computerName="sam-tools01" duration="00:00:00.1772902" startTime="2024-08-13T11:04:54.1127984+05:30" endTime="2024-08-13T11:04:54.2905981+05:30" testType="13cdc9d9-ddb5-4fa4-a97d-d965ccfc6d4b" outcome="Passed" testListId="8c84fa94-04c1-424b-9868-57a2d4851a1d" relativeResultsDirectory="fc40351c-7325-4d0e-9cff-defa13bbf352" />
    <UnitTestResult executionId="acda92a6-95fd-4571-acd3-4a09ffdcda1a" testId="489e6d4d-3f9c-4b60-b145-80b2a48f137d" testName="TestCompareListMoref" computerName="sam-tools01" duration="00:00:00.0032607" startTime="2024-08-13T11:04:54.0918228+05:30" endTime="2024-08-13T11:04:54.0952213+05:30" testType="13cdc9d9-ddb5-4fa4-a97d-d965ccfc6d4b" outcome="Passed" testListId="8c84fa94-04c1-424b-9868-57a2d4851a1d" relativeResultsDirectory="acda92a6-95fd-4571-acd3-4a09ffdcda1a" />
    <UnitTestResult executionId="b66139b4-3c8d-44c0-bb72-2d375ba43824" testId="b2432b48-ad86-46c6-bc7c-2ebd60bbc08b" testName="TestCompareIntersightObjectNtpPolicy" computerName="sam-tools01" duration="00:00:00.4558463" startTime="2024-08-13T11:04:53.1654862+05:30" endTime="2024-08-13T11:04:53.6527871+05:30" testType="13cdc9d9-ddb5-4fa4-a97d-d965ccfc6d4b" outcome="Passed" testListId="8c84fa94-04c1-424b-9868-57a2d4851a1d" relativeResultsDirectory="b66139b4-3c8d-44c0-bb72-2d375ba43824" />
    <UnitTestResult executionId="48b58b3f-10f0-464d-8c74-ddc199205b5b" testId="18ef1ac9-8377-4a32-b7bd-36be3181653b" testName="TestCompareListForBootDevice" computerName="sam-tools01" duration="00:00:00.0037863" startTime="2024-08-13T11:04:54.0960791+05:30" endTime="2024-08-13T11:04:54.0999997+05:30" testType="13cdc9d9-ddb5-4fa4-a97d-d965ccfc6d4b" outcome="Passed" testListId="8c84fa94-04c1-424b-9868-57a2d4851a1d" relativeResultsDirectory="48b58b3f-10f0-464d-8c74-ddc199205b5b" />
    <UnitTestResult executionId="79f72c0e-d8ec-4076-96ec-a514beb245d5" testId="e2b9980e-e879-4b74-9c4c-c387e7f0d30c" testName="TestCompareListString" computerName="sam-tools01" duration="00:00:00.0017625" startTime="2024-08-13T11:04:54.0891110+05:30" endTime="2024-08-13T11:04:54.0911507+05:30" testType="13cdc9d9-ddb5-4fa4-a97d-d965ccfc6d4b" outcome="Passed" testListId="8c84fa94-04c1-424b-9868-57a2d4851a1d" relativeResultsDirectory="79f72c0e-d8ec-4076-96ec-a514beb245d5" />
    <UnitTestResult executionId="0111e7c3-177f-476b-9255-89d80148bb8b" testId="a5a40094-a6f8-4e46-8f89-228e5f6feda8" testName="TestCompareIntersightObjectBootPrecisionPolicy" computerName="sam-tools01" duration="00:00:00.2646801" startTime="2024-08-13T11:04:53.7106033+05:30" endTime="2024-08-13T11:04:53.9755442+05:30" testType="13cdc9d9-ddb5-4fa4-a97d-d965ccfc6d4b" outcome="Passed" testListId="8c84fa94-04c1-424b-9868-57a2d4851a1d" relativeResultsDirectory="0111e7c3-177f-476b-9255-89d80148bb8b" />
  </Results>
  <TestDefinitions>
    <UnitTest name="TestCompareIntersightObjectNtpPolicy" storage="/home/jenkins/workspace/release-is-powershell-module/src/github.com/cisco-intersight/powershell-generator-intersight/generated/intersight.powershell_1.0.11.17956/src/intersight.powershelltest/bin/debug/net6.0/intersight.powershelltest.dll" id="b2432b48-ad86-46c6-bc7c-2ebd60bbc08b">
      <Execution id="b66139b4-3c8d-44c0-bb72-2d375ba43824" />
      <TestMethod codeBase="/home/jenkins/workspace/Release-IS-Powershell-Module/src/github.com/cisco-intersight/powershell-generator-intersight/generated/Intersight.PowerShell_1.0.11.17956/src/Intersight.PowerShellTest/bin/Debug/net6.0/Intersight.PowerShellTest.dll" adapterTypeName="executor://mstestadapter/v2" className="Intersight.PowerShellTest.PSUtilsTest" name="TestCompareIntersightObjectNtpPolicy" />
    </UnitTest>
    <UnitTest name="TestCompareIntersightObjectBootPrecisionPolicy" storage="/home/jenkins/workspace/release-is-powershell-module/src/github.com/cisco-intersight/powershell-generator-intersight/generated/intersight.powershell_1.0.11.17956/src/intersight.powershelltest/bin/debug/net6.0/intersight.powershelltest.dll" id="a5a40094-a6f8-4e46-8f89-228e5f6feda8">
      <Execution id="0111e7c3-177f-476b-9255-89d80148bb8b" />
      <TestMethod codeBase="/home/jenkins/workspace/Release-IS-Powershell-Module/src/github.com/cisco-intersight/powershell-generator-intersight/generated/Intersight.PowerShell_1.0.11.17956/src/Intersight.PowerShellTest/bin/Debug/net6.0/Intersight.PowerShellTest.dll" adapterTypeName="executor://mstestadapter/v2" className="Intersight.PowerShellTest.PSUtilsTest" name="TestCompareIntersightObjectBootPrecisionPolicy" />
    </UnitTest>
    <UnitTest name="TestCompareListStringNegative" storage="/home/jenkins/workspace/release-is-powershell-module/src/github.com/cisco-intersight/powershell-generator-intersight/generated/intersight.powershell_1.0.11.17956/src/intersight.powershelltest/bin/debug/net6.0/intersight.powershelltest.dll" id="c1e2f700-757f-4d5f-854f-201fe58bdaa8">
      <Execution id="1ab7ae97-40f7-469d-8a90-5f62220131a7" />
      <TestMethod codeBase="/home/jenkins/workspace/Release-IS-Powershell-Module/src/github.com/cisco-intersight/powershell-generator-intersight/generated/Intersight.PowerShell_1.0.11.17956/src/Intersight.PowerShellTest/bin/Debug/net6.0/Intersight.PowerShellTest.dll" adapterTypeName="executor://mstestadapter/v2" className="Intersight.PowerShellTest.PSUtilsTest" name="TestCompareListStringNegative" />
    </UnitTest>
    <UnitTest name="TestCompareListInt" storage="/home/jenkins/workspace/release-is-powershell-module/src/github.com/cisco-intersight/powershell-generator-intersight/generated/intersight.powershell_1.0.11.17956/src/intersight.powershelltest/bin/debug/net6.0/intersight.powershelltest.dll" id="b469f09f-a7a4-484d-be14-463dfdfb32c2">
      <Execution id="38ea1ffc-d596-48ca-a922-d6515f7273ec" />
      <TestMethod codeBase="/home/jenkins/workspace/Release-IS-Powershell-Module/src/github.com/cisco-intersight/powershell-generator-intersight/generated/Intersight.PowerShell_1.0.11.17956/src/Intersight.PowerShellTest/bin/Debug/net6.0/Intersight.PowerShellTest.dll" adapterTypeName="executor://mstestadapter/v2" className="Intersight.PowerShellTest.PSUtilsTest" name="TestCompareListInt" />
    </UnitTest>
    <UnitTest name="TestCompareListForBootDevice" storage="/home/jenkins/workspace/release-is-powershell-module/src/github.com/cisco-intersight/powershell-generator-intersight/generated/intersight.powershell_1.0.11.17956/src/intersight.powershelltest/bin/debug/net6.0/intersight.powershelltest.dll" id="18ef1ac9-8377-4a32-b7bd-36be3181653b">
      <Execution id="48b58b3f-10f0-464d-8c74-ddc199205b5b" />
      <TestMethod codeBase="/home/jenkins/workspace/Release-IS-Powershell-Module/src/github.com/cisco-intersight/powershell-generator-intersight/generated/Intersight.PowerShell_1.0.11.17956/src/Intersight.PowerShellTest/bin/Debug/net6.0/Intersight.PowerShellTest.dll" adapterTypeName="executor://mstestadapter/v2" className="Intersight.PowerShellTest.PSUtilsTest" name="TestCompareListForBootDevice" />
    </UnitTest>
    <UnitTest name="TestCompareListForBootDeviceNegative2" storage="/home/jenkins/workspace/release-is-powershell-module/src/github.com/cisco-intersight/powershell-generator-intersight/generated/intersight.powershell_1.0.11.17956/src/intersight.powershelltest/bin/debug/net6.0/intersight.powershelltest.dll" id="fb791828-8c28-4b8e-89c2-9d805f681a3d">
      <Execution id="9f812b62-76c9-40ac-a7e9-f6cf8bff7524" />
      <TestMethod codeBase="/home/jenkins/workspace/Release-IS-Powershell-Module/src/github.com/cisco-intersight/powershell-generator-intersight/generated/Intersight.PowerShell_1.0.11.17956/src/Intersight.PowerShellTest/bin/Debug/net6.0/Intersight.PowerShellTest.dll" adapterTypeName="executor://mstestadapter/v2" className="Intersight.PowerShellTest.PSUtilsTest" name="TestCompareListForBootDeviceNegative2" />
    </UnitTest>
    <UnitTest name="TestCompareListString" storage="/home/jenkins/workspace/release-is-powershell-module/src/github.com/cisco-intersight/powershell-generator-intersight/generated/intersight.powershell_1.0.11.17956/src/intersight.powershelltest/bin/debug/net6.0/intersight.powershelltest.dll" id="e2b9980e-e879-4b74-9c4c-c387e7f0d30c">
      <Execution id="79f72c0e-d8ec-4076-96ec-a514beb245d5" />
      <TestMethod codeBase="/home/jenkins/workspace/Release-IS-Powershell-Module/src/github.com/cisco-intersight/powershell-generator-intersight/generated/Intersight.PowerShell_1.0.11.17956/src/Intersight.PowerShellTest/bin/Debug/net6.0/Intersight.PowerShellTest.dll" adapterTypeName="executor://mstestadapter/v2" className="Intersight.PowerShellTest.PSUtilsTest" name="TestCompareListString" />
    </UnitTest>
    <UnitTest name="TestCompareIntersightObjectOrganization" storage="/home/jenkins/workspace/release-is-powershell-module/src/github.com/cisco-intersight/powershell-generator-intersight/generated/intersight.powershell_1.0.11.17956/src/intersight.powershelltest/bin/debug/net6.0/intersight.powershelltest.dll" id="37cace76-73c9-436d-8d7d-7b77f4e21056">
      <Execution id="2b0c23a0-de8f-47a7-81f6-0d17a3912efe" />
      <TestMethod codeBase="/home/jenkins/workspace/Release-IS-Powershell-Module/src/github.com/cisco-intersight/powershell-generator-intersight/generated/Intersight.PowerShell_1.0.11.17956/src/Intersight.PowerShellTest/bin/Debug/net6.0/Intersight.PowerShellTest.dll" adapterTypeName="executor://mstestadapter/v2" className="Intersight.PowerShellTest.PSUtilsTest" name="TestCompareIntersightObjectOrganization" />
    </UnitTest>
    <UnitTest name="TestCompareDictionary" storage="/home/jenkins/workspace/release-is-powershell-module/src/github.com/cisco-intersight/powershell-generator-intersight/generated/intersight.powershell_1.0.11.17956/src/intersight.powershelltest/bin/debug/net6.0/intersight.powershelltest.dll" id="5b35c877-4c24-4d3a-a9fb-240dedcee978">
      <Execution id="a6c3f9bd-6d87-4c84-9293-edb34896c99f" />
      <TestMethod codeBase="/home/jenkins/workspace/Release-IS-Powershell-Module/src/github.com/cisco-intersight/powershell-generator-intersight/generated/Intersight.PowerShell_1.0.11.17956/src/Intersight.PowerShellTest/bin/Debug/net6.0/Intersight.PowerShellTest.dll" adapterTypeName="executor://mstestadapter/v2" className="Intersight.PowerShellTest.PSUtilsTest" name="TestCompareDictionary" />
    </UnitTest>
    <UnitTest name="TestCompareDictionaryComplexObject" storage="/home/jenkins/workspace/release-is-powershell-module/src/github.com/cisco-intersight/powershell-generator-intersight/generated/intersight.powershell_1.0.11.17956/src/intersight.powershelltest/bin/debug/net6.0/intersight.powershelltest.dll" id="2ba8a2ee-0924-45ed-a696-181806a2466e">
      <Execution id="fc40351c-7325-4d0e-9cff-defa13bbf352" />
      <TestMethod codeBase="/home/jenkins/workspace/Release-IS-Powershell-Module/src/github.com/cisco-intersight/powershell-generator-intersight/generated/Intersight.PowerShell_1.0.11.17956/src/Intersight.PowerShellTest/bin/Debug/net6.0/Intersight.PowerShellTest.dll" adapterTypeName="executor://mstestadapter/v2" className="Intersight.PowerShellTest.PSUtilsTest" name="TestCompareDictionaryComplexObject" />
    </UnitTest>
    <UnitTest name="TestCompareListIntNegative" storage="/home/jenkins/workspace/release-is-powershell-module/src/github.com/cisco-intersight/powershell-generator-intersight/generated/intersight.powershell_1.0.11.17956/src/intersight.powershelltest/bin/debug/net6.0/intersight.powershelltest.dll" id="4ff5ae28-5d8f-448e-baf2-fab6ba144159">
      <Execution id="9127a0ab-fb36-41b0-8103-556c22b9aeed" />
      <TestMethod codeBase="/home/jenkins/workspace/Release-IS-Powershell-Module/src/github.com/cisco-intersight/powershell-generator-intersight/generated/Intersight.PowerShell_1.0.11.17956/src/Intersight.PowerShellTest/bin/Debug/net6.0/Intersight.PowerShellTest.dll" adapterTypeName="executor://mstestadapter/v2" className="Intersight.PowerShellTest.PSUtilsTest" name="TestCompareListIntNegative" />
    </UnitTest>
    <UnitTest name="TestCompareListBool" storage="/home/jenkins/workspace/release-is-powershell-module/src/github.com/cisco-intersight/powershell-generator-intersight/generated/intersight.powershell_1.0.11.17956/src/intersight.powershelltest/bin/debug/net6.0/intersight.powershelltest.dll" id="35ce3207-7572-4fd7-ac4c-c408126323d8">
      <Execution id="658505e0-459e-427a-a252-60fa3f7c7690" />
      <TestMethod codeBase="/home/jenkins/workspace/Release-IS-Powershell-Module/src/github.com/cisco-intersight/powershell-generator-intersight/generated/Intersight.PowerShell_1.0.11.17956/src/Intersight.PowerShellTest/bin/Debug/net6.0/Intersight.PowerShellTest.dll" adapterTypeName="executor://mstestadapter/v2" className="Intersight.PowerShellTest.PSUtilsTest" name="TestCompareListBool" />
    </UnitTest>
    <UnitTest name="TestCompareListMoTag" storage="/home/jenkins/workspace/release-is-powershell-module/src/github.com/cisco-intersight/powershell-generator-intersight/generated/intersight.powershell_1.0.11.17956/src/intersight.powershelltest/bin/debug/net6.0/intersight.powershelltest.dll" id="005247fd-b190-4f6a-b69f-2ecac92e66a2">
      <Execution id="dc6173ec-68ac-4027-adb2-74d4d7b68539" />
      <TestMethod codeBase="/home/jenkins/workspace/Release-IS-Powershell-Module/src/github.com/cisco-intersight/powershell-generator-intersight/generated/Intersight.PowerShell_1.0.11.17956/src/Intersight.PowerShellTest/bin/Debug/net6.0/Intersight.PowerShellTest.dll" adapterTypeName="executor://mstestadapter/v2" className="Intersight.PowerShellTest.PSUtilsTest" name="TestCompareListMoTag" />
    </UnitTest>
    <UnitTest name="TestCompareListForBootDeviceNegative" storage="/home/jenkins/workspace/release-is-powershell-module/src/github.com/cisco-intersight/powershell-generator-intersight/generated/intersight.powershell_1.0.11.17956/src/intersight.powershelltest/bin/debug/net6.0/intersight.powershelltest.dll" id="9e028a6c-ca6a-4a2c-88c6-c1edf855ff0d">
      <Execution id="7630c203-9238-4ff6-b024-2f014dfc95b4" />
      <TestMethod codeBase="/home/jenkins/workspace/Release-IS-Powershell-Module/src/github.com/cisco-intersight/powershell-generator-intersight/generated/Intersight.PowerShell_1.0.11.17956/src/Intersight.PowerShellTest/bin/Debug/net6.0/Intersight.PowerShellTest.dll" adapterTypeName="executor://mstestadapter/v2" className="Intersight.PowerShellTest.PSUtilsTest" name="TestCompareListForBootDeviceNegative" />
    </UnitTest>
    <UnitTest name="TestCompareListMoref" storage="/home/jenkins/workspace/release-is-powershell-module/src/github.com/cisco-intersight/powershell-generator-intersight/generated/intersight.powershell_1.0.11.17956/src/intersight.powershelltest/bin/debug/net6.0/intersight.powershelltest.dll" id="489e6d4d-3f9c-4b60-b145-80b2a48f137d">
      <Execution id="acda92a6-95fd-4571-acd3-4a09ffdcda1a" />
      <TestMethod codeBase="/home/jenkins/workspace/Release-IS-Powershell-Module/src/github.com/cisco-intersight/powershell-generator-intersight/generated/Intersight.PowerShell_1.0.11.17956/src/Intersight.PowerShellTest/bin/Debug/net6.0/Intersight.PowerShellTest.dll" adapterTypeName="executor://mstestadapter/v2" className="Intersight.PowerShellTest.PSUtilsTest" name="TestCompareListMoref" />
    </UnitTest>
    <UnitTest name="TestCompareDictionaryNegative" storage="/home/jenkins/workspace/release-is-powershell-module/src/github.com/cisco-intersight/powershell-generator-intersight/generated/intersight.powershell_1.0.11.17956/src/intersight.powershelltest/bin/debug/net6.0/intersight.powershelltest.dll" id="dc203a55-346c-4b37-b792-0868e01dbcd5">
      <Execution id="7f05340e-abf5-4c5a-a7d1-0b2b5533aa71" />
      <TestMethod codeBase="/home/jenkins/workspace/Release-IS-Powershell-Module/src/github.com/cisco-intersight/powershell-generator-intersight/generated/Intersight.PowerShell_1.0.11.17956/src/Intersight.PowerShellTest/bin/Debug/net6.0/Intersight.PowerShellTest.dll" adapterTypeName="executor://mstestadapter/v2" className="Intersight.PowerShellTest.PSUtilsTest" name="TestCompareDictionaryNegative" />
    </UnitTest>
    <UnitTest name="TestCompareListMoTagNegative" storage="/home/jenkins/workspace/release-is-powershell-module/src/github.com/cisco-intersight/powershell-generator-intersight/generated/intersight.powershell_1.0.11.17956/src/intersight.powershelltest/bin/debug/net6.0/intersight.powershelltest.dll" id="db3b9363-c5ff-4e57-aa96-abdd33dd039a">
      <Execution id="ae96c4af-6404-414a-89f3-a54d07315dd1" />
      <TestMethod codeBase="/home/jenkins/workspace/Release-IS-Powershell-Module/src/github.com/cisco-intersight/powershell-generator-intersight/generated/Intersight.PowerShell_1.0.11.17956/src/Intersight.PowerShellTest/bin/Debug/net6.0/Intersight.PowerShellTest.dll" adapterTypeName="executor://mstestadapter/v2" className="Intersight.PowerShellTest.PSUtilsTest" name="TestCompareListMoTagNegative" />
    </UnitTest>
    <UnitTest name="TestCompareIntersightObjectOrganizationNegative" storage="/home/jenkins/workspace/release-is-powershell-module/src/github.com/cisco-intersight/powershell-generator-intersight/generated/intersight.powershell_1.0.11.17956/src/intersight.powershelltest/bin/debug/net6.0/intersight.powershelltest.dll" id="533fbf3a-7869-4c2d-885d-bfe815ebbd5f">
      <Execution id="3f88a087-de80-44b3-8bbb-ea2456960067" />
      <TestMethod codeBase="/home/jenkins/workspace/Release-IS-Powershell-Module/src/github.com/cisco-intersight/powershell-generator-intersight/generated/Intersight.PowerShell_1.0.11.17956/src/Intersight.PowerShellTest/bin/Debug/net6.0/Intersight.PowerShellTest.dll" adapterTypeName="executor://mstestadapter/v2" className="Intersight.PowerShellTest.PSUtilsTest" name="TestCompareIntersightObjectOrganizationNegative" />
    </UnitTest>
    <UnitTest name="TestCompareListMorefNegative" storage="/home/jenkins/workspace/release-is-powershell-module/src/github.com/cisco-intersight/powershell-generator-intersight/generated/intersight.powershell_1.0.11.17956/src/intersight.powershelltest/bin/debug/net6.0/intersight.powershelltest.dll" id="09c6a70f-85e1-403f-81c0-24c76c2abf72">
      <Execution id="9089cced-fc35-4fff-a2b9-0da1d8fdba66" />
      <TestMethod codeBase="/home/jenkins/workspace/Release-IS-Powershell-Module/src/github.com/cisco-intersight/powershell-generator-intersight/generated/Intersight.PowerShell_1.0.11.17956/src/Intersight.PowerShellTest/bin/Debug/net6.0/Intersight.PowerShellTest.dll" adapterTypeName="executor://mstestadapter/v2" className="Intersight.PowerShellTest.PSUtilsTest" name="TestCompareListMorefNegative" />
    </UnitTest>
    <UnitTest name="TestCompareIntersightObjectNtpPolicyNegative" storage="/home/jenkins/workspace/release-is-powershell-module/src/github.com/cisco-intersight/powershell-generator-intersight/generated/intersight.powershell_1.0.11.17956/src/intersight.powershelltest/bin/debug/net6.0/intersight.powershelltest.dll" id="87806c5a-199a-461b-a945-95673f6221fd">
      <Execution id="2a7ce83e-09a6-44d9-9ae0-282e4e4a9914" />
      <TestMethod codeBase="/home/jenkins/workspace/Release-IS-Powershell-Module/src/github.com/cisco-intersight/powershell-generator-intersight/generated/Intersight.PowerShell_1.0.11.17956/src/Intersight.PowerShellTest/bin/Debug/net6.0/Intersight.PowerShellTest.dll" adapterTypeName="executor://mstestadapter/v2" className="Intersight.PowerShellTest.PSUtilsTest" name="TestCompareIntersightObjectNtpPolicyNegative" />
    </UnitTest>
    <UnitTest name="TestCompareIntersightObjectBootPrecisionPolicyNegative" storage="/home/jenkins/workspace/release-is-powershell-module/src/github.com/cisco-intersight/powershell-generator-intersight/generated/intersight.powershell_1.0.11.17956/src/intersight.powershelltest/bin/debug/net6.0/intersight.powershelltest.dll" id="bf23d05d-bd98-4b71-bdec-e6da4b6155f2">
      <Execution id="0d643c53-eb6d-4acd-bd93-2df0f43bbb29" />
      <TestMethod codeBase="/home/jenkins/workspace/Release-IS-Powershell-Module/src/github.com/cisco-intersight/powershell-generator-intersight/generated/Intersight.PowerShell_1.0.11.17956/src/Intersight.PowerShellTest/bin/Debug/net6.0/Intersight.PowerShellTest.dll" adapterTypeName="executor://mstestadapter/v2" className="Intersight.PowerShellTest.PSUtilsTest" name="TestCompareIntersightObjectBootPrecisionPolicyNegative" />
    </UnitTest>
  </TestDefinitions>
  <TestEntries>
    <TestEntry testId="5b35c877-4c24-4d3a-a9fb-240dedcee978" executionId="a6c3f9bd-6d87-4c84-9293-edb34896c99f" testListId="8c84fa94-04c1-424b-9868-57a2d4851a1d" />
    <TestEntry testId="fb791828-8c28-4b8e-89c2-9d805f681a3d" executionId="9f812b62-76c9-40ac-a7e9-f6cf8bff7524" testListId="8c84fa94-04c1-424b-9868-57a2d4851a1d" />
    <TestEntry testId="c1e2f700-757f-4d5f-854f-201fe58bdaa8" executionId="1ab7ae97-40f7-469d-8a90-5f62220131a7" testListId="8c84fa94-04c1-424b-9868-57a2d4851a1d" />
    <TestEntry testId="005247fd-b190-4f6a-b69f-2ecac92e66a2" executionId="dc6173ec-68ac-4027-adb2-74d4d7b68539" testListId="8c84fa94-04c1-424b-9868-57a2d4851a1d" />
    <TestEntry testId="b469f09f-a7a4-484d-be14-463dfdfb32c2" executionId="38ea1ffc-d596-48ca-a922-d6515f7273ec" testListId="8c84fa94-04c1-424b-9868-57a2d4851a1d" />
    <TestEntry testId="87806c5a-199a-461b-a945-95673f6221fd" executionId="2a7ce83e-09a6-44d9-9ae0-282e4e4a9914" testListId="8c84fa94-04c1-424b-9868-57a2d4851a1d" />
    <TestEntry testId="37cace76-73c9-436d-8d7d-7b77f4e21056" executionId="2b0c23a0-de8f-47a7-81f6-0d17a3912efe" testListId="8c84fa94-04c1-424b-9868-57a2d4851a1d" />
    <TestEntry testId="4ff5ae28-5d8f-448e-baf2-fab6ba144159" executionId="9127a0ab-fb36-41b0-8103-556c22b9aeed" testListId="8c84fa94-04c1-424b-9868-57a2d4851a1d" />
    <TestEntry testId="09c6a70f-85e1-403f-81c0-24c76c2abf72" executionId="9089cced-fc35-4fff-a2b9-0da1d8fdba66" testListId="8c84fa94-04c1-424b-9868-57a2d4851a1d" />
    <TestEntry testId="9e028a6c-ca6a-4a2c-88c6-c1edf855ff0d" executionId="7630c203-9238-4ff6-b024-2f014dfc95b4" testListId="8c84fa94-04c1-424b-9868-57a2d4851a1d" />
    <TestEntry testId="bf23d05d-bd98-4b71-bdec-e6da4b6155f2" executionId="0d643c53-eb6d-4acd-bd93-2df0f43bbb29" testListId="8c84fa94-04c1-424b-9868-57a2d4851a1d" />
    <TestEntry testId="dc203a55-346c-4b37-b792-0868e01dbcd5" executionId="7f05340e-abf5-4c5a-a7d1-0b2b5533aa71" testListId="8c84fa94-04c1-424b-9868-57a2d4851a1d" />
    <TestEntry testId="533fbf3a-7869-4c2d-885d-bfe815ebbd5f" executionId="3f88a087-de80-44b3-8bbb-ea2456960067" testListId="8c84fa94-04c1-424b-9868-57a2d4851a1d" />
    <TestEntry testId="35ce3207-7572-4fd7-ac4c-c408126323d8" executionId="658505e0-459e-427a-a252-60fa3f7c7690" testListId="8c84fa94-04c1-424b-9868-57a2d4851a1d" />
    <TestEntry testId="db3b9363-c5ff-4e57-aa96-abdd33dd039a" executionId="ae96c4af-6404-414a-89f3-a54d07315dd1" testListId="8c84fa94-04c1-424b-9868-57a2d4851a1d" />
    <TestEntry testId="2ba8a2ee-0924-45ed-a696-181806a2466e" executionId="fc40351c-7325-4d0e-9cff-defa13bbf352" testListId="8c84fa94-04c1-424b-9868-57a2d4851a1d" />
    <TestEntry testId="489e6d4d-3f9c-4b60-b145-80b2a48f137d" executionId="acda92a6-95fd-4571-acd3-4a09ffdcda1a" testListId="8c84fa94-04c1-424b-9868-57a2d4851a1d" />
    <TestEntry testId="b2432b48-ad86-46c6-bc7c-2ebd60bbc08b" executionId="b66139b4-3c8d-44c0-bb72-2d375ba43824" testListId="8c84fa94-04c1-424b-9868-57a2d4851a1d" />
    <TestEntry testId="18ef1ac9-8377-4a32-b7bd-36be3181653b" executionId="48b58b3f-10f0-464d-8c74-ddc199205b5b" testListId="8c84fa94-04c1-424b-9868-57a2d4851a1d" />
    <TestEntry testId="e2b9980e-e879-4b74-9c4c-c387e7f0d30c" executionId="79f72c0e-d8ec-4076-96ec-a514beb245d5" testListId="8c84fa94-04c1-424b-9868-57a2d4851a1d" />
    <TestEntry testId="a5a40094-a6f8-4e46-8f89-228e5f6feda8" executionId="0111e7c3-177f-476b-9255-89d80148bb8b" testListId="8c84fa94-04c1-424b-9868-57a2d4851a1d" />
  </TestEntries>
  <TestLists>
    <TestList name="Results Not in a List" id="8c84fa94-04c1-424b-9868-57a2d4851a1d" />
    <TestList name="All Loaded Results" id="19431567-8539-422a-85d7-44ee4e166bda" />
  </TestLists>
  <ResultSummary outcome="Completed">
    <Counters total="21" executed="21" passed="21" failed="0" error="0" timeout="0" aborted="0" inconclusive="0" passedButRunAborted="0" notRunnable="0" notExecuted="0" disconnected="0" warning="0" completed="0" inProgress="0" pending="0" />
  </ResultSummary>
</TestRun>