<?xml version="1.0" encoding="utf-8"?>
<TestRun id="59556b84-c7de-4a1c-bf3a-ce4b1c3d1e68" name="@sam-tools01 2024-05-31 15:08:10" xmlns="http://microsoft.com/schemas/VisualStudio/TeamTest/2010">
  <Times creation="2024-05-31T15:08:10.6875763+05:30" queuing="2024-05-31T15:08:10.6875764+05:30" start="2024-05-31T15:08:08.5256763+05:30" finish="2024-05-31T15:08:10.8713307+05:30" />
  <TestSettings name="default" id="6562f40b-a4e2-4518-9378-9b9e19eb1f3f">
    <Deployment runDeploymentRoot="_sam-tools01_2024-05-31_15_08_10" />
  </TestSettings>
  <Results>
    <UnitTestResult executionId="6c9844ee-3a21-4aa7-a11a-74fc1e5b779e" testId="bba06734-1431-4fde-8279-d9cfce58ce40" testName="TestCompareListForBootDeviceNegative2" computerName="sam-tools01" duration="00:00:00.0008438" startTime="2024-05-31T15:08:10.5753750+05:30" endTime="2024-05-31T15:08:10.5764074+05:30" testType="13cdc9d9-ddb5-4fa4-a97d-d965ccfc6d4b" outcome="Passed" testListId="8c84fa94-04c1-424b-9868-57a2d4851a1d" relativeResultsDirectory="6c9844ee-3a21-4aa7-a11a-74fc1e5b779e" />
    <UnitTestResult executionId="f7649675-dc02-42aa-b00d-106476996aeb" testId="06af7f1c-1cab-4bce-9416-ee7a28995a9c" testName="TestCompareDictionary" computerName="sam-tools01" duration="00:00:00.0019290" startTime="2024-05-31T15:08:10.5828061+05:30" endTime="2024-05-31T15:08:10.5848942+05:30" testType="13cdc9d9-ddb5-4fa4-a97d-d965ccfc6d4b" outcome="Passed" testListId="8c84fa94-04c1-424b-9868-57a2d4851a1d" relativeResultsDirectory="f7649675-dc02-42aa-b00d-106476996aeb" />
    <UnitTestResult executionId="84ce4916-38a8-4dc2-9dc9-b868070fff35" testId="c0d8c0cf-1734-4ed4-9883-4fb6c6b63011" testName="TestCompareListString" computerName="sam-tools01" duration="00:00:00.0016327" startTime="2024-05-31T15:08:10.5624066+05:30" endTime="2024-05-31T15:08:10.5642337+05:30" testType="13cdc9d9-ddb5-4fa4-a97d-d965ccfc6d4b" outcome="Passed" testListId="8c84fa94-04c1-424b-9868-57a2d4851a1d" relativeResultsDirectory="84ce4916-38a8-4dc2-9dc9-b868070fff35" />
    <UnitTestResult executionId="4a4054b6-16e8-4fbc-8e91-ca8e3a0c45ca" testId="b5dda4c7-7dfc-438f-b1d9-454c7acee26d" testName="TestCompareListMoref" computerName="sam-tools01" duration="00:00:00.0030868" startTime="2024-05-31T15:08:10.5648650+05:30" endTime="2024-05-31T15:08:10.5681032+05:30" testType="13cdc9d9-ddb5-4fa4-a97d-d965ccfc6d4b" outcome="Passed" testListId="8c84fa94-04c1-424b-9868-57a2d4851a1d" relativeResultsDirectory="4a4054b6-16e8-4fbc-8e91-ca8e3a0c45ca" />
    <UnitTestResult executionId="e255cfd3-d146-4f6c-9ffb-402d0191faa0" testId="640dd5b1-4d27-4795-bacd-fc4bd1a69ab6" testName="TestCompareIntersightObjectOrganizationNegative" computerName="sam-tools01" duration="00:00:00.0004024" startTime="2024-05-31T15:08:10.1958928+05:30" endTime="2024-05-31T15:08:10.1964561+05:30" testType="13cdc9d9-ddb5-4fa4-a97d-d965ccfc6d4b" outcome="Passed" testListId="8c84fa94-04c1-424b-9868-57a2d4851a1d" relativeResultsDirectory="e255cfd3-d146-4f6c-9ffb-402d0191faa0" />
    <UnitTestResult executionId="63ec3e52-e071-421c-9310-43ebaec0b723" testId="7e88e891-203d-4d82-83a9-a49c53d053d0" testName="TestCompareListBool" computerName="sam-tools01" duration="00:00:00.0043190" startTime="2024-05-31T15:08:10.4867299+05:30" endTime="2024-05-31T15:08:10.4912215+05:30" testType="13cdc9d9-ddb5-4fa4-a97d-d965ccfc6d4b" outcome="Passed" testListId="8c84fa94-04c1-424b-9868-57a2d4851a1d" relativeResultsDirectory="63ec3e52-e071-421c-9310-43ebaec0b723" />
    <UnitTestResult executionId="68c8a7e9-e4d5-4c44-90ca-ad7293d7e3a0" testId="af36d144-97b6-4d5e-a109-69c484223e90" testName="TestCompareIntersightObjectNtpPolicyNegative" computerName="sam-tools01" duration="00:00:00.0009016" startTime="2024-05-31T15:08:10.1588760+05:30" endTime="2024-05-31T15:08:10.1600891+05:30" testType="13cdc9d9-ddb5-4fa4-a97d-d965ccfc6d4b" outcome="Passed" testListId="8c84fa94-04c1-424b-9868-57a2d4851a1d" relativeResultsDirectory="68c8a7e9-e4d5-4c44-90ca-ad7293d7e3a0" />
    <UnitTestResult executionId="09658d98-12fb-412f-82ac-50cc45b398b7" testId="0af9b3e8-674f-4d5e-92f1-db0df807ffbd" testName="TestCompareIntersightObjectNtpPolicy" computerName="sam-tools01" duration="00:00:00.4258960" startTime="2024-05-31T15:08:09.6844970+05:30" endTime="2024-05-31T15:08:10.1420414+05:30" testType="13cdc9d9-ddb5-4fa4-a97d-d965ccfc6d4b" outcome="Passed" testListId="8c84fa94-04c1-424b-9868-57a2d4851a1d" relativeResultsDirectory="09658d98-12fb-412f-82ac-50cc45b398b7" />
    <UnitTestResult executionId="0b6b415f-ee41-4c62-a48d-3f6ecc665f89" testId="f29fdad7-e61e-43c9-8047-42d49accdf64" testName="TestCompareListMorefNegative" computerName="sam-tools01" duration="00:00:00.0006293" startTime="2024-05-31T15:08:10.5681543+05:30" endTime="2024-05-31T15:08:10.5689268+05:30" testType="13cdc9d9-ddb5-4fa4-a97d-d965ccfc6d4b" outcome="Passed" testListId="8c84fa94-04c1-424b-9868-57a2d4851a1d" relativeResultsDirectory="0b6b415f-ee41-4c62-a48d-3f6ecc665f89" />
    <UnitTestResult executionId="ea1502d0-1d6a-4bd9-b738-1df48b3cc56a" testId="ac1b453b-a3ca-4aa4-befd-b163553a3645" testName="TestCompareListInt" computerName="sam-tools01" duration="00:00:00.0065446" startTime="2024-05-31T15:08:10.4793940+05:30" endTime="2024-05-31T15:08:10.4861245+05:30" testType="13cdc9d9-ddb5-4fa4-a97d-d965ccfc6d4b" outcome="Passed" testListId="8c84fa94-04c1-424b-9868-57a2d4851a1d" relativeResultsDirectory="ea1502d0-1d6a-4bd9-b738-1df48b3cc56a" />
    <UnitTestResult executionId="da3ce77e-1281-47c7-bbcf-2ff65ce36cf6" testId="e693b1cb-0a7c-4624-a47c-8a893a8f3ed9" testName="TestCompareDictionaryNegative" computerName="sam-tools01" duration="00:00:00.0003658" startTime="2024-05-31T15:08:10.5849513+05:30" endTime="2024-05-31T15:08:10.5854720+05:30" testType="13cdc9d9-ddb5-4fa4-a97d-d965ccfc6d4b" outcome="Passed" testListId="8c84fa94-04c1-424b-9868-57a2d4851a1d" relativeResultsDirectory="da3ce77e-1281-47c7-bbcf-2ff65ce36cf6" />
    <UnitTestResult executionId="28e9c16b-f059-400d-89fb-44a5e3c955c4" testId="def85849-f998-4571-b368-bbd3bff0e23d" testName="TestCompareListIntNegative" computerName="sam-tools01" duration="00:00:00.0003559" startTime="2024-05-31T15:08:10.4861805+05:30" endTime="2024-05-31T15:08:10.4866773+05:30" testType="13cdc9d9-ddb5-4fa4-a97d-d965ccfc6d4b" outcome="Passed" testListId="8c84fa94-04c1-424b-9868-57a2d4851a1d" relativeResultsDirectory="28e9c16b-f059-400d-89fb-44a5e3c955c4" />
    <UnitTestResult executionId="4674d4d0-f018-497a-8fd9-65e36c890cca" testId="27f8927f-2528-4460-bea5-4b4538c8d451" testName="TestCompareIntersightObjectBootPrecisionPolicyNegative" computerName="sam-tools01" duration="00:00:00.0357835" startTime="2024-05-31T15:08:10.4432331+05:30" endTime="2024-05-31T15:08:10.4793135+05:30" testType="13cdc9d9-ddb5-4fa4-a97d-d965ccfc6d4b" outcome="Passed" testListId="8c84fa94-04c1-424b-9868-57a2d4851a1d" relativeResultsDirectory="4674d4d0-f018-497a-8fd9-65e36c890cca" />
    <UnitTestResult executionId="1d63a114-1a53-4d45-bdc4-0efac48e2780" testId="3b5a9185-f2d5-4204-b207-d0d1613c57e5" testName="TestCompareListMoTagNegative" computerName="sam-tools01" duration="00:00:00.0005235" startTime="2024-05-31T15:08:10.5781347+05:30" endTime="2024-05-31T15:08:10.5788096+05:30" testType="13cdc9d9-ddb5-4fa4-a97d-d965ccfc6d4b" outcome="Passed" testListId="8c84fa94-04c1-424b-9868-57a2d4851a1d" relativeResultsDirectory="1d63a114-1a53-4d45-bdc4-0efac48e2780" />
    <UnitTestResult executionId="ae05aeb8-b3c4-4433-9c3b-ba11fe729e62" testId="28c18a17-373e-462f-8696-9535654190dd" testName="TestCompareListForBootDevice" computerName="sam-tools01" duration="00:00:00.0037517" startTime="2024-05-31T15:08:10.5689737+05:30" endTime="2024-05-31T15:08:10.5728672+05:30" testType="13cdc9d9-ddb5-4fa4-a97d-d965ccfc6d4b" outcome="Passed" testListId="8c84fa94-04c1-424b-9868-57a2d4851a1d" relativeResultsDirectory="ae05aeb8-b3c4-4433-9c3b-ba11fe729e62" />
    <UnitTestResult executionId="ed50b3bd-a6cb-4c46-aba1-ed4022e333fc" testId="741d52f0-a273-4f7d-a32a-0982b6857b0c" testName="TestCompareDictionaryComplexObject" computerName="sam-tools01" duration="00:00:00.1656275" startTime="2024-05-31T15:08:10.5855207+05:30" endTime="2024-05-31T15:08:10.7516741+05:30" testType="13cdc9d9-ddb5-4fa4-a97d-d965ccfc6d4b" outcome="Passed" testListId="8c84fa94-04c1-424b-9868-57a2d4851a1d" relativeResultsDirectory="ed50b3bd-a6cb-4c46-aba1-ed4022e333fc" />
    <UnitTestResult executionId="4ce1b626-1f1a-4270-80a1-ddf75fe43044" testId="4b865982-b74e-4cd2-a89a-bc9ed44591b7" testName="TestCompareIntersightObjectBootPrecisionPolicy" computerName="sam-tools01" duration="00:00:00.2462970" startTime="2024-05-31T15:08:10.1965134+05:30" endTime="2024-05-31T15:08:10.4430504+05:30" testType="13cdc9d9-ddb5-4fa4-a97d-d965ccfc6d4b" outcome="Passed" testListId="8c84fa94-04c1-424b-9868-57a2d4851a1d" relativeResultsDirectory="4ce1b626-1f1a-4270-80a1-ddf75fe43044" />
    <UnitTestResult executionId="dc681073-64ab-43da-8c0b-6eaa1053ff4d" testId="14693e8e-8d44-4545-b6ca-7af1c5288323" testName="TestCompareListForBootDeviceNegative" computerName="sam-tools01" duration="00:00:00.0022517" startTime="2024-05-31T15:08:10.5729201+05:30" endTime="2024-05-31T15:08:10.5753140+05:30" testType="13cdc9d9-ddb5-4fa4-a97d-d965ccfc6d4b" outcome="Passed" testListId="8c84fa94-04c1-424b-9868-57a2d4851a1d" relativeResultsDirectory="dc681073-64ab-43da-8c0b-6eaa1053ff4d" />
    <UnitTestResult executionId="34e331be-b17d-42bd-b79b-3180ee99ec98" testId="0773e0c8-9bdb-45d7-9f5c-60dc4c279ab2" testName="TestCompareListStringNegative" computerName="sam-tools01" duration="00:00:00.0003555" startTime="2024-05-31T15:08:10.5642983+05:30" endTime="2024-05-31T15:08:10.5648006+05:30" testType="13cdc9d9-ddb5-4fa4-a97d-d965ccfc6d4b" outcome="Passed" testListId="8c84fa94-04c1-424b-9868-57a2d4851a1d" relativeResultsDirectory="34e331be-b17d-42bd-b79b-3180ee99ec98" />
    <UnitTestResult executionId="b622b4a3-7766-48a4-8c97-e906f3857290" testId="a8dced60-e52f-48e2-a4ac-287dda571825" testName="TestCompareIntersightObjectOrganization" computerName="sam-tools01" duration="00:00:00.0354633" startTime="2024-05-31T15:08:10.1601827+05:30" endTime="2024-05-31T15:08:10.1958264+05:30" testType="13cdc9d9-ddb5-4fa4-a97d-d965ccfc6d4b" outcome="Passed" testListId="8c84fa94-04c1-424b-9868-57a2d4851a1d" relativeResultsDirectory="b622b4a3-7766-48a4-8c97-e906f3857290" />
    <UnitTestResult executionId="9563dff3-56f6-4977-8b74-ca2b65fe1282" testId="2e25a756-4b64-4619-9af1-2f08eb32378c" testName="TestCompareListMoTag" computerName="sam-tools01" duration="00:00:00.0014708" startTime="2024-05-31T15:08:10.5764572+05:30" endTime="2024-05-31T15:08:10.5780783+05:30" testType="13cdc9d9-ddb5-4fa4-a97d-d965ccfc6d4b" outcome="Passed" testListId="8c84fa94-04c1-424b-9868-57a2d4851a1d" relativeResultsDirectory="9563dff3-56f6-4977-8b74-ca2b65fe1282" />
  </Results>
  <TestDefinitions>
    <UnitTest name="TestCompareListMoref" storage="/home/jenkins/workspace/release-is-powershell-module/src/github.com/cisco-intersight/powershell-generator-intersight/generated/intersight.powershell_1.0.11.17057/src/intersight.powershelltest/bin/debug/net6.0/intersight.powershelltest.dll" id="b5dda4c7-7dfc-438f-b1d9-454c7acee26d">
      <Execution id="4a4054b6-16e8-4fbc-8e91-ca8e3a0c45ca" />
      <TestMethod codeBase="/home/jenkins/workspace/Release-IS-Powershell-Module/src/github.com/cisco-intersight/powershell-generator-intersight/generated/Intersight.PowerShell_1.0.11.17057/src/Intersight.PowerShellTest/bin/Debug/net6.0/Intersight.PowerShellTest.dll" adapterTypeName="executor://mstestadapter/v2" className="Intersight.PowerShellTest.PSUtilsTest" name="TestCompareListMoref" />
    </UnitTest>
    <UnitTest name="TestCompareListStringNegative" storage="/home/jenkins/workspace/release-is-powershell-module/src/github.com/cisco-intersight/powershell-generator-intersight/generated/intersight.powershell_1.0.11.17057/src/intersight.powershelltest/bin/debug/net6.0/intersight.powershelltest.dll" id="0773e0c8-9bdb-45d7-9f5c-60dc4c279ab2">
      <Execution id="34e331be-b17d-42bd-b79b-3180ee99ec98" />
      <TestMethod codeBase="/home/jenkins/workspace/Release-IS-Powershell-Module/src/github.com/cisco-intersight/powershell-generator-intersight/generated/Intersight.PowerShell_1.0.11.17057/src/Intersight.PowerShellTest/bin/Debug/net6.0/Intersight.PowerShellTest.dll" adapterTypeName="executor://mstestadapter/v2" className="Intersight.PowerShellTest.PSUtilsTest" name="TestCompareListStringNegative" />
    </UnitTest>
    <UnitTest name="TestCompareIntersightObjectBootPrecisionPolicyNegative" storage="/home/jenkins/workspace/release-is-powershell-module/src/github.com/cisco-intersight/powershell-generator-intersight/generated/intersight.powershell_1.0.11.17057/src/intersight.powershelltest/bin/debug/net6.0/intersight.powershelltest.dll" id="27f8927f-2528-4460-bea5-4b4538c8d451">
      <Execution id="4674d4d0-f018-497a-8fd9-65e36c890cca" />
      <TestMethod codeBase="/home/jenkins/workspace/Release-IS-Powershell-Module/src/github.com/cisco-intersight/powershell-generator-intersight/generated/Intersight.PowerShell_1.0.11.17057/src/Intersight.PowerShellTest/bin/Debug/net6.0/Intersight.PowerShellTest.dll" adapterTypeName="executor://mstestadapter/v2" className="Intersight.PowerShellTest.PSUtilsTest" name="TestCompareIntersightObjectBootPrecisionPolicyNegative" />
    </UnitTest>
    <UnitTest name="TestCompareIntersightObjectOrganization" storage="/home/jenkins/workspace/release-is-powershell-module/src/github.com/cisco-intersight/powershell-generator-intersight/generated/intersight.powershell_1.0.11.17057/src/intersight.powershelltest/bin/debug/net6.0/intersight.powershelltest.dll" id="a8dced60-e52f-48e2-a4ac-287dda571825">
      <Execution id="b622b4a3-7766-48a4-8c97-e906f3857290" />
      <TestMethod codeBase="/home/jenkins/workspace/Release-IS-Powershell-Module/src/github.com/cisco-intersight/powershell-generator-intersight/generated/Intersight.PowerShell_1.0.11.17057/src/Intersight.PowerShellTest/bin/Debug/net6.0/Intersight.PowerShellTest.dll" adapterTypeName="executor://mstestadapter/v2" className="Intersight.PowerShellTest.PSUtilsTest" name="TestCompareIntersightObjectOrganization" />
    </UnitTest>
    <UnitTest name="TestCompareListMoTagNegative" storage="/home/jenkins/workspace/release-is-powershell-module/src/github.com/cisco-intersight/powershell-generator-intersight/generated/intersight.powershell_1.0.11.17057/src/intersight.powershelltest/bin/debug/net6.0/intersight.powershelltest.dll" id="3b5a9185-f2d5-4204-b207-d0d1613c57e5">
      <Execution id="1d63a114-1a53-4d45-bdc4-0efac48e2780" />
      <TestMethod codeBase="/home/jenkins/workspace/Release-IS-Powershell-Module/src/github.com/cisco-intersight/powershell-generator-intersight/generated/Intersight.PowerShell_1.0.11.17057/src/Intersight.PowerShellTest/bin/Debug/net6.0/Intersight.PowerShellTest.dll" adapterTypeName="executor://mstestadapter/v2" className="Intersight.PowerShellTest.PSUtilsTest" name="TestCompareListMoTagNegative" />
    </UnitTest>
    <UnitTest name="TestCompareDictionaryComplexObject" storage="/home/jenkins/workspace/release-is-powershell-module/src/github.com/cisco-intersight/powershell-generator-intersight/generated/intersight.powershell_1.0.11.17057/src/intersight.powershelltest/bin/debug/net6.0/intersight.powershelltest.dll" id="741d52f0-a273-4f7d-a32a-0982b6857b0c">
      <Execution id="ed50b3bd-a6cb-4c46-aba1-ed4022e333fc" />
      <TestMethod codeBase="/home/jenkins/workspace/Release-IS-Powershell-Module/src/github.com/cisco-intersight/powershell-generator-intersight/generated/Intersight.PowerShell_1.0.11.17057/src/Intersight.PowerShellTest/bin/Debug/net6.0/Intersight.PowerShellTest.dll" adapterTypeName="executor://mstestadapter/v2" className="Intersight.PowerShellTest.PSUtilsTest" name="TestCompareDictionaryComplexObject" />
    </UnitTest>
    <UnitTest name="TestCompareListInt" storage="/home/jenkins/workspace/release-is-powershell-module/src/github.com/cisco-intersight/powershell-generator-intersight/generated/intersight.powershell_1.0.11.17057/src/intersight.powershelltest/bin/debug/net6.0/intersight.powershelltest.dll" id="ac1b453b-a3ca-4aa4-befd-b163553a3645">
      <Execution id="ea1502d0-1d6a-4bd9-b738-1df48b3cc56a" />
      <TestMethod codeBase="/home/jenkins/workspace/Release-IS-Powershell-Module/src/github.com/cisco-intersight/powershell-generator-intersight/generated/Intersight.PowerShell_1.0.11.17057/src/Intersight.PowerShellTest/bin/Debug/net6.0/Intersight.PowerShellTest.dll" adapterTypeName="executor://mstestadapter/v2" className="Intersight.PowerShellTest.PSUtilsTest" name="TestCompareListInt" />
    </UnitTest>
    <UnitTest name="TestCompareListBool" storage="/home/jenkins/workspace/release-is-powershell-module/src/github.com/cisco-intersight/powershell-generator-intersight/generated/intersight.powershell_1.0.11.17057/src/intersight.powershelltest/bin/debug/net6.0/intersight.powershelltest.dll" id="7e88e891-203d-4d82-83a9-a49c53d053d0">
      <Execution id="63ec3e52-e071-421c-9310-43ebaec0b723" />
      <TestMethod codeBase="/home/jenkins/workspace/Release-IS-Powershell-Module/src/github.com/cisco-intersight/powershell-generator-intersight/generated/Intersight.PowerShell_1.0.11.17057/src/Intersight.PowerShellTest/bin/Debug/net6.0/Intersight.PowerShellTest.dll" adapterTypeName="executor://mstestadapter/v2" className="Intersight.PowerShellTest.PSUtilsTest" name="TestCompareListBool" />
    </UnitTest>
    <UnitTest name="TestCompareListMorefNegative" storage="/home/jenkins/workspace/release-is-powershell-module/src/github.com/cisco-intersight/powershell-generator-intersight/generated/intersight.powershell_1.0.11.17057/src/intersight.powershelltest/bin/debug/net6.0/intersight.powershelltest.dll" id="f29fdad7-e61e-43c9-8047-42d49accdf64">
      <Execution id="0b6b415f-ee41-4c62-a48d-3f6ecc665f89" />
      <TestMethod codeBase="/home/jenkins/workspace/Release-IS-Powershell-Module/src/github.com/cisco-intersight/powershell-generator-intersight/generated/Intersight.PowerShell_1.0.11.17057/src/Intersight.PowerShellTest/bin/Debug/net6.0/Intersight.PowerShellTest.dll" adapterTypeName="executor://mstestadapter/v2" className="Intersight.PowerShellTest.PSUtilsTest" name="TestCompareListMorefNegative" />
    </UnitTest>
    <UnitTest name="TestCompareIntersightObjectNtpPolicyNegative" storage="/home/jenkins/workspace/release-is-powershell-module/src/github.com/cisco-intersight/powershell-generator-intersight/generated/intersight.powershell_1.0.11.17057/src/intersight.powershelltest/bin/debug/net6.0/intersight.powershelltest.dll" id="af36d144-97b6-4d5e-a109-69c484223e90">
      <Execution id="68c8a7e9-e4d5-4c44-90ca-ad7293d7e3a0" />
      <TestMethod codeBase="/home/jenkins/workspace/Release-IS-Powershell-Module/src/github.com/cisco-intersight/powershell-generator-intersight/generated/Intersight.PowerShell_1.0.11.17057/src/Intersight.PowerShellTest/bin/Debug/net6.0/Intersight.PowerShellTest.dll" adapterTypeName="executor://mstestadapter/v2" className="Intersight.PowerShellTest.PSUtilsTest" name="TestCompareIntersightObjectNtpPolicyNegative" />
    </UnitTest>
    <UnitTest name="TestCompareListForBootDeviceNegative" storage="/home/jenkins/workspace/release-is-powershell-module/src/github.com/cisco-intersight/powershell-generator-intersight/generated/intersight.powershell_1.0.11.17057/src/intersight.powershelltest/bin/debug/net6.0/intersight.powershelltest.dll" id="14693e8e-8d44-4545-b6ca-7af1c5288323">
      <Execution id="dc681073-64ab-43da-8c0b-6eaa1053ff4d" />
      <TestMethod codeBase="/home/jenkins/workspace/Release-IS-Powershell-Module/src/github.com/cisco-intersight/powershell-generator-intersight/generated/Intersight.PowerShell_1.0.11.17057/src/Intersight.PowerShellTest/bin/Debug/net6.0/Intersight.PowerShellTest.dll" adapterTypeName="executor://mstestadapter/v2" className="Intersight.PowerShellTest.PSUtilsTest" name="TestCompareListForBootDeviceNegative" />
    </UnitTest>
    <UnitTest name="TestCompareListForBootDevice" storage="/home/jenkins/workspace/release-is-powershell-module/src/github.com/cisco-intersight/powershell-generator-intersight/generated/intersight.powershell_1.0.11.17057/src/intersight.powershelltest/bin/debug/net6.0/intersight.powershelltest.dll" id="28c18a17-373e-462f-8696-9535654190dd">
      <Execution id="ae05aeb8-b3c4-4433-9c3b-ba11fe729e62" />
      <TestMethod codeBase="/home/jenkins/workspace/Release-IS-Powershell-Module/src/github.com/cisco-intersight/powershell-generator-intersight/generated/Intersight.PowerShell_1.0.11.17057/src/Intersight.PowerShellTest/bin/Debug/net6.0/Intersight.PowerShellTest.dll" adapterTypeName="executor://mstestadapter/v2" className="Intersight.PowerShellTest.PSUtilsTest" name="TestCompareListForBootDevice" />
    </UnitTest>
    <UnitTest name="TestCompareIntersightObjectNtpPolicy" storage="/home/jenkins/workspace/release-is-powershell-module/src/github.com/cisco-intersight/powershell-generator-intersight/generated/intersight.powershell_1.0.11.17057/src/intersight.powershelltest/bin/debug/net6.0/intersight.powershelltest.dll" id="0af9b3e8-674f-4d5e-92f1-db0df807ffbd">
      <Execution id="09658d98-12fb-412f-82ac-50cc45b398b7" />
      <TestMethod codeBase="/home/jenkins/workspace/Release-IS-Powershell-Module/src/github.com/cisco-intersight/powershell-generator-intersight/generated/Intersight.PowerShell_1.0.11.17057/src/Intersight.PowerShellTest/bin/Debug/net6.0/Intersight.PowerShellTest.dll" adapterTypeName="executor://mstestadapter/v2" className="Intersight.PowerShellTest.PSUtilsTest" name="TestCompareIntersightObjectNtpPolicy" />
    </UnitTest>
    <UnitTest name="TestCompareIntersightObjectBootPrecisionPolicy" storage="/home/jenkins/workspace/release-is-powershell-module/src/github.com/cisco-intersight/powershell-generator-intersight/generated/intersight.powershell_1.0.11.17057/src/intersight.powershelltest/bin/debug/net6.0/intersight.powershelltest.dll" id="4b865982-b74e-4cd2-a89a-bc9ed44591b7">
      <Execution id="4ce1b626-1f1a-4270-80a1-ddf75fe43044" />
      <TestMethod codeBase="/home/jenkins/workspace/Release-IS-Powershell-Module/src/github.com/cisco-intersight/powershell-generator-intersight/generated/Intersight.PowerShell_1.0.11.17057/src/Intersight.PowerShellTest/bin/Debug/net6.0/Intersight.PowerShellTest.dll" adapterTypeName="executor://mstestadapter/v2" className="Intersight.PowerShellTest.PSUtilsTest" name="TestCompareIntersightObjectBootPrecisionPolicy" />
    </UnitTest>
    <UnitTest name="TestCompareListMoTag" storage="/home/jenkins/workspace/release-is-powershell-module/src/github.com/cisco-intersight/powershell-generator-intersight/generated/intersight.powershell_1.0.11.17057/src/intersight.powershelltest/bin/debug/net6.0/intersight.powershelltest.dll" id="2e25a756-4b64-4619-9af1-2f08eb32378c">
      <Execution id="9563dff3-56f6-4977-8b74-ca2b65fe1282" />
      <TestMethod codeBase="/home/jenkins/workspace/Release-IS-Powershell-Module/src/github.com/cisco-intersight/powershell-generator-intersight/generated/Intersight.PowerShell_1.0.11.17057/src/Intersight.PowerShellTest/bin/Debug/net6.0/Intersight.PowerShellTest.dll" adapterTypeName="executor://mstestadapter/v2" className="Intersight.PowerShellTest.PSUtilsTest" name="TestCompareListMoTag" />
    </UnitTest>
    <UnitTest name="TestCompareListString" storage="/home/jenkins/workspace/release-is-powershell-module/src/github.com/cisco-intersight/powershell-generator-intersight/generated/intersight.powershell_1.0.11.17057/src/intersight.powershelltest/bin/debug/net6.0/intersight.powershelltest.dll" id="c0d8c0cf-1734-4ed4-9883-4fb6c6b63011">
      <Execution id="84ce4916-38a8-4dc2-9dc9-b868070fff35" />
      <TestMethod codeBase="/home/jenkins/workspace/Release-IS-Powershell-Module/src/github.com/cisco-intersight/powershell-generator-intersight/generated/Intersight.PowerShell_1.0.11.17057/src/Intersight.PowerShellTest/bin/Debug/net6.0/Intersight.PowerShellTest.dll" adapterTypeName="executor://mstestadapter/v2" className="Intersight.PowerShellTest.PSUtilsTest" name="TestCompareListString" />
    </UnitTest>
    <UnitTest name="TestCompareDictionaryNegative" storage="/home/jenkins/workspace/release-is-powershell-module/src/github.com/cisco-intersight/powershell-generator-intersight/generated/intersight.powershell_1.0.11.17057/src/intersight.powershelltest/bin/debug/net6.0/intersight.powershelltest.dll" id="e693b1cb-0a7c-4624-a47c-8a893a8f3ed9">
      <Execution id="da3ce77e-1281-47c7-bbcf-2ff65ce36cf6" />
      <TestMethod codeBase="/home/jenkins/workspace/Release-IS-Powershell-Module/src/github.com/cisco-intersight/powershell-generator-intersight/generated/Intersight.PowerShell_1.0.11.17057/src/Intersight.PowerShellTest/bin/Debug/net6.0/Intersight.PowerShellTest.dll" adapterTypeName="executor://mstestadapter/v2" className="Intersight.PowerShellTest.PSUtilsTest" name="TestCompareDictionaryNegative" />
    </UnitTest>
    <UnitTest name="TestCompareListForBootDeviceNegative2" storage="/home/jenkins/workspace/release-is-powershell-module/src/github.com/cisco-intersight/powershell-generator-intersight/generated/intersight.powershell_1.0.11.17057/src/intersight.powershelltest/bin/debug/net6.0/intersight.powershelltest.dll" id="bba06734-1431-4fde-8279-d9cfce58ce40">
      <Execution id="6c9844ee-3a21-4aa7-a11a-74fc1e5b779e" />
      <TestMethod codeBase="/home/jenkins/workspace/Release-IS-Powershell-Module/src/github.com/cisco-intersight/powershell-generator-intersight/generated/Intersight.PowerShell_1.0.11.17057/src/Intersight.PowerShellTest/bin/Debug/net6.0/Intersight.PowerShellTest.dll" adapterTypeName="executor://mstestadapter/v2" className="Intersight.PowerShellTest.PSUtilsTest" name="TestCompareListForBootDeviceNegative2" />
    </UnitTest>
    <UnitTest name="TestCompareDictionary" storage="/home/jenkins/workspace/release-is-powershell-module/src/github.com/cisco-intersight/powershell-generator-intersight/generated/intersight.powershell_1.0.11.17057/src/intersight.powershelltest/bin/debug/net6.0/intersight.powershelltest.dll" id="06af7f1c-1cab-4bce-9416-ee7a28995a9c">
      <Execution id="f7649675-dc02-42aa-b00d-106476996aeb" />
      <TestMethod codeBase="/home/jenkins/workspace/Release-IS-Powershell-Module/src/github.com/cisco-intersight/powershell-generator-intersight/generated/Intersight.PowerShell_1.0.11.17057/src/Intersight.PowerShellTest/bin/Debug/net6.0/Intersight.PowerShellTest.dll" adapterTypeName="executor://mstestadapter/v2" className="Intersight.PowerShellTest.PSUtilsTest" name="TestCompareDictionary" />
    </UnitTest>
    <UnitTest name="TestCompareListIntNegative" storage="/home/jenkins/workspace/release-is-powershell-module/src/github.com/cisco-intersight/powershell-generator-intersight/generated/intersight.powershell_1.0.11.17057/src/intersight.powershelltest/bin/debug/net6.0/intersight.powershelltest.dll" id="def85849-f998-4571-b368-bbd3bff0e23d">
      <Execution id="28e9c16b-f059-400d-89fb-44a5e3c955c4" />
      <TestMethod codeBase="/home/jenkins/workspace/Release-IS-Powershell-Module/src/github.com/cisco-intersight/powershell-generator-intersight/generated/Intersight.PowerShell_1.0.11.17057/src/Intersight.PowerShellTest/bin/Debug/net6.0/Intersight.PowerShellTest.dll" adapterTypeName="executor://mstestadapter/v2" className="Intersight.PowerShellTest.PSUtilsTest" name="TestCompareListIntNegative" />
    </UnitTest>
    <UnitTest name="TestCompareIntersightObjectOrganizationNegative" storage="/home/jenkins/workspace/release-is-powershell-module/src/github.com/cisco-intersight/powershell-generator-intersight/generated/intersight.powershell_1.0.11.17057/src/intersight.powershelltest/bin/debug/net6.0/intersight.powershelltest.dll" id="640dd5b1-4d27-4795-bacd-fc4bd1a69ab6">
      <Execution id="e255cfd3-d146-4f6c-9ffb-402d0191faa0" />
      <TestMethod codeBase="/home/jenkins/workspace/Release-IS-Powershell-Module/src/github.com/cisco-intersight/powershell-generator-intersight/generated/Intersight.PowerShell_1.0.11.17057/src/Intersight.PowerShellTest/bin/Debug/net6.0/Intersight.PowerShellTest.dll" adapterTypeName="executor://mstestadapter/v2" className="Intersight.PowerShellTest.PSUtilsTest" name="TestCompareIntersightObjectOrganizationNegative" />
    </UnitTest>
  </TestDefinitions>
  <TestEntries>
    <TestEntry testId="bba06734-1431-4fde-8279-d9cfce58ce40" executionId="6c9844ee-3a21-4aa7-a11a-74fc1e5b779e" testListId="8c84fa94-04c1-424b-9868-57a2d4851a1d" />
    <TestEntry testId="06af7f1c-1cab-4bce-9416-ee7a28995a9c" executionId="f7649675-dc02-42aa-b00d-106476996aeb" testListId="8c84fa94-04c1-424b-9868-57a2d4851a1d" />
    <TestEntry testId="c0d8c0cf-1734-4ed4-9883-4fb6c6b63011" executionId="84ce4916-38a8-4dc2-9dc9-b868070fff35" testListId="8c84fa94-04c1-424b-9868-57a2d4851a1d" />
    <TestEntry testId="b5dda4c7-7dfc-438f-b1d9-454c7acee26d" executionId="4a4054b6-16e8-4fbc-8e91-ca8e3a0c45ca" testListId="8c84fa94-04c1-424b-9868-57a2d4851a1d" />
    <TestEntry testId="640dd5b1-4d27-4795-bacd-fc4bd1a69ab6" executionId="e255cfd3-d146-4f6c-9ffb-402d0191faa0" testListId="8c84fa94-04c1-424b-9868-57a2d4851a1d" />
    <TestEntry testId="7e88e891-203d-4d82-83a9-a49c53d053d0" executionId="63ec3e52-e071-421c-9310-43ebaec0b723" testListId="8c84fa94-04c1-424b-9868-57a2d4851a1d" />
    <TestEntry testId="af36d144-97b6-4d5e-a109-69c484223e90" executionId="68c8a7e9-e4d5-4c44-90ca-ad7293d7e3a0" testListId="8c84fa94-04c1-424b-9868-57a2d4851a1d" />
    <TestEntry testId="0af9b3e8-674f-4d5e-92f1-db0df807ffbd" executionId="09658d98-12fb-412f-82ac-50cc45b398b7" testListId="8c84fa94-04c1-424b-9868-57a2d4851a1d" />
    <TestEntry testId="f29fdad7-e61e-43c9-8047-42d49accdf64" executionId="0b6b415f-ee41-4c62-a48d-3f6ecc665f89" testListId="8c84fa94-04c1-424b-9868-57a2d4851a1d" />
    <TestEntry testId="ac1b453b-a3ca-4aa4-befd-b163553a3645" executionId="ea1502d0-1d6a-4bd9-b738-1df48b3cc56a" testListId="8c84fa94-04c1-424b-9868-57a2d4851a1d" />
    <TestEntry testId="e693b1cb-0a7c-4624-a47c-8a893a8f3ed9" executionId="da3ce77e-1281-47c7-bbcf-2ff65ce36cf6" testListId="8c84fa94-04c1-424b-9868-57a2d4851a1d" />
    <TestEntry testId="def85849-f998-4571-b368-bbd3bff0e23d" executionId="28e9c16b-f059-400d-89fb-44a5e3c955c4" testListId="8c84fa94-04c1-424b-9868-57a2d4851a1d" />
    <TestEntry testId="27f8927f-2528-4460-bea5-4b4538c8d451" executionId="4674d4d0-f018-497a-8fd9-65e36c890cca" testListId="8c84fa94-04c1-424b-9868-57a2d4851a1d" />
    <TestEntry testId="3b5a9185-f2d5-4204-b207-d0d1613c57e5" executionId="1d63a114-1a53-4d45-bdc4-0efac48e2780" testListId="8c84fa94-04c1-424b-9868-57a2d4851a1d" />
    <TestEntry testId="28c18a17-373e-462f-8696-9535654190dd" executionId="ae05aeb8-b3c4-4433-9c3b-ba11fe729e62" testListId="8c84fa94-04c1-424b-9868-57a2d4851a1d" />
    <TestEntry testId="741d52f0-a273-4f7d-a32a-0982b6857b0c" executionId="ed50b3bd-a6cb-4c46-aba1-ed4022e333fc" testListId="8c84fa94-04c1-424b-9868-57a2d4851a1d" />
    <TestEntry testId="4b865982-b74e-4cd2-a89a-bc9ed44591b7" executionId="4ce1b626-1f1a-4270-80a1-ddf75fe43044" testListId="8c84fa94-04c1-424b-9868-57a2d4851a1d" />
    <TestEntry testId="14693e8e-8d44-4545-b6ca-7af1c5288323" executionId="dc681073-64ab-43da-8c0b-6eaa1053ff4d" testListId="8c84fa94-04c1-424b-9868-57a2d4851a1d" />
    <TestEntry testId="0773e0c8-9bdb-45d7-9f5c-60dc4c279ab2" executionId="34e331be-b17d-42bd-b79b-3180ee99ec98" testListId="8c84fa94-04c1-424b-9868-57a2d4851a1d" />
    <TestEntry testId="a8dced60-e52f-48e2-a4ac-287dda571825" executionId="b622b4a3-7766-48a4-8c97-e906f3857290" testListId="8c84fa94-04c1-424b-9868-57a2d4851a1d" />
    <TestEntry testId="2e25a756-4b64-4619-9af1-2f08eb32378c" executionId="9563dff3-56f6-4977-8b74-ca2b65fe1282" testListId="8c84fa94-04c1-424b-9868-57a2d4851a1d" />
  </TestEntries>
  <TestLists>
    <TestList name="Results Not in a List" id="8c84fa94-04c1-424b-9868-57a2d4851a1d" />
    <TestList name="All Loaded Results" id="19431567-8539-422a-85d7-44ee4e166bda" />
  </TestLists>
  <ResultSummary outcome="Completed">
    <Counters total="21" executed="21" passed="21" failed="0" error="0" timeout="0" aborted="0" inconclusive="0" passedButRunAborted="0" notRunnable="0" notExecuted="0" disconnected="0" warning="0" completed="0" inProgress="0" pending="0" />
  </ResultSummary>
</TestRun>