<?xml version="1.0" encoding="utf-8"?>
<TestRun id="84351210-ffe4-4f5f-81cf-bd9e042e87fc" name="@sam-tools01 2024-09-06 14:13:04" xmlns="http://microsoft.com/schemas/VisualStudio/TeamTest/2010">
  <Times creation="2024-09-06T14:13:04.8253271+05:30" queuing="2024-09-06T14:13:04.8253273+05:30" start="2024-09-06T14:13:02.6066249+05:30" finish="2024-09-06T14:13:04.9958915+05:30" />
  <TestSettings name="default" id="9cd1f32d-7c16-4265-b8f9-40ae672cc88b">
    <Deployment runDeploymentRoot="_sam-tools01_2024-09-06_14_13_04" />
  </TestSettings>
  <Results>
    <UnitTestResult executionId="84205d37-2ac6-4a19-802a-286b95f523ae" testId="bb109aed-b0fd-4a09-a290-bec6198899b3" testName="TestCompareDictionaryNegative" computerName="sam-tools01" duration="00:00:00.0004043" startTime="2024-09-06T14:13:04.6980551+05:30" endTime="2024-09-06T14:13:04.6986047+05:30" testType="13cdc9d9-ddb5-4fa4-a97d-d965ccfc6d4b" outcome="Passed" testListId="8c84fa94-04c1-424b-9868-57a2d4851a1d" relativeResultsDirectory="84205d37-2ac6-4a19-802a-286b95f523ae" />
    <UnitTestResult executionId="23ccbee5-e28d-445e-94b8-19ce49884bba" testId="dad0d55c-ee5c-4bc1-b5fd-08f37ce59e5f" testName="TestCompareListStringNegative" computerName="sam-tools01" duration="00:00:00.0003387" startTime="2024-09-06T14:13:04.6777079+05:30" endTime="2024-09-06T14:13:04.6782131+05:30" testType="13cdc9d9-ddb5-4fa4-a97d-d965ccfc6d4b" outcome="Passed" testListId="8c84fa94-04c1-424b-9868-57a2d4851a1d" relativeResultsDirectory="23ccbee5-e28d-445e-94b8-19ce49884bba" />
    <UnitTestResult executionId="d61e74cb-d0e0-4004-b519-27e88bc547ff" testId="57c3890a-0396-4dc6-9291-4c3af31f4c38" testName="TestCompareIntersightObjectOrganizationNegative" computerName="sam-tools01" duration="00:00:00.0004003" startTime="2024-09-06T14:13:04.3049899+05:30" endTime="2024-09-06T14:13:04.3055516+05:30" testType="13cdc9d9-ddb5-4fa4-a97d-d965ccfc6d4b" outcome="Passed" testListId="8c84fa94-04c1-424b-9868-57a2d4851a1d" relativeResultsDirectory="d61e74cb-d0e0-4004-b519-27e88bc547ff" />
    <UnitTestResult executionId="945e0d7a-dcfa-454b-b59d-fb3553711e1c" testId="69f5c6b6-d01b-4137-9fc4-65a18bd69bef" testName="TestCompareListString" computerName="sam-tools01" duration="00:00:00.0016624" startTime="2024-09-06T14:13:04.6758283+05:30" endTime="2024-09-06T14:13:04.6776522+05:30" testType="13cdc9d9-ddb5-4fa4-a97d-d965ccfc6d4b" outcome="Passed" testListId="8c84fa94-04c1-424b-9868-57a2d4851a1d" relativeResultsDirectory="945e0d7a-dcfa-454b-b59d-fb3553711e1c" />
    <UnitTestResult executionId="fb49c2ce-5c4e-4006-8720-111d2f03b3ac" testId="0bfe09f6-2b93-4ea7-8ffb-ed8f4288de8d" testName="TestCompareListMoTagNegative" computerName="sam-tools01" duration="00:00:00.0005359" startTime="2024-09-06T14:13:04.6913892+05:30" endTime="2024-09-06T14:13:04.6920655+05:30" testType="13cdc9d9-ddb5-4fa4-a97d-d965ccfc6d4b" outcome="Passed" testListId="8c84fa94-04c1-424b-9868-57a2d4851a1d" relativeResultsDirectory="fb49c2ce-5c4e-4006-8720-111d2f03b3ac" />
    <UnitTestResult executionId="3d63025c-1b44-477c-abd9-fcc4c8d9f78b" testId="43ab458e-563a-43ec-8b4f-48041ebcbc94" testName="TestCompareListForBootDeviceNegative" computerName="sam-tools01" duration="00:00:00.0021982" startTime="2024-09-06T14:13:04.6862383+05:30" endTime="2024-09-06T14:13:04.6885677+05:30" testType="13cdc9d9-ddb5-4fa4-a97d-d965ccfc6d4b" outcome="Passed" testListId="8c84fa94-04c1-424b-9868-57a2d4851a1d" relativeResultsDirectory="3d63025c-1b44-477c-abd9-fcc4c8d9f78b" />
    <UnitTestResult executionId="62c576c5-cb82-42d0-883a-e6d20f951a4e" testId="b456cd7e-ff41-4a5a-87f0-fd4c70caa4c0" testName="TestCompareListMorefNegative" computerName="sam-tools01" duration="00:00:00.0006692" startTime="2024-09-06T14:13:04.6815010+05:30" endTime="2024-09-06T14:13:04.6823108+05:30" testType="13cdc9d9-ddb5-4fa4-a97d-d965ccfc6d4b" outcome="Passed" testListId="8c84fa94-04c1-424b-9868-57a2d4851a1d" relativeResultsDirectory="62c576c5-cb82-42d0-883a-e6d20f951a4e" />
    <UnitTestResult executionId="60b9f085-f2f8-4caa-815c-85c6bd220875" testId="a8934e14-f399-40fc-84f6-8317a76f5486" testName="TestCompareIntersightObjectNtpPolicyNegative" computerName="sam-tools01" duration="00:00:00.0008878" startTime="2024-09-06T14:13:04.2674490+05:30" endTime="2024-09-06T14:13:04.2686725+05:30" testType="13cdc9d9-ddb5-4fa4-a97d-d965ccfc6d4b" outcome="Passed" testListId="8c84fa94-04c1-424b-9868-57a2d4851a1d" relativeResultsDirectory="60b9f085-f2f8-4caa-815c-85c6bd220875" />
    <UnitTestResult executionId="d429bb4b-0971-483c-8528-33fbac52f276" testId="5e5604bb-d766-4311-96f1-67ce66a3b75d" testName="TestCompareIntersightObjectNtpPolicy" computerName="sam-tools01" duration="00:00:00.4262718" startTime="2024-09-06T14:13:03.7926456+05:30" endTime="2024-09-06T14:13:04.2506355+05:30" testType="13cdc9d9-ddb5-4fa4-a97d-d965ccfc6d4b" outcome="Passed" testListId="8c84fa94-04c1-424b-9868-57a2d4851a1d" relativeResultsDirectory="d429bb4b-0971-483c-8528-33fbac52f276" />
    <UnitTestResult executionId="d885dc83-572a-424a-af2b-77553eca737d" testId="7db27f75-b8eb-4ea2-9090-22724b284f21" testName="TestCompareListMoTag" computerName="sam-tools01" duration="00:00:00.0014789" startTime="2024-09-06T14:13:04.6897050+05:30" endTime="2024-09-06T14:13:04.6913411+05:30" testType="13cdc9d9-ddb5-4fa4-a97d-d965ccfc6d4b" outcome="Passed" testListId="8c84fa94-04c1-424b-9868-57a2d4851a1d" relativeResultsDirectory="d885dc83-572a-424a-af2b-77553eca737d" />
    <UnitTestResult executionId="ab3b8afd-0fee-4e25-8794-be7d5fcfa362" testId="9780dfe2-5a41-46cc-bb1e-8c458b9b9de5" testName="TestCompareListBool" computerName="sam-tools01" duration="00:00:00.0043486" startTime="2024-09-06T14:13:04.6008271+05:30" endTime="2024-09-06T14:13:04.6053374+05:30" testType="13cdc9d9-ddb5-4fa4-a97d-d965ccfc6d4b" outcome="Passed" testListId="8c84fa94-04c1-424b-9868-57a2d4851a1d" relativeResultsDirectory="ab3b8afd-0fee-4e25-8794-be7d5fcfa362" />
    <UnitTestResult executionId="154d0fa9-a148-4053-8a4d-20f646042175" testId="0fc4ca99-2de7-4a86-9d4b-747db9bf2b23" testName="TestCompareIntersightObjectBootPrecisionPolicyNegative" computerName="sam-tools01" duration="00:00:00.0249336" startTime="2024-09-06T14:13:04.5682510+05:30" endTime="2024-09-06T14:13:04.5934184+05:30" testType="13cdc9d9-ddb5-4fa4-a97d-d965ccfc6d4b" outcome="Passed" testListId="8c84fa94-04c1-424b-9868-57a2d4851a1d" relativeResultsDirectory="154d0fa9-a148-4053-8a4d-20f646042175" />
    <UnitTestResult executionId="2e940c52-9793-49f8-a251-e9b81d1e8c37" testId="71de9d5c-57c0-425e-8d0a-d4ca97cf2759" testName="TestCompareIntersightObjectBootPrecisionPolicy" computerName="sam-tools01" duration="00:00:00.2622313" startTime="2024-09-06T14:13:04.3056058+05:30" endTime="2024-09-06T14:13:04.5680946+05:30" testType="13cdc9d9-ddb5-4fa4-a97d-d965ccfc6d4b" outcome="Passed" testListId="8c84fa94-04c1-424b-9868-57a2d4851a1d" relativeResultsDirectory="2e940c52-9793-49f8-a251-e9b81d1e8c37" />
    <UnitTestResult executionId="d50a1ac5-164e-4f6b-aa53-9067203175da" testId="6898eb77-00a1-41ca-9764-85b8d06052a8" testName="TestCompareIntersightObjectOrganization" computerName="sam-tools01" duration="00:00:00.0359794" startTime="2024-09-06T14:13:04.2687852+05:30" endTime="2024-09-06T14:13:04.3049272+05:30" testType="13cdc9d9-ddb5-4fa4-a97d-d965ccfc6d4b" outcome="Passed" testListId="8c84fa94-04c1-424b-9868-57a2d4851a1d" relativeResultsDirectory="d50a1ac5-164e-4f6b-aa53-9067203175da" />
    <UnitTestResult executionId="dce9cbf5-1682-474d-a089-4b1b418dd849" testId="2a0b34ef-e0fc-4e13-a800-668f47521cca" testName="TestCompareListInt" computerName="sam-tools01" duration="00:00:00.0065624" startTime="2024-09-06T14:13:04.5934822+05:30" endTime="2024-09-06T14:13:04.6001991+05:30" testType="13cdc9d9-ddb5-4fa4-a97d-d965ccfc6d4b" outcome="Passed" testListId="8c84fa94-04c1-424b-9868-57a2d4851a1d" relativeResultsDirectory="dce9cbf5-1682-474d-a089-4b1b418dd849" />
    <UnitTestResult executionId="c725fbf2-29f8-416f-8cdb-ce5c11c5656c" testId="219e4c3a-0efb-40da-817d-5f51ff46b0d0" testName="TestCompareListForBootDevice" computerName="sam-tools01" duration="00:00:00.0037000" startTime="2024-09-06T14:13:04.6823578+05:30" endTime="2024-09-06T14:13:04.6861850+05:30" testType="13cdc9d9-ddb5-4fa4-a97d-d965ccfc6d4b" outcome="Passed" testListId="8c84fa94-04c1-424b-9868-57a2d4851a1d" relativeResultsDirectory="c725fbf2-29f8-416f-8cdb-ce5c11c5656c" />
    <UnitTestResult executionId="98ddaa7d-c03f-403d-b68c-3c871d929fe5" testId="aac76441-6347-4d10-b51f-a35ea0d0a1fb" testName="TestCompareListMoref" computerName="sam-tools01" duration="00:00:00.0030347" startTime="2024-09-06T14:13:04.6782811+05:30" endTime="2024-09-06T14:13:04.6814509+05:30" testType="13cdc9d9-ddb5-4fa4-a97d-d965ccfc6d4b" outcome="Passed" testListId="8c84fa94-04c1-424b-9868-57a2d4851a1d" relativeResultsDirectory="98ddaa7d-c03f-403d-b68c-3c871d929fe5" />
    <UnitTestResult executionId="4c3a19a1-f5f9-456c-b73e-e2d6142bf029" testId="ed7fe4f0-2614-4b9c-bccd-81ff5c2d466f" testName="TestCompareDictionary" computerName="sam-tools01" duration="00:00:00.0019306" startTime="2024-09-06T14:13:04.6959074+05:30" endTime="2024-09-06T14:13:04.6979997+05:30" testType="13cdc9d9-ddb5-4fa4-a97d-d965ccfc6d4b" outcome="Passed" testListId="8c84fa94-04c1-424b-9868-57a2d4851a1d" relativeResultsDirectory="4c3a19a1-f5f9-456c-b73e-e2d6142bf029" />
    <UnitTestResult executionId="f646b89f-2f91-4d04-b951-d9b79b22a56b" testId="12fae74e-5cd2-4ec5-abbd-d9489f946f22" testName="TestCompareDictionaryComplexObject" computerName="sam-tools01" duration="00:00:00.1740271" startTime="2024-09-06T14:13:04.6986527+05:30" endTime="2024-09-06T14:13:04.8732105+05:30" testType="13cdc9d9-ddb5-4fa4-a97d-d965ccfc6d4b" outcome="Passed" testListId="8c84fa94-04c1-424b-9868-57a2d4851a1d" relativeResultsDirectory="f646b89f-2f91-4d04-b951-d9b79b22a56b" />
    <UnitTestResult executionId="3386da9b-f089-45f9-bb84-2961854a5f2e" testId="a7339c05-bb5d-4aae-80e7-e12fa8c54707" testName="TestCompareListIntNegative" computerName="sam-tools01" duration="00:00:00.0003610" startTime="2024-09-06T14:13:04.6002546+05:30" endTime="2024-09-06T14:13:04.6007724+05:30" testType="13cdc9d9-ddb5-4fa4-a97d-d965ccfc6d4b" outcome="Passed" testListId="8c84fa94-04c1-424b-9868-57a2d4851a1d" relativeResultsDirectory="3386da9b-f089-45f9-bb84-2961854a5f2e" />
    <UnitTestResult executionId="1f8345e7-de9b-4719-9349-002541540dc8" testId="6a0e53f3-1e86-4272-8d6a-6014cdf7ca18" testName="TestCompareListForBootDeviceNegative2" computerName="sam-tools01" duration="00:00:00.0008238" startTime="2024-09-06T14:13:04.6886282+05:30" endTime="2024-09-06T14:13:04.6896561+05:30" testType="13cdc9d9-ddb5-4fa4-a97d-d965ccfc6d4b" outcome="Passed" testListId="8c84fa94-04c1-424b-9868-57a2d4851a1d" relativeResultsDirectory="1f8345e7-de9b-4719-9349-002541540dc8" />
  </Results>
  <TestDefinitions>
    <UnitTest name="TestCompareListForBootDeviceNegative" storage="/home/jenkins/workspace/release-is-powershell-module/src/github.com/cisco-intersight/powershell-generator-intersight/generated/intersight.powershell_1.0.11.18369/src/intersight.powershelltest/bin/debug/net6.0/intersight.powershelltest.dll" id="43ab458e-563a-43ec-8b4f-48041ebcbc94">
      <Execution id="3d63025c-1b44-477c-abd9-fcc4c8d9f78b" />
      <TestMethod codeBase="/home/jenkins/workspace/Release-IS-Powershell-Module/src/github.com/cisco-intersight/powershell-generator-intersight/generated/Intersight.PowerShell_1.0.11.18369/src/Intersight.PowerShellTest/bin/Debug/net6.0/Intersight.PowerShellTest.dll" adapterTypeName="executor://mstestadapter/v2" className="Intersight.PowerShellTest.PSUtilsTest" name="TestCompareListForBootDeviceNegative" />
    </UnitTest>
    <UnitTest name="TestCompareIntersightObjectOrganization" storage="/home/jenkins/workspace/release-is-powershell-module/src/github.com/cisco-intersight/powershell-generator-intersight/generated/intersight.powershell_1.0.11.18369/src/intersight.powershelltest/bin/debug/net6.0/intersight.powershelltest.dll" id="6898eb77-00a1-41ca-9764-85b8d06052a8">
      <Execution id="d50a1ac5-164e-4f6b-aa53-9067203175da" />
      <TestMethod codeBase="/home/jenkins/workspace/Release-IS-Powershell-Module/src/github.com/cisco-intersight/powershell-generator-intersight/generated/Intersight.PowerShell_1.0.11.18369/src/Intersight.PowerShellTest/bin/Debug/net6.0/Intersight.PowerShellTest.dll" adapterTypeName="executor://mstestadapter/v2" className="Intersight.PowerShellTest.PSUtilsTest" name="TestCompareIntersightObjectOrganization" />
    </UnitTest>
    <UnitTest name="TestCompareListMoref" storage="/home/jenkins/workspace/release-is-powershell-module/src/github.com/cisco-intersight/powershell-generator-intersight/generated/intersight.powershell_1.0.11.18369/src/intersight.powershelltest/bin/debug/net6.0/intersight.powershelltest.dll" id="aac76441-6347-4d10-b51f-a35ea0d0a1fb">
      <Execution id="98ddaa7d-c03f-403d-b68c-3c871d929fe5" />
      <TestMethod codeBase="/home/jenkins/workspace/Release-IS-Powershell-Module/src/github.com/cisco-intersight/powershell-generator-intersight/generated/Intersight.PowerShell_1.0.11.18369/src/Intersight.PowerShellTest/bin/Debug/net6.0/Intersight.PowerShellTest.dll" adapterTypeName="executor://mstestadapter/v2" className="Intersight.PowerShellTest.PSUtilsTest" name="TestCompareListMoref" />
    </UnitTest>
    <UnitTest name="TestCompareListMorefNegative" storage="/home/jenkins/workspace/release-is-powershell-module/src/github.com/cisco-intersight/powershell-generator-intersight/generated/intersight.powershell_1.0.11.18369/src/intersight.powershelltest/bin/debug/net6.0/intersight.powershelltest.dll" id="b456cd7e-ff41-4a5a-87f0-fd4c70caa4c0">
      <Execution id="62c576c5-cb82-42d0-883a-e6d20f951a4e" />
      <TestMethod codeBase="/home/jenkins/workspace/Release-IS-Powershell-Module/src/github.com/cisco-intersight/powershell-generator-intersight/generated/Intersight.PowerShell_1.0.11.18369/src/Intersight.PowerShellTest/bin/Debug/net6.0/Intersight.PowerShellTest.dll" adapterTypeName="executor://mstestadapter/v2" className="Intersight.PowerShellTest.PSUtilsTest" name="TestCompareListMorefNegative" />
    </UnitTest>
    <UnitTest name="TestCompareListStringNegative" storage="/home/jenkins/workspace/release-is-powershell-module/src/github.com/cisco-intersight/powershell-generator-intersight/generated/intersight.powershell_1.0.11.18369/src/intersight.powershelltest/bin/debug/net6.0/intersight.powershelltest.dll" id="dad0d55c-ee5c-4bc1-b5fd-08f37ce59e5f">
      <Execution id="23ccbee5-e28d-445e-94b8-19ce49884bba" />
      <TestMethod codeBase="/home/jenkins/workspace/Release-IS-Powershell-Module/src/github.com/cisco-intersight/powershell-generator-intersight/generated/Intersight.PowerShell_1.0.11.18369/src/Intersight.PowerShellTest/bin/Debug/net6.0/Intersight.PowerShellTest.dll" adapterTypeName="executor://mstestadapter/v2" className="Intersight.PowerShellTest.PSUtilsTest" name="TestCompareListStringNegative" />
    </UnitTest>
    <UnitTest name="TestCompareListString" storage="/home/jenkins/workspace/release-is-powershell-module/src/github.com/cisco-intersight/powershell-generator-intersight/generated/intersight.powershell_1.0.11.18369/src/intersight.powershelltest/bin/debug/net6.0/intersight.powershelltest.dll" id="69f5c6b6-d01b-4137-9fc4-65a18bd69bef">
      <Execution id="945e0d7a-dcfa-454b-b59d-fb3553711e1c" />
      <TestMethod codeBase="/home/jenkins/workspace/Release-IS-Powershell-Module/src/github.com/cisco-intersight/powershell-generator-intersight/generated/Intersight.PowerShell_1.0.11.18369/src/Intersight.PowerShellTest/bin/Debug/net6.0/Intersight.PowerShellTest.dll" adapterTypeName="executor://mstestadapter/v2" className="Intersight.PowerShellTest.PSUtilsTest" name="TestCompareListString" />
    </UnitTest>
    <UnitTest name="TestCompareIntersightObjectOrganizationNegative" storage="/home/jenkins/workspace/release-is-powershell-module/src/github.com/cisco-intersight/powershell-generator-intersight/generated/intersight.powershell_1.0.11.18369/src/intersight.powershelltest/bin/debug/net6.0/intersight.powershelltest.dll" id="57c3890a-0396-4dc6-9291-4c3af31f4c38">
      <Execution id="d61e74cb-d0e0-4004-b519-27e88bc547ff" />
      <TestMethod codeBase="/home/jenkins/workspace/Release-IS-Powershell-Module/src/github.com/cisco-intersight/powershell-generator-intersight/generated/Intersight.PowerShell_1.0.11.18369/src/Intersight.PowerShellTest/bin/Debug/net6.0/Intersight.PowerShellTest.dll" adapterTypeName="executor://mstestadapter/v2" className="Intersight.PowerShellTest.PSUtilsTest" name="TestCompareIntersightObjectOrganizationNegative" />
    </UnitTest>
    <UnitTest name="TestCompareIntersightObjectNtpPolicyNegative" storage="/home/jenkins/workspace/release-is-powershell-module/src/github.com/cisco-intersight/powershell-generator-intersight/generated/intersight.powershell_1.0.11.18369/src/intersight.powershelltest/bin/debug/net6.0/intersight.powershelltest.dll" id="a8934e14-f399-40fc-84f6-8317a76f5486">
      <Execution id="60b9f085-f2f8-4caa-815c-85c6bd220875" />
      <TestMethod codeBase="/home/jenkins/workspace/Release-IS-Powershell-Module/src/github.com/cisco-intersight/powershell-generator-intersight/generated/Intersight.PowerShell_1.0.11.18369/src/Intersight.PowerShellTest/bin/Debug/net6.0/Intersight.PowerShellTest.dll" adapterTypeName="executor://mstestadapter/v2" className="Intersight.PowerShellTest.PSUtilsTest" name="TestCompareIntersightObjectNtpPolicyNegative" />
    </UnitTest>
    <UnitTest name="TestCompareListIntNegative" storage="/home/jenkins/workspace/release-is-powershell-module/src/github.com/cisco-intersight/powershell-generator-intersight/generated/intersight.powershell_1.0.11.18369/src/intersight.powershelltest/bin/debug/net6.0/intersight.powershelltest.dll" id="a7339c05-bb5d-4aae-80e7-e12fa8c54707">
      <Execution id="3386da9b-f089-45f9-bb84-2961854a5f2e" />
      <TestMethod codeBase="/home/jenkins/workspace/Release-IS-Powershell-Module/src/github.com/cisco-intersight/powershell-generator-intersight/generated/Intersight.PowerShell_1.0.11.18369/src/Intersight.PowerShellTest/bin/Debug/net6.0/Intersight.PowerShellTest.dll" adapterTypeName="executor://mstestadapter/v2" className="Intersight.PowerShellTest.PSUtilsTest" name="TestCompareListIntNegative" />
    </UnitTest>
    <UnitTest name="TestCompareDictionary" storage="/home/jenkins/workspace/release-is-powershell-module/src/github.com/cisco-intersight/powershell-generator-intersight/generated/intersight.powershell_1.0.11.18369/src/intersight.powershelltest/bin/debug/net6.0/intersight.powershelltest.dll" id="ed7fe4f0-2614-4b9c-bccd-81ff5c2d466f">
      <Execution id="4c3a19a1-f5f9-456c-b73e-e2d6142bf029" />
      <TestMethod codeBase="/home/jenkins/workspace/Release-IS-Powershell-Module/src/github.com/cisco-intersight/powershell-generator-intersight/generated/Intersight.PowerShell_1.0.11.18369/src/Intersight.PowerShellTest/bin/Debug/net6.0/Intersight.PowerShellTest.dll" adapterTypeName="executor://mstestadapter/v2" className="Intersight.PowerShellTest.PSUtilsTest" name="TestCompareDictionary" />
    </UnitTest>
    <UnitTest name="TestCompareListMoTag" storage="/home/jenkins/workspace/release-is-powershell-module/src/github.com/cisco-intersight/powershell-generator-intersight/generated/intersight.powershell_1.0.11.18369/src/intersight.powershelltest/bin/debug/net6.0/intersight.powershelltest.dll" id="7db27f75-b8eb-4ea2-9090-22724b284f21">
      <Execution id="d885dc83-572a-424a-af2b-77553eca737d" />
      <TestMethod codeBase="/home/jenkins/workspace/Release-IS-Powershell-Module/src/github.com/cisco-intersight/powershell-generator-intersight/generated/Intersight.PowerShell_1.0.11.18369/src/Intersight.PowerShellTest/bin/Debug/net6.0/Intersight.PowerShellTest.dll" adapterTypeName="executor://mstestadapter/v2" className="Intersight.PowerShellTest.PSUtilsTest" name="TestCompareListMoTag" />
    </UnitTest>
    <UnitTest name="TestCompareIntersightObjectBootPrecisionPolicy" storage="/home/jenkins/workspace/release-is-powershell-module/src/github.com/cisco-intersight/powershell-generator-intersight/generated/intersight.powershell_1.0.11.18369/src/intersight.powershelltest/bin/debug/net6.0/intersight.powershelltest.dll" id="71de9d5c-57c0-425e-8d0a-d4ca97cf2759">
      <Execution id="2e940c52-9793-49f8-a251-e9b81d1e8c37" />
      <TestMethod codeBase="/home/jenkins/workspace/Release-IS-Powershell-Module/src/github.com/cisco-intersight/powershell-generator-intersight/generated/Intersight.PowerShell_1.0.11.18369/src/Intersight.PowerShellTest/bin/Debug/net6.0/Intersight.PowerShellTest.dll" adapterTypeName="executor://mstestadapter/v2" className="Intersight.PowerShellTest.PSUtilsTest" name="TestCompareIntersightObjectBootPrecisionPolicy" />
    </UnitTest>
    <UnitTest name="TestCompareListMoTagNegative" storage="/home/jenkins/workspace/release-is-powershell-module/src/github.com/cisco-intersight/powershell-generator-intersight/generated/intersight.powershell_1.0.11.18369/src/intersight.powershelltest/bin/debug/net6.0/intersight.powershelltest.dll" id="0bfe09f6-2b93-4ea7-8ffb-ed8f4288de8d">
      <Execution id="fb49c2ce-5c4e-4006-8720-111d2f03b3ac" />
      <TestMethod codeBase="/home/jenkins/workspace/Release-IS-Powershell-Module/src/github.com/cisco-intersight/powershell-generator-intersight/generated/Intersight.PowerShell_1.0.11.18369/src/Intersight.PowerShellTest/bin/Debug/net6.0/Intersight.PowerShellTest.dll" adapterTypeName="executor://mstestadapter/v2" className="Intersight.PowerShellTest.PSUtilsTest" name="TestCompareListMoTagNegative" />
    </UnitTest>
    <UnitTest name="TestCompareListInt" storage="/home/jenkins/workspace/release-is-powershell-module/src/github.com/cisco-intersight/powershell-generator-intersight/generated/intersight.powershell_1.0.11.18369/src/intersight.powershelltest/bin/debug/net6.0/intersight.powershelltest.dll" id="2a0b34ef-e0fc-4e13-a800-668f47521cca">
      <Execution id="dce9cbf5-1682-474d-a089-4b1b418dd849" />
      <TestMethod codeBase="/home/jenkins/workspace/Release-IS-Powershell-Module/src/github.com/cisco-intersight/powershell-generator-intersight/generated/Intersight.PowerShell_1.0.11.18369/src/Intersight.PowerShellTest/bin/Debug/net6.0/Intersight.PowerShellTest.dll" adapterTypeName="executor://mstestadapter/v2" className="Intersight.PowerShellTest.PSUtilsTest" name="TestCompareListInt" />
    </UnitTest>
    <UnitTest name="TestCompareIntersightObjectNtpPolicy" storage="/home/jenkins/workspace/release-is-powershell-module/src/github.com/cisco-intersight/powershell-generator-intersight/generated/intersight.powershell_1.0.11.18369/src/intersight.powershelltest/bin/debug/net6.0/intersight.powershelltest.dll" id="5e5604bb-d766-4311-96f1-67ce66a3b75d">
      <Execution id="d429bb4b-0971-483c-8528-33fbac52f276" />
      <TestMethod codeBase="/home/jenkins/workspace/Release-IS-Powershell-Module/src/github.com/cisco-intersight/powershell-generator-intersight/generated/Intersight.PowerShell_1.0.11.18369/src/Intersight.PowerShellTest/bin/Debug/net6.0/Intersight.PowerShellTest.dll" adapterTypeName="executor://mstestadapter/v2" className="Intersight.PowerShellTest.PSUtilsTest" name="TestCompareIntersightObjectNtpPolicy" />
    </UnitTest>
    <UnitTest name="TestCompareListBool" storage="/home/jenkins/workspace/release-is-powershell-module/src/github.com/cisco-intersight/powershell-generator-intersight/generated/intersight.powershell_1.0.11.18369/src/intersight.powershelltest/bin/debug/net6.0/intersight.powershelltest.dll" id="9780dfe2-5a41-46cc-bb1e-8c458b9b9de5">
      <Execution id="ab3b8afd-0fee-4e25-8794-be7d5fcfa362" />
      <TestMethod codeBase="/home/jenkins/workspace/Release-IS-Powershell-Module/src/github.com/cisco-intersight/powershell-generator-intersight/generated/Intersight.PowerShell_1.0.11.18369/src/Intersight.PowerShellTest/bin/Debug/net6.0/Intersight.PowerShellTest.dll" adapterTypeName="executor://mstestadapter/v2" className="Intersight.PowerShellTest.PSUtilsTest" name="TestCompareListBool" />
    </UnitTest>
    <UnitTest name="TestCompareListForBootDeviceNegative2" storage="/home/jenkins/workspace/release-is-powershell-module/src/github.com/cisco-intersight/powershell-generator-intersight/generated/intersight.powershell_1.0.11.18369/src/intersight.powershelltest/bin/debug/net6.0/intersight.powershelltest.dll" id="6a0e53f3-1e86-4272-8d6a-6014cdf7ca18">
      <Execution id="1f8345e7-de9b-4719-9349-002541540dc8" />
      <TestMethod codeBase="/home/jenkins/workspace/Release-IS-Powershell-Module/src/github.com/cisco-intersight/powershell-generator-intersight/generated/Intersight.PowerShell_1.0.11.18369/src/Intersight.PowerShellTest/bin/Debug/net6.0/Intersight.PowerShellTest.dll" adapterTypeName="executor://mstestadapter/v2" className="Intersight.PowerShellTest.PSUtilsTest" name="TestCompareListForBootDeviceNegative2" />
    </UnitTest>
    <UnitTest name="TestCompareDictionaryComplexObject" storage="/home/jenkins/workspace/release-is-powershell-module/src/github.com/cisco-intersight/powershell-generator-intersight/generated/intersight.powershell_1.0.11.18369/src/intersight.powershelltest/bin/debug/net6.0/intersight.powershelltest.dll" id="12fae74e-5cd2-4ec5-abbd-d9489f946f22">
      <Execution id="f646b89f-2f91-4d04-b951-d9b79b22a56b" />
      <TestMethod codeBase="/home/jenkins/workspace/Release-IS-Powershell-Module/src/github.com/cisco-intersight/powershell-generator-intersight/generated/Intersight.PowerShell_1.0.11.18369/src/Intersight.PowerShellTest/bin/Debug/net6.0/Intersight.PowerShellTest.dll" adapterTypeName="executor://mstestadapter/v2" className="Intersight.PowerShellTest.PSUtilsTest" name="TestCompareDictionaryComplexObject" />
    </UnitTest>
    <UnitTest name="TestCompareIntersightObjectBootPrecisionPolicyNegative" storage="/home/jenkins/workspace/release-is-powershell-module/src/github.com/cisco-intersight/powershell-generator-intersight/generated/intersight.powershell_1.0.11.18369/src/intersight.powershelltest/bin/debug/net6.0/intersight.powershelltest.dll" id="0fc4ca99-2de7-4a86-9d4b-747db9bf2b23">
      <Execution id="154d0fa9-a148-4053-8a4d-20f646042175" />
      <TestMethod codeBase="/home/jenkins/workspace/Release-IS-Powershell-Module/src/github.com/cisco-intersight/powershell-generator-intersight/generated/Intersight.PowerShell_1.0.11.18369/src/Intersight.PowerShellTest/bin/Debug/net6.0/Intersight.PowerShellTest.dll" adapterTypeName="executor://mstestadapter/v2" className="Intersight.PowerShellTest.PSUtilsTest" name="TestCompareIntersightObjectBootPrecisionPolicyNegative" />
    </UnitTest>
    <UnitTest name="TestCompareDictionaryNegative" storage="/home/jenkins/workspace/release-is-powershell-module/src/github.com/cisco-intersight/powershell-generator-intersight/generated/intersight.powershell_1.0.11.18369/src/intersight.powershelltest/bin/debug/net6.0/intersight.powershelltest.dll" id="bb109aed-b0fd-4a09-a290-bec6198899b3">
      <Execution id="84205d37-2ac6-4a19-802a-286b95f523ae" />
      <TestMethod codeBase="/home/jenkins/workspace/Release-IS-Powershell-Module/src/github.com/cisco-intersight/powershell-generator-intersight/generated/Intersight.PowerShell_1.0.11.18369/src/Intersight.PowerShellTest/bin/Debug/net6.0/Intersight.PowerShellTest.dll" adapterTypeName="executor://mstestadapter/v2" className="Intersight.PowerShellTest.PSUtilsTest" name="TestCompareDictionaryNegative" />
    </UnitTest>
    <UnitTest name="TestCompareListForBootDevice" storage="/home/jenkins/workspace/release-is-powershell-module/src/github.com/cisco-intersight/powershell-generator-intersight/generated/intersight.powershell_1.0.11.18369/src/intersight.powershelltest/bin/debug/net6.0/intersight.powershelltest.dll" id="219e4c3a-0efb-40da-817d-5f51ff46b0d0">
      <Execution id="c725fbf2-29f8-416f-8cdb-ce5c11c5656c" />
      <TestMethod codeBase="/home/jenkins/workspace/Release-IS-Powershell-Module/src/github.com/cisco-intersight/powershell-generator-intersight/generated/Intersight.PowerShell_1.0.11.18369/src/Intersight.PowerShellTest/bin/Debug/net6.0/Intersight.PowerShellTest.dll" adapterTypeName="executor://mstestadapter/v2" className="Intersight.PowerShellTest.PSUtilsTest" name="TestCompareListForBootDevice" />
    </UnitTest>
  </TestDefinitions>
  <TestEntries>
    <TestEntry testId="bb109aed-b0fd-4a09-a290-bec6198899b3" executionId="84205d37-2ac6-4a19-802a-286b95f523ae" testListId="8c84fa94-04c1-424b-9868-57a2d4851a1d" />
    <TestEntry testId="dad0d55c-ee5c-4bc1-b5fd-08f37ce59e5f" executionId="23ccbee5-e28d-445e-94b8-19ce49884bba" testListId="8c84fa94-04c1-424b-9868-57a2d4851a1d" />
    <TestEntry testId="57c3890a-0396-4dc6-9291-4c3af31f4c38" executionId="d61e74cb-d0e0-4004-b519-27e88bc547ff" testListId="8c84fa94-04c1-424b-9868-57a2d4851a1d" />
    <TestEntry testId="69f5c6b6-d01b-4137-9fc4-65a18bd69bef" executionId="945e0d7a-dcfa-454b-b59d-fb3553711e1c" testListId="8c84fa94-04c1-424b-9868-57a2d4851a1d" />
    <TestEntry testId="0bfe09f6-2b93-4ea7-8ffb-ed8f4288de8d" executionId="fb49c2ce-5c4e-4006-8720-111d2f03b3ac" testListId="8c84fa94-04c1-424b-9868-57a2d4851a1d" />
    <TestEntry testId="43ab458e-563a-43ec-8b4f-48041ebcbc94" executionId="3d63025c-1b44-477c-abd9-fcc4c8d9f78b" testListId="8c84fa94-04c1-424b-9868-57a2d4851a1d" />
    <TestEntry testId="b456cd7e-ff41-4a5a-87f0-fd4c70caa4c0" executionId="62c576c5-cb82-42d0-883a-e6d20f951a4e" testListId="8c84fa94-04c1-424b-9868-57a2d4851a1d" />
    <TestEntry testId="a8934e14-f399-40fc-84f6-8317a76f5486" executionId="60b9f085-f2f8-4caa-815c-85c6bd220875" testListId="8c84fa94-04c1-424b-9868-57a2d4851a1d" />
    <TestEntry testId="5e5604bb-d766-4311-96f1-67ce66a3b75d" executionId="d429bb4b-0971-483c-8528-33fbac52f276" testListId="8c84fa94-04c1-424b-9868-57a2d4851a1d" />
    <TestEntry testId="7db27f75-b8eb-4ea2-9090-22724b284f21" executionId="d885dc83-572a-424a-af2b-77553eca737d" testListId="8c84fa94-04c1-424b-9868-57a2d4851a1d" />
    <TestEntry testId="9780dfe2-5a41-46cc-bb1e-8c458b9b9de5" executionId="ab3b8afd-0fee-4e25-8794-be7d5fcfa362" testListId="8c84fa94-04c1-424b-9868-57a2d4851a1d" />
    <TestEntry testId="0fc4ca99-2de7-4a86-9d4b-747db9bf2b23" executionId="154d0fa9-a148-4053-8a4d-20f646042175" testListId="8c84fa94-04c1-424b-9868-57a2d4851a1d" />
    <TestEntry testId="71de9d5c-57c0-425e-8d0a-d4ca97cf2759" executionId="2e940c52-9793-49f8-a251-e9b81d1e8c37" testListId="8c84fa94-04c1-424b-9868-57a2d4851a1d" />
    <TestEntry testId="6898eb77-00a1-41ca-9764-85b8d06052a8" executionId="d50a1ac5-164e-4f6b-aa53-9067203175da" testListId="8c84fa94-04c1-424b-9868-57a2d4851a1d" />
    <TestEntry testId="2a0b34ef-e0fc-4e13-a800-668f47521cca" executionId="dce9cbf5-1682-474d-a089-4b1b418dd849" testListId="8c84fa94-04c1-424b-9868-57a2d4851a1d" />
    <TestEntry testId="219e4c3a-0efb-40da-817d-5f51ff46b0d0" executionId="c725fbf2-29f8-416f-8cdb-ce5c11c5656c" testListId="8c84fa94-04c1-424b-9868-57a2d4851a1d" />
    <TestEntry testId="aac76441-6347-4d10-b51f-a35ea0d0a1fb" executionId="98ddaa7d-c03f-403d-b68c-3c871d929fe5" testListId="8c84fa94-04c1-424b-9868-57a2d4851a1d" />
    <TestEntry testId="ed7fe4f0-2614-4b9c-bccd-81ff5c2d466f" executionId="4c3a19a1-f5f9-456c-b73e-e2d6142bf029" testListId="8c84fa94-04c1-424b-9868-57a2d4851a1d" />
    <TestEntry testId="12fae74e-5cd2-4ec5-abbd-d9489f946f22" executionId="f646b89f-2f91-4d04-b951-d9b79b22a56b" testListId="8c84fa94-04c1-424b-9868-57a2d4851a1d" />
    <TestEntry testId="a7339c05-bb5d-4aae-80e7-e12fa8c54707" executionId="3386da9b-f089-45f9-bb84-2961854a5f2e" testListId="8c84fa94-04c1-424b-9868-57a2d4851a1d" />
    <TestEntry testId="6a0e53f3-1e86-4272-8d6a-6014cdf7ca18" executionId="1f8345e7-de9b-4719-9349-002541540dc8" testListId="8c84fa94-04c1-424b-9868-57a2d4851a1d" />
  </TestEntries>
  <TestLists>
    <TestList name="Results Not in a List" id="8c84fa94-04c1-424b-9868-57a2d4851a1d" />
    <TestList name="All Loaded Results" id="19431567-8539-422a-85d7-44ee4e166bda" />
  </TestLists>
  <ResultSummary outcome="Completed">
    <Counters total="21" executed="21" passed="21" failed="0" error="0" timeout="0" aborted="0" inconclusive="0" passedButRunAborted="0" notRunnable="0" notExecuted="0" disconnected="0" warning="0" completed="0" inProgress="0" pending="0" />
  </ResultSummary>
</TestRun>